Adding credentials for: asia-northeast1-docker.pkg.dev
Docker configuration file updated.
#0 building with "desktop-linux" instance using docker driver

#1 [internal] load build definition from Dockerfile.dashboard
#1 transferring dockerfile: 678B done
#1 DONE 0.0s

#2 [internal] load metadata for docker.io/library/python:3.11-slim
#2 DONE 1.0s

#3 [internal] load .dockerignore
#3 transferring context: 276B done
#3 DONE 0.0s

#4 [1/6] FROM docker.io/library/python:3.11-slim@sha256:e41613d42d4891e4930f79523f93f81bbc7632584ec65e36ab055f41a800b41e
#4 DONE 0.0s

#5 [internal] load build context
#5 transferring context: 3.63kB done
#5 DONE 0.0s

#6 [2/6] WORKDIR /app
#6 CACHED

#7 [3/6] COPY pyproject.toml ./
#7 CACHED

#8 [5/6] RUN pip install --no-cache-dir '.[dashboard]' && useradd --uid 10001 --create-home dashboard
#8 CACHED

#9 [4/6] COPY src ./src
#9 CACHED

#10 [6/6] COPY dashboard.py ./
#10 CACHED

#11 exporting to image
#11 exporting layers done
#11 writing image sha256:e58592c5fd3e19599aa8bb25472fbe51f77a73b4faaafc2a4307350f4b11eace done
#11 naming to asia-northeast1-docker.pkg.dev/trade-analytics-508604/trade-dashboard/dashboard:c684f58436983309e455e789cb62825447d7a47e-b1b20f129537d714 done
#11 DONE 0.0s

View build details: docker-desktop://dashboard/build/desktop-linux/desktop-linux/oz3niskaqvzqwom316cn2yyes
The push refers to repository [asia-northeast1-docker.pkg.dev/trade-analytics-508604/trade-dashboard/dashboard]
4fb00edcbed2: Preparing
d49c5b798dbd: Preparing
b645750c8793: Preparing
02da3412e253: Preparing
89f1104cccda: Preparing
d190d09d7bd9: Preparing
4a01ba3ac604: Preparing
a5c84380b365: Preparing
a6dc765193a5: Preparing
d190d09d7bd9: Waiting
4a01ba3ac604: Waiting
a5c84380b365: Waiting
a6dc765193a5: Waiting
4fb00edcbed2: Pushed
b645750c8793: Pushed
89f1104cccda: Pushed
02da3412e253: Pushed
d190d09d7bd9: Pushed
a5c84380b365: Pushed
4a01ba3ac604: Pushed
a6dc765193a5: Pushed
d49c5b798dbd: Pushed
c684f58436983309e455e789cb62825447d7a47e-b1b20f129537d714: digest: sha256:bf659188d8f1c4a7bc4cf910bb48e1d72db2c43d4a9610e2183846b40d9b2819 size: 2202
Deploying container to Cloud Run service [trade-dashboard] in project [trade-analytics-508604] region [asia-northeast1]
Deploying new service...
Setting IAM Policy...................done
Creating Revision...................................................................................................................................................................................................................................................................................................................done
Routing traffic.....done
Done.
Service [trade-dashboard] revision [trade-dashboard-00001-glf] has been deployed and is serving 100 percent of traffic.
Service URL: https://trade-dashboard-898093147725.asia-northeast1.run.app
Base Git SHA: c684f58436983309e455e789cb62825447d7a47e
Source hash: b1b20f129537d714
Image: asia-northeast1-docker.pkg.dev/trade-analytics-508604/trade-dashboard/dashboard@sha256:bf659188d8f1c4a7bc4cf910bb48e1d72db2c43d4a9610e2183846b40d9b2819
