{"timestamp":"2026-10-02T02:10:01.718670Z","level":"info","event":"::group::Pre Execute","logger":"task","filename":"task_runner.py","lineno":2412}
{"timestamp":"2026-10-02T02:10:01.834739Z","level":"info","event":"DAG bundles loaded: dags-folder, example_dags, apache-airflow-providers-common-sql-example-dags, apache-airflow-providers-standard-example-dags","dag_id":"trade_monthly_pipeline","map_index":-1,"run_id":"scheduled__2026-09-30T16:00:00+00:00","try_number":1,"ti_id":"01a0fa5e-27d5-789d-9dd9-9dbbcbed5366","task_id":"build","logger":"airflow.dag_processing.bundles.manager.DagBundlesManager","filename":"manager.py","lineno":304}
{"timestamp":"2026-10-02T02:10:01.837277Z","level":"info","event":"Filling up the DagBag from /opt/airflow/dags/trade_monthly_pipeline.py","dag_id":"trade_monthly_pipeline","map_index":-1,"run_id":"scheduled__2026-09-30T16:00:00+00:00","try_number":1,"ti_id":"01a0fa5e-27d5-789d-9dd9-9dbbcbed5366","task_id":"build","logger":"airflow.dag_processing.dagbag.BundleDagBag","filename":"dagbag.py","lineno":460}
{"timestamp":"2026-10-02T02:10:01.898087Z","level":"info","event":"Worker startup parse complete","bundle_name":"dags-folder","bundle_version":null,"dag_file":"trade_monthly_pipeline.py","dag_id":"trade_monthly_pipeline","bundle_prepare_ms":6,"dag_file_parse_ms":61,"map_index":-1,"run_id":"scheduled__2026-09-30T16:00:00+00:00","try_number":1,"ti_id":"01a0fa5e-27d5-789d-9dd9-9dbbcbed5366","task_id":"build","logger":"task","filename":"task_runner.py","lineno":1073}
{"timestamp":"2026-10-02T02:10:02.007648Z","level":"info","event":"Task instance is in running state","logger":"task.stdout"}
{"timestamp":"2026-10-02T02:10:02.008453Z","level":"info","event":" Previous state of the Task instance: TaskInstanceState.QUEUED","logger":"task.stdout"}
{"timestamp":"2026-10-02T02:10:02.008844Z","level":"info","event":"Current task name:build","logger":"task.stdout"}
{"timestamp":"2026-10-02T02:10:02.009312Z","level":"info","event":"Dag name:trade_monthly_pipeline","logger":"task.stdout"}
{"timestamp":"2026-10-02T02:10:02.008581Z","level":"info","event":"::endgroup::","dag_id":"trade_monthly_pipeline","map_index":-1,"run_id":"scheduled__2026-09-30T16:00:00+00:00","try_number":1,"ti_id":"01a0fa5e-27d5-789d-9dd9-9dbbcbed5366","task_id":"build","logger":"task","filename":"task_runner.py","lineno":2232}
{"timestamp":"2026-10-02T02:10:02.014518Z","level":"info","event":"{\"step\": \"build\", \"kind\": null, \"period\": \"202607\", \"run_id\": \"monthly-202607-bffcb8391d44228b\"}","logger":"task.stdout"}
{"timestamp":"2026-10-02T02:11:31.576316Z","level":"info","event":"\u001b[0m02:10:10  Running with dbt=1.12.5","logger":"task.stdout"}
{"timestamp":"2026-10-02T02:11:31.582333Z","level":"info","event":"\u001b[0m02:10:16  Registered adapter: bigquery=1.12.1","logger":"task.stdout"}
{"timestamp":"2026-10-02T02:11:31.586111Z","level":"info","event":"\u001b[0m02:10:18  Unable to do partial parsing because config vars, config profile, or config target have changed","logger":"task.stdout"}
{"timestamp":"2026-10-02T02:11:31.587585Z","level":"info","event":"\u001b[0m02:10:29  Found 10 models, 71 data tests, 2 seeds, 3 sources, 563 macros, 5 unit tests","logger":"task.stdout"}
{"timestamp":"2026-10-02T02:11:31.588602Z","level":"info","event":"\u001b[0m02:10:29","logger":"task.stdout"}
{"timestamp":"2026-10-02T02:11:31.589804Z","level":"info","event":"\u001b[0m02:10:29  Concurrency: 4 threads (target='day11')","logger":"task.stdout"}
{"timestamp":"2026-10-02T02:11:31.590834Z","level":"info","event":"\u001b[0m02:10:29","logger":"task.stdout"}
{"timestamp":"2026-10-02T02:11:31.591509Z","level":"info","event":"\u001b[0m02:10:30  1 of 88 START sql table model trade_analytics_day10_dev.dim_months ............. [RUN]","logger":"task.stdout"}
{"timestamp":"2026-10-02T02:11:31.592368Z","level":"info","event":"\u001b[0m02:10:30  2 of 88 START sql view model trade_analytics_day10_dev.stg_un_comtrade__partner_trades  [RUN]","logger":"task.stdout"}
{"timestamp":"2026-10-02T02:11:31.592843Z","level":"info","event":"\u001b[0m02:10:30  3 of 88 START sql view model trade_analytics_day10_dev.stg_un_comtrade__world_totals  [RUN]","logger":"task.stdout"}
{"timestamp":"2026-10-02T02:11:31.594568Z","level":"info","event":"\u001b[0m02:10:30  4 of 88 START seed file trade_analytics_day10_dev.country_reference ............ [RUN]","logger":"task.stdout"}
{"timestamp":"2026-10-02T02:11:31.594919Z","level":"info","event":"\u001b[0m02:10:32  2 of 88 OK created sql view model trade_analytics_day10_dev.stg_un_comtrade__partner_trades  [\u001b[32mCREATE VIEW (0 processed)\u001b[0m in 1.16s]","logger":"task.stdout"}
{"timestamp":"2026-10-02T02:11:31.595256Z","level":"info","event":"\u001b[0m02:10:32  5 of 88 START seed file trade_analytics_day10_dev.hs_code_reference ............ [RUN]","logger":"task.stdout"}
{"timestamp":"2026-10-02T02:11:31.595479Z","level":"info","event":"\u001b[0m02:10:32  3 of 88 OK created sql view model trade_analytics_day10_dev.stg_un_comtrade__world_totals  [\u001b[32mCREATE VIEW (0 processed)\u001b[0m in 1.28s]","logger":"task.stdout"}
{"timestamp":"2026-10-02T02:11:31.595651Z","level":"info","event":"\u001b[0m02:10:32  6 of 88 START test assert_partner_grain_unique ................................. [RUN]","logger":"task.stdout"}
{"timestamp":"2026-10-02T02:11:31.596099Z","level":"info","event":"\u001b[0m02:10:33  1 of 88 OK created sql table model trade_analytics_day10_dev.dim_months ........ [\u001b[32mCREATE TABLE (43.0 rows, 0 processed)\u001b[0m in 2.28s]","logger":"task.stdout"}
{"timestamp":"2026-10-02T02:11:31.596449Z","level":"info","event":"\u001b[0m02:10:33  7 of 88 START test assert_january_2023_exists .................................. [RUN]","logger":"task.stdout"}
{"timestamp":"2026-10-02T02:11:31.596638Z","level":"info","event":"\u001b[0m02:10:33  6 of 88 PASS assert_partner_grain_unique ....................................... [\u001b[32mPASS\u001b[0m in 1.48s]","logger":"task.stdout"}
{"timestamp":"2026-10-02T02:11:31.597695Z","level":"info","event":"\u001b[0m02:10:33  8 of 88 START test assert_staging_contract ..................................... [RUN]","logger":"task.stdout"}
{"timestamp":"2026-10-02T02:11:31.598240Z","level":"info","event":"\u001b[0m02:10:34  7 of 88 PASS assert_january_2023_exists ........................................ [\u001b[32mPASS\u001b[0m in 1.43s]","logger":"task.stdout"}
{"timestamp":"2026-10-02T02:11:31.599726Z","level":"info","event":"\u001b[0m02:10:34  9 of 88 START test assert_staging_matches_raw .................................. [RUN]","logger":"task.stdout"}
{"timestamp":"2026-10-02T02:11:31.600374Z","level":"info","event":"\u001b[0m02:10:35  8 of 88 PASS assert_staging_contract ........................................... [\u001b[32mPASS\u001b[0m in 1.56s]","logger":"task.stdout"}
{"timestamp":"2026-10-02T02:11:31.601083Z","level":"info","event":"\u001b[0m02:10:35  10 of 88 START test assert_world_grain_unique .................................. [RUN]","logger":"task.stdout"}
{"timestamp":"2026-10-02T02:11:31.604305Z","level":"info","event":"\u001b[0m02:10:35  5 of 88 OK loaded seed file trade_analytics_day10_dev.hs_code_reference ........ [\u001b[32mINSERT 1\u001b[0m in 3.62s]","logger":"task.stdout"}
{"timestamp":"2026-10-02T02:11:31.604998Z","level":"info","event":"\u001b[0m02:10:35  11 of 88 START test assert_month_spine_complete ................................ [RUN]","logger":"task.stdout"}
{"timestamp":"2026-10-02T02:11:31.606315Z","level":"info","event":"\u001b[0m02:10:36  4 of 88 OK loaded seed file trade_analytics_day10_dev.country_reference ........ [\u001b[32mINSERT 163\u001b[0m in 5.05s]","logger":"task.stdout"}
{"timestamp":"2026-10-02T02:11:31.607351Z","level":"info","event":"\u001b[0m02:10:36  9 of 88 PASS assert_staging_matches_raw ........................................ [\u001b[32mPASS\u001b[0m in 1.31s]","logger":"task.stdout"}
{"timestamp":"2026-10-02T02:11:31.611387Z","level":"info","event":"\u001b[0m02:10:36  12 of 88 START test not_null_dim_months_month_start_date ....................... [RUN]","logger":"task.stdout"}
{"timestamp":"2026-10-02T02:11:31.612015Z","level":"info","event":"\u001b[0m02:10:36  13 of 88 START test not_null_dim_months_period ................................. [RUN]","logger":"task.stdout"}
{"timestamp":"2026-10-02T02:11:31.616943Z","level":"info","event":"\u001b[0m02:10:36  10 of 88 PASS assert_world_grain_unique ........................................ [\u001b[32mPASS\u001b[0m in 1.15s]","logger":"task.stdout"}
{"timestamp":"2026-10-02T02:11:31.617574Z","level":"info","event":"\u001b[0m02:10:36  14 of 88 START test unique_dim_months_month_start_date ......................... [RUN]","logger":"task.stdout"}
{"timestamp":"2026-10-02T02:11:31.618897Z","level":"info","event":"\u001b[0m02:10:37  12 of 88 PASS not_null_dim_months_month_start_date ............................. [\u001b[32mPASS\u001b[0m in 0.98s]","logger":"task.stdout"}
{"timestamp":"2026-10-02T02:11:31.619900Z","level":"info","event":"\u001b[0m02:10:37  15 of 88 START test unique_dim_months_period ................................... [RUN]","logger":"task.stdout"}
{"timestamp":"2026-10-02T02:11:31.623036Z","level":"info","event":"\u001b[0m02:10:37  11 of 88 PASS assert_month_spine_complete ...................................... [\u001b[32mPASS\u001b[0m in 1.30s]","logger":"task.stdout"}
{"timestamp":"2026-10-02T02:11:31.625983Z","level":"info","event":"\u001b[0m02:10:37  13 of 88 PASS not_null_dim_months_period ....................................... [\u001b[32mPASS\u001b[0m in 1.04s]","logger":"task.stdout"}
{"timestamp":"2026-10-02T02:11:31.626999Z","level":"info","event":"\u001b[0m02:10:37  16 of 88 START test compound_unique_hs_code_reference_hs_version__cmd_code ..... [RUN]","logger":"task.stdout"}
{"timestamp":"2026-10-02T02:11:31.631386Z","level":"info","event":"\u001b[0m02:10:37  17 of 88 START test not_null_hs_code_reference_cmd_code ........................ [RUN]","logger":"task.stdout"}
{"timestamp":"2026-10-02T02:11:31.633245Z","level":"info","event":"\u001b[0m02:10:37  14 of 88 PASS unique_dim_months_month_start_date ............................... [\u001b[32mPASS\u001b[0m in 1.07s]","logger":"task.stdout"}
{"timestamp":"2026-10-02T02:11:31.634853Z","level":"info","event":"\u001b[0m02:10:37  18 of 88 START test not_null_hs_code_reference_code_level ...................... [RUN]","logger":"task.stdout"}
{"timestamp":"2026-10-02T02:11:31.637322Z","level":"info","event":"\u001b[0m02:10:38  17 of 88 PASS not_null_hs_code_reference_cmd_code .............................. [\u001b[32mPASS\u001b[0m in 1.04s]","logger":"task.stdout"}
{"timestamp":"2026-10-02T02:11:31.641253Z","level":"info","event":"\u001b[0m02:10:38  19 of 88 START test not_null_hs_code_reference_hs_description .................. [RUN]","logger":"task.stdout"}
{"timestamp":"2026-10-02T02:11:31.642271Z","level":"info","event":"\u001b[0m02:10:38  16 of 88 PASS compound_unique_hs_code_reference_hs_version__cmd_code ........... [\u001b[32mPASS\u001b[0m in 1.10s]","logger":"task.stdout"}
{"timestamp":"2026-10-02T02:11:31.642873Z","level":"info","event":"\u001b[0m02:10:38  20 of 88 START test not_null_hs_code_reference_hs_version ...................... [RUN]","logger":"task.stdout"}
{"timestamp":"2026-10-02T02:11:31.644856Z","level":"info","event":"\u001b[0m02:10:38  15 of 88 PASS unique_dim_months_period ......................................... [\u001b[32mPASS\u001b[0m in 1.21s]","logger":"task.stdout"}
{"timestamp":"2026-10-02T02:11:31.647882Z","level":"info","event":"\u001b[0m02:10:38  21 of 88 START test not_null_hs_code_reference_parent_code ..................... [RUN]","logger":"task.stdout"}
{"timestamp":"2026-10-02T02:11:31.648702Z","level":"info","event":"\u001b[0m02:10:38  18 of 88 PASS not_null_hs_code_reference_code_level ............................ [\u001b[32mPASS\u001b[0m in 0.92s]","logger":"task.stdout"}
{"timestamp":"2026-10-02T02:11:31.651025Z","level":"info","event":"\u001b[0m02:10:38  22 of 88 START test not_null_hs_code_reference_retrieved_at .................... [RUN]","logger":"task.stdout"}
{"timestamp":"2026-10-02T02:11:31.652942Z","level":"info","event":"\u001b[0m02:10:39  19 of 88 PASS not_null_hs_code_reference_hs_description ........................ [\u001b[32mPASS\u001b[0m in 1.05s]","logger":"task.stdout"}
{"timestamp":"2026-10-02T02:11:31.655555Z","level":"info","event":"\u001b[0m02:10:39  23 of 88 START test not_null_hs_code_reference_source_url ...................... [RUN]","logger":"task.stdout"}
{"timestamp":"2026-10-02T02:11:31.659644Z","level":"info","event":"\u001b[0m02:10:39  21 of 88 PASS not_null_hs_code_reference_parent_code ........................... [\u001b[32mPASS\u001b[0m in 1.03s]","logger":"task.stdout"}
{"timestamp":"2026-10-02T02:11:31.661095Z","level":"info","event":"\u001b[0m02:10:39  24 of 88 START test accepted_values_country_reference_classification_status__verified__needs_review  [RUN]","logger":"task.stdout"}
{"timestamp":"2026-10-02T02:11:31.675656Z","level":"info","event":"\u001b[0m02:10:39  22 of 88 PASS not_null_hs_code_reference_retrieved_at .......................... [\u001b[32mPASS\u001b[0m in 0.92s]","logger":"task.stdout"}
{"timestamp":"2026-10-02T02:11:31.677479Z","level":"info","event":"\u001b[0m02:10:39  20 of 88 PASS not_null_hs_code_reference_hs_version ............................ [\u001b[32mPASS\u001b[0m in 1.20s]","logger":"task.stdout"}
{"timestamp":"2026-10-02T02:11:31.677912Z","level":"info","event":"\u001b[0m02:10:39  25 of 88 START test accepted_values_country_reference_partner_type__country__world__aggregate__special__unknown  [RUN]","logger":"task.stdout"}
{"timestamp":"2026-10-02T02:11:31.678088Z","level":"info","event":"\u001b[0m02:10:39  26 of 88 START test accepted_values_country_reference_reconciliation_role__detail__overlap__world__unresolved  [RUN]","logger":"task.stdout"}
{"timestamp":"2026-10-02T02:11:31.679255Z","level":"info","event":"\u001b[0m02:10:40  23 of 88 PASS not_null_hs_code_reference_source_url ............................ [\u001b[32mPASS\u001b[0m in 0.95s]","logger":"task.stdout"}
{"timestamp":"2026-10-02T02:11:31.679563Z","level":"info","event":"\u001b[0m02:10:40  27 of 88 START test not_null_country_reference_classification_note ............. [RUN]","logger":"task.stdout"}
{"timestamp":"2026-10-02T02:11:31.679701Z","level":"info","event":"\u001b[0m02:10:40  24 of 88 PASS accepted_values_country_reference_classification_status__verified__needs_review  [\u001b[32mPASS\u001b[0m in 1.09s]","logger":"task.stdout"}
{"timestamp":"2026-10-02T02:11:31.680344Z","level":"info","event":"\u001b[0m02:10:40  28 of 88 START test not_null_country_reference_classification_status ........... [RUN]","logger":"task.stdout"}
{"timestamp":"2026-10-02T02:11:31.680663Z","level":"info","event":"\u001b[0m02:10:40  26 of 88 PASS accepted_values_country_reference_reconciliation_role__detail__overlap__world__unresolved  [\u001b[32mPASS\u001b[0m in 1.15s]","logger":"task.stdout"}
{"timestamp":"2026-10-02T02:11:31.681484Z","level":"info","event":"\u001b[0m02:10:40  29 of 88 START test not_null_country_reference_partner_code .................... [RUN]","logger":"task.stdout"}
{"timestamp":"2026-10-02T02:11:31.686580Z","level":"info","event":"\u001b[0m02:10:40  25 of 88 PASS accepted_values_country_reference_partner_type__country__world__aggregate__special__unknown  [\u001b[32mPASS\u001b[0m in 1.22s]","logger":"task.stdout"}
{"timestamp":"2026-10-02T02:11:31.688336Z","level":"info","event":"\u001b[0m02:10:40  30 of 88 START test not_null_country_reference_partner_type .................... [RUN]","logger":"task.stdout"}
{"timestamp":"2026-10-02T02:11:31.691454Z","level":"info","event":"\u001b[0m02:10:41  27 of 88 PASS not_null_country_reference_classification_note ................... [\u001b[32mPASS\u001b[0m in 0.94s]","logger":"task.stdout"}
{"timestamp":"2026-10-02T02:11:31.692251Z","level":"info","event":"\u001b[0m02:10:41  31 of 88 START test not_null_country_reference_reconciliation_role ............. [RUN]","logger":"task.stdout"}
{"timestamp":"2026-10-02T02:11:31.693313Z","level":"info","event":"\u001b[0m02:10:41  28 of 88 PASS not_null_country_reference_classification_status ................. [\u001b[32mPASS\u001b[0m in 0.92s]","logger":"task.stdout"}
{"timestamp":"2026-10-02T02:11:31.694557Z","level":"info","event":"\u001b[0m02:10:41  32 of 88 START test not_null_country_reference_retrieved_at .................... [RUN]","logger":"task.stdout"}
{"timestamp":"2026-10-02T02:11:31.695764Z","level":"info","event":"\u001b[0m02:10:41  29 of 88 PASS not_null_country_reference_partner_code .......................... [\u001b[32mPASS\u001b[0m in 0.93s]","logger":"task.stdout"}
{"timestamp":"2026-10-02T02:11:31.696088Z","level":"info","event":"\u001b[0m02:10:41  30 of 88 PASS not_null_country_reference_partner_type .......................... [\u001b[32mPASS\u001b[0m in 0.87s]","logger":"task.stdout"}
{"timestamp":"2026-10-02T02:11:31.696238Z","level":"info","event":"\u001b[0m02:10:41  33 of 88 START test not_null_country_reference_source_name ..................... [RUN]","logger":"task.stdout"}
{"timestamp":"2026-10-02T02:11:31.696401Z","level":"info","event":"\u001b[0m02:10:41  34 of 88 START test not_null_country_reference_source_url ...................... [RUN]","logger":"task.stdout"}
{"timestamp":"2026-10-02T02:11:31.697278Z","level":"info","event":"\u001b[0m02:10:42  31 of 88 PASS not_null_country_reference_reconciliation_role ................... [\u001b[32mPASS\u001b[0m in 0.89s]","logger":"task.stdout"}
{"timestamp":"2026-10-02T02:11:31.697772Z","level":"info","event":"\u001b[0m02:10:42  35 of 88 START test unique_country_reference_partner_code ...................... [RUN]","logger":"task.stdout"}
{"timestamp":"2026-10-02T02:11:31.701385Z","level":"info","event":"\u001b[0m02:10:42  32 of 88 PASS not_null_country_reference_retrieved_at .......................... [\u001b[32mPASS\u001b[0m in 0.81s]","logger":"task.stdout"}
{"timestamp":"2026-10-02T02:11:31.702260Z","level":"info","event":"\u001b[0m02:10:42  36 of 88 START sql table model trade_analytics_day10_dev.dim_hs_codes .......... [RUN]","logger":"task.stdout"}
{"timestamp":"2026-10-02T02:11:31.576631Z","level":"info","event":"Done. Returned value was: {'period': '202607', 'status': 'success', 'step': 'build', 'vars': {'month_spine_end_date': '2026-07-01', 'month_spine_start_date': '2023-01-01', 'raw_end_date': '2026-08-01', 'raw_start_date': '2023-01-01'}}","dag_id":"trade_monthly_pipeline","map_index":-1,"run_id":"scheduled__2026-09-30T16:00:00+00:00","try_number":1,"ti_id":"01a0fa5e-27d5-789d-9dd9-9dbbcbed5366","task_id":"build","logger":"airflow.task.operators.airflow.providers.standard.decorators.python._PythonDecoratedOperator","filename":"python.py","lineno":233}
{"timestamp":"2026-10-02T02:11:31.580086Z","level":"info","event":"::group::Post Execute","dag_id":"trade_monthly_pipeline","map_index":-1,"run_id":"scheduled__2026-09-30T16:00:00+00:00","try_number":1,"ti_id":"01a0fa5e-27d5-789d-9dd9-9dbbcbed5366","task_id":"build","logger":"task","filename":"task_runner.py","lineno":1580}
{"timestamp":"2026-10-02T02:11:31.583011Z","level":"info","event":"Pushing xcom","ti":"RuntimeTaskInstance(id=UUID('01a0fa5e-27d5-789d-9dd9-9dbbcbed5366'), task_id='build', dag_id='trade_monthly_pipeline', run_id='scheduled__2026-09-30T16:00:00+00:00', try_number=1, dag_version_id=UUID('01a0f333-4328-760c-9190-1fc3326e40a4'), map_index=-1, hostname='afe341678f81', context_carrier={'traceparent': '00-c78d2bd3a1497339d9c241714ae1a7d5-2ab27c7d2e2472d4-00'}, queue='default', task=<Task(_PythonDecoratedOperator): build>, bundle_instance=LocalDagBundle(name=dags-folder), max_tries=0, start_date=datetime.datetime(2026, 10, 2, 2, 10, 1, 786179, tzinfo=datetime.timezone.utc), end_date=None, state=<TaskInstanceState.RUNNING: 'running'>, is_mapped=False, rendered_map_index=None, sentry_integration='sentry_sdk.integrations.celery.CeleryIntegration')","dag_id":"trade_monthly_pipeline","map_index":-1,"run_id":"scheduled__2026-09-30T16:00:00+00:00","try_number":1,"ti_id":"01a0fa5e-27d5-789d-9dd9-9dbbcbed5366","task_id":"build","logger":"task","filename":"task_runner.py","lineno":2280}
{"timestamp":"2026-10-02T02:11:31.893766Z","level":"info","event":"\u001b[0m02:10:42  34 of 88 PASS not_null_country_reference_source_url ............................ [\u001b[32mPASS\u001b[0m in 0.90s]","logger":"task.stdout"}
{"timestamp":"2026-10-02T02:11:31.896301Z","level":"info","event":"\u001b[0m02:10:42  33 of 88 PASS not_null_country_reference_source_name ........................... [\u001b[32mPASS\u001b[0m in 0.96s]","logger":"task.stdout"}
{"timestamp":"2026-10-02T02:11:31.898024Z","level":"info","event":"\u001b[0m02:10:42  35 of 88 PASS unique_country_reference_partner_code ............................ [\u001b[32mPASS\u001b[0m in 0.87s]","logger":"task.stdout"}
{"timestamp":"2026-10-02T02:11:31.899010Z","level":"info","event":"\u001b[0m02:10:42  37 of 88 START sql table model trade_analytics_day10_dev.dim_countries ......... [RUN]","logger":"task.stdout"}
{"timestamp":"2026-10-02T02:11:31.900709Z","level":"info","event":"\u001b[0m02:10:44  36 of 88 OK created sql table model trade_analytics_day10_dev.dim_hs_codes ..... [\u001b[32mCREATE TABLE (1.0 rows, 154.0 Bytes processed)\u001b[0m in 2.00s]","logger":"task.stdout"}
{"timestamp":"2026-10-02T02:11:31.902947Z","level":"info","event":"\u001b[0m02:10:44  38 of 88 START test assert_hs_reference_contract ............................... [RUN]","logger":"task.stdout"}
{"timestamp":"2026-10-02T02:11:31.905070Z","level":"info","event":"\u001b[0m02:10:44  39 of 88 START test compound_unique_dim_hs_codes_hs_version__cmd_code .......... [RUN]","logger":"task.stdout"}
{"timestamp":"2026-10-02T02:11:31.905926Z","level":"info","event":"\u001b[0m02:10:44  40 of 88 START test not_null_dim_hs_codes_cmd_code ............................. [RUN]","logger":"task.stdout"}
{"timestamp":"2026-10-02T02:11:31.907695Z","level":"info","event":"\u001b[0m02:10:44  37 of 88 OK created sql table model trade_analytics_day10_dev.dim_countries .... [\u001b[32mCREATE TABLE (163.0 rows, 86.5 KiB processed)\u001b[0m in 1.73s]","logger":"task.stdout"}
{"timestamp":"2026-10-02T02:11:31.909187Z","level":"info","event":"\u001b[0m02:10:44  41 of 88 START test not_null_dim_hs_codes_code_level ........................... [RUN]","logger":"task.stdout"}
{"timestamp":"2026-10-02T02:11:31.910714Z","level":"info","event":"\u001b[0m02:10:45  39 of 88 PASS compound_unique_dim_hs_codes_hs_version__cmd_code ................ [\u001b[32mPASS\u001b[0m in 1.00s]","logger":"task.stdout"}
{"timestamp":"2026-10-02T02:11:31.912021Z","level":"info","event":"\u001b[0m02:10:45  40 of 88 PASS not_null_dim_hs_codes_cmd_code ................................... [\u001b[32mPASS\u001b[0m in 1.05s]","logger":"task.stdout"}
{"timestamp":"2026-10-02T02:11:31.912989Z","level":"info","event":"\u001b[0m02:10:45  42 of 88 START test not_null_dim_hs_codes_hs_version ........................... [RUN]","logger":"task.stdout"}
{"timestamp":"2026-10-02T02:11:31.914001Z","level":"info","event":"\u001b[0m02:10:45  38 of 88 PASS assert_hs_reference_contract ..................................... [\u001b[32mPASS\u001b[0m in 1.08s]","logger":"task.stdout"}
{"timestamp":"2026-10-02T02:11:31.914903Z","level":"info","event":"\u001b[0m02:10:45  43 of 88 START test accepted_values_dim_countries_classification_status__verified__needs_review  [RUN]","logger":"task.stdout"}
{"timestamp":"2026-10-02T02:11:31.915485Z","level":"info","event":"\u001b[0m02:10:45  44 of 88 START test accepted_values_dim_countries_partner_type__country__world__aggregate__special__unknown  [RUN]","logger":"task.stdout"}
{"timestamp":"2026-10-02T02:11:31.916745Z","level":"info","event":"\u001b[0m02:10:45  41 of 88 PASS not_null_dim_hs_codes_code_level ................................. [\u001b[32mPASS\u001b[0m in 1.04s]","logger":"task.stdout"}
{"timestamp":"2026-10-02T02:11:31.917567Z","level":"info","event":"\u001b[0m02:10:45  45 of 88 START test accepted_values_dim_countries_reconciliation_role__detail__overlap__world__unresolved  [RUN]","logger":"task.stdout"}
{"timestamp":"2026-10-02T02:11:31.919095Z","level":"info","event":"\u001b[0m02:10:46  43 of 88 PASS accepted_values_dim_countries_classification_status__verified__needs_review  [\u001b[32mPASS\u001b[0m in 1.35s]","logger":"task.stdout"}
{"timestamp":"2026-10-02T02:11:31.920136Z","level":"info","event":"\u001b[0m02:10:46  42 of 88 PASS not_null_dim_hs_codes_hs_version ................................. [\u001b[32mPASS\u001b[0m in 1.45s]","logger":"task.stdout"}
{"timestamp":"2026-10-02T02:11:31.927199Z","level":"info","event":"\u001b[0m02:10:46  44 of 88 PASS accepted_values_dim_countries_partner_type__country__world__aggregate__special__unknown  [\u001b[32mPASS\u001b[0m in 1.33s]","logger":"task.stdout"}
{"timestamp":"2026-10-02T02:11:31.929410Z","level":"info","event":"\u001b[0m02:10:46  46 of 88 START test assert_special_partner_contract ............................ [RUN]","logger":"task.stdout"}
{"timestamp":"2026-10-02T02:11:31.930616Z","level":"info","event":"\u001b[0m02:10:46  47 of 88 START test not_null_dim_countries_classification_status ............... [RUN]","logger":"task.stdout"}
{"timestamp":"2026-10-02T02:11:31.931834Z","level":"info","event":"\u001b[0m02:10:46  48 of 88 START test not_null_dim_countries_partner_code ........................ [RUN]","logger":"task.stdout"}
{"timestamp":"2026-10-02T02:11:31.933028Z","level":"info","event":"\u001b[0m02:10:47  45 of 88 PASS accepted_values_dim_countries_reconciliation_role__detail__overlap__world__unresolved  [\u001b[32mPASS\u001b[0m in 1.31s]","logger":"task.stdout"}
{"timestamp":"2026-10-02T02:11:31.935869Z","level":"info","event":"\u001b[0m02:10:47  49 of 88 START test not_null_dim_countries_partner_type ........................ [RUN]","logger":"task.stdout"}
{"timestamp":"2026-10-02T02:11:31.937077Z","level":"info","event":"\u001b[0m02:10:48  46 of 88 PASS assert_special_partner_contract .................................. [\u001b[32mPASS\u001b[0m in 1.48s]","logger":"task.stdout"}
{"timestamp":"2026-10-02T02:11:31.939231Z","level":"info","event":"\u001b[0m02:10:48  50 of 88 START test not_null_dim_countries_reconciliation_role ................. [RUN]","logger":"task.stdout"}
{"timestamp":"2026-10-02T02:11:31.941971Z","level":"info","event":"\u001b[0m02:10:48  49 of 88 PASS not_null_dim_countries_partner_type .............................. [\u001b[32mPASS\u001b[0m in 1.24s]","logger":"task.stdout"}
{"timestamp":"2026-10-02T02:11:31.944644Z","level":"info","event":"\u001b[0m02:10:48  47 of 88 PASS not_null_dim_countries_classification_status ..................... [\u001b[32mPASS\u001b[0m in 1.63s]","logger":"task.stdout"}
{"timestamp":"2026-10-02T02:11:31.946613Z","level":"info","event":"\u001b[0m02:10:48  48 of 88 PASS not_null_dim_countries_partner_code .............................. [\u001b[32mPASS\u001b[0m in 1.69s]","logger":"task.stdout"}
{"timestamp":"2026-10-02T02:11:31.950091Z","level":"info","event":"\u001b[0m02:10:48  51 of 88 START test unique_dim_countries_partner_code .......................... [RUN]","logger":"task.stdout"}
{"timestamp":"2026-10-02T02:11:31.952460Z","level":"info","event":"\u001b[0m02:10:49  51 of 88 PASS unique_dim_countries_partner_code ................................ [\u001b[32mPASS\u001b[0m in 0.96s]","logger":"task.stdout"}
{"timestamp":"2026-10-02T02:11:31.954793Z","level":"info","event":"\u001b[0m02:10:49  50 of 88 PASS not_null_dim_countries_reconciliation_role ....................... [\u001b[32mPASS\u001b[0m in 1.14s]","logger":"task.stdout"}
{"timestamp":"2026-10-02T02:11:31.958390Z","level":"info","event":"\u001b[0m02:10:49  52 of 88 START sql table model trade_analytics_day10_dev.audit_partner_mapping_issues  [RUN]","logger":"task.stdout"}
{"timestamp":"2026-10-02T02:11:31.959817Z","level":"info","event":"\u001b[0m02:10:49  53 of 88 START sql table model trade_analytics_day10_dev.fct_monthly_semiconductor_imports  [RUN]","logger":"task.stdout"}
{"timestamp":"2026-10-02T02:11:31.960684Z","level":"info","event":"\u001b[0m02:10:52  53 of 88 OK created sql table model trade_analytics_day10_dev.fct_monthly_semiconductor_imports  [\u001b[32mCREATE TABLE (2.8k rows, 1011.2 KiB processed)\u001b[0m in 2.58s]","logger":"task.stdout"}
{"timestamp":"2026-10-02T02:11:31.963968Z","level":"info","event":"\u001b[0m02:10:52  52 of 88 OK created sql table model trade_analytics_day10_dev.audit_partner_mapping_issues  [\u001b[32mCREATE TABLE (43.0 rows, 676.0 KiB processed)\u001b[0m in 2.61s]","logger":"task.stdout"}
{"timestamp":"2026-10-02T02:11:31.969385Z","level":"info","event":"\u001b[0m02:10:52  55 of 88 START test accepted_values_fct_monthly_semiconductor_imports_partner_type__country__world__aggregate__special__unknown  [RUN]","logger":"task.stdout"}
{"timestamp":"2026-10-02T02:11:31.971866Z","level":"info","event":"\u001b[0m02:10:52  54 of 88 START test accepted_values_fct_monthly_semiconductor_imports_classification_status__verified__needs_review  [RUN]","logger":"task.stdout"}
{"timestamp":"2026-10-02T02:11:31.979786Z","level":"info","event":"\u001b[0m02:10:52  56 of 88 START test accepted_values_fct_monthly_semiconductor_imports_reconciliation_role__detail__overlap__world__unresolved  [RUN]","logger":"task.stdout"}
{"timestamp":"2026-10-02T02:11:31.982474Z","level":"info","event":"\u001b[0m02:10:52  57 of 88 START test assert_fact_contract ....................................... [RUN]","logger":"task.stdout"}
{"timestamp":"2026-10-02T02:11:32.020104Z","level":"info","event":"\u001b[0m02:10:53  57 of 88 PASS assert_fact_contract ............................................. [\u001b[32mPASS\u001b[0m in 1.40s]","logger":"task.stdout"}
{"timestamp":"2026-10-02T02:11:32.035624Z","level":"info","event":"\u001b[0m02:10:53  58 of 88 START test assert_fact_preserves_staging .............................. [RUN]","logger":"task.stdout"}
{"timestamp":"2026-10-02T02:11:32.164345Z","level":"info","event":"\u001b[0m02:10:53  54 of 88 PASS accepted_values_fct_monthly_semiconductor_imports_classification_status__verified__needs_review  [\u001b[32mPASS\u001b[0m in 1.50s]","logger":"task.stdout"}
{"timestamp":"2026-10-02T02:11:32.200615Z","level":"info","event":"\u001b[0m02:10:53  55 of 88 PASS accepted_values_fct_monthly_semiconductor_imports_partner_type__country__world__aggregate__special__unknown  [\u001b[32mPASS\u001b[0m in 1.58s]","logger":"task.stdout"}
{"timestamp":"2026-10-02T02:11:32.203412Z","level":"info","event":"\u001b[0m02:10:53  59 of 88 START test compound_unique_fct_monthly_semiconductor_imports_period_start_date__partner_code__cmd_code__hs_version  [RUN]","logger":"task.stdout"}
{"timestamp":"2026-10-02T02:11:32.207616Z","level":"info","event":"\u001b[0m02:10:54  60 of 88 START test not_null_fct_monthly_semiconductor_imports_cmd_code ........ [RUN]","logger":"task.stdout"}
{"timestamp":"2026-10-02T02:11:32.210651Z","level":"info","event":"\u001b[0m02:10:54  56 of 88 PASS accepted_values_fct_monthly_semiconductor_imports_reconciliation_role__detail__overlap__world__unresolved  [\u001b[32mPASS\u001b[0m in 2.25s]","logger":"task.stdout"}
{"timestamp":"2026-10-02T02:11:32.215413Z","level":"info","event":"\u001b[0m02:10:54  61 of 88 START test not_null_fct_monthly_semiconductor_imports_country_mapping_found  [RUN]","logger":"task.stdout"}
{"timestamp":"2026-10-02T02:11:32.216364Z","level":"info","event":"\u001b[0m02:10:55  59 of 88 PASS compound_unique_fct_monthly_semiconductor_imports_period_start_date__partner_code__cmd_code__hs_version  [\u001b[32mPASS\u001b[0m in 1.97s]","logger":"task.stdout"}
{"timestamp":"2026-10-02T02:11:32.217307Z","level":"info","event":"\u001b[0m02:10:56  60 of 88 PASS not_null_fct_monthly_semiconductor_imports_cmd_code .............. [\u001b[32mPASS\u001b[0m in 1.91s]","logger":"task.stdout"}
{"timestamp":"2026-10-02T02:11:32.218959Z","level":"info","event":"\u001b[0m02:10:56  62 of 88 START test not_null_fct_monthly_semiconductor_imports_hs_mapping_found  [RUN]","logger":"task.stdout"}
{"timestamp":"2026-10-02T02:11:32.224402Z","level":"info","event":"\u001b[0m02:10:56  63 of 88 START test not_null_fct_monthly_semiconductor_imports_hs_version ...... [RUN]","logger":"task.stdout"}
{"timestamp":"2026-10-02T02:11:32.225942Z","level":"info","event":"\u001b[0m02:10:56  61 of 88 PASS not_null_fct_monthly_semiconductor_imports_country_mapping_found . [\u001b[32mPASS\u001b[0m in 1.48s]","logger":"task.stdout"}
{"timestamp":"2026-10-02T02:11:32.228381Z","level":"info","event":"\u001b[0m02:10:56  64 of 88 START test not_null_fct_monthly_semiconductor_imports_month_mapping_found  [RUN]","logger":"task.stdout"}
{"timestamp":"2026-10-02T02:11:32.231223Z","level":"info","event":"\u001b[0m02:10:56  58 of 88 PASS assert_fact_preserves_staging .................................... [\u001b[32mPASS\u001b[0m in 2.46s]","logger":"task.stdout"}
{"timestamp":"2026-10-02T02:11:32.233309Z","level":"info","event":"\u001b[0m02:10:56  65 of 88 START test not_null_fct_monthly_semiconductor_imports_partner_code .... [RUN]","logger":"task.stdout"}
{"timestamp":"2026-10-02T02:11:32.236427Z","level":"info","event":"\u001b[0m02:10:58  64 of 88 PASS not_null_fct_monthly_semiconductor_imports_month_mapping_found ... [\u001b[32mPASS\u001b[0m in 1.63s]","logger":"task.stdout"}
{"timestamp":"2026-10-02T02:11:32.239143Z","level":"info","event":"\u001b[0m02:10:58  66 of 88 START test not_null_fct_monthly_semiconductor_imports_period_start_date  [RUN]","logger":"task.stdout"}
{"timestamp":"2026-10-02T02:11:32.240407Z","level":"info","event":"\u001b[0m02:10:58  62 of 88 PASS not_null_fct_monthly_semiconductor_imports_hs_mapping_found ...... [\u001b[32mPASS\u001b[0m in 1.94s]","logger":"task.stdout"}
{"timestamp":"2026-10-02T02:11:32.243356Z","level":"info","event":"\u001b[0m02:10:58  63 of 88 PASS not_null_fct_monthly_semiconductor_imports_hs_version ............ [\u001b[32mPASS\u001b[0m in 1.96s]","logger":"task.stdout"}
{"timestamp":"2026-10-02T02:11:32.245592Z","level":"info","event":"\u001b[0m02:10:58  65 of 88 PASS not_null_fct_monthly_semiconductor_imports_partner_code .......... [\u001b[32mPASS\u001b[0m in 1.61s]","logger":"task.stdout"}
{"timestamp":"2026-10-02T02:11:32.248554Z","level":"info","event":"\u001b[0m02:10:58  67 of 88 START test assert_missing_country_audited ............................. [RUN]","logger":"task.stdout"}
{"timestamp":"2026-10-02T02:11:32.254226Z","level":"info","event":"\u001b[0m02:10:58  68 of 88 START test not_null_audit_partner_mapping_issues_issue_type ........... [RUN]","logger":"task.stdout"}
{"timestamp":"2026-10-02T02:11:32.257352Z","level":"info","event":"\u001b[0m02:10:58  69 of 88 START test not_null_audit_partner_mapping_issues_observed_at .......... [RUN]","logger":"task.stdout"}
{"timestamp":"2026-10-02T02:11:32.259737Z","level":"info","event":"\u001b[0m02:10:59  66 of 88 PASS not_null_fct_monthly_semiconductor_imports_period_start_date ..... [\u001b[32mPASS\u001b[0m in 1.41s]","logger":"task.stdout"}
{"timestamp":"2026-10-02T02:11:32.265839Z","level":"info","event":"\u001b[0m02:10:59  70 of 88 START test not_null_audit_partner_mapping_issues_partner_code ......... [RUN]","logger":"task.stdout"}
{"timestamp":"2026-10-02T02:11:32.339609Z","level":"info","event":"\u001b[0m02:10:59  69 of 88 PASS not_null_audit_partner_mapping_issues_observed_at ................ [\u001b[32mPASS\u001b[0m in 1.33s]","logger":"task.stdout"}
{"timestamp":"2026-10-02T02:11:32.343177Z","level":"info","event":"\u001b[0m02:10:59  71 of 88 START unit_test int_partner_market_share::day09_calendar_growth_and_weights  [RUN]","logger":"task.stdout"}
{"timestamp":"2026-10-02T02:11:32.346400Z","level":"info","event":"\u001b[0m02:10:59  68 of 88 PASS not_null_audit_partner_mapping_issues_issue_type ................. [\u001b[32mPASS\u001b[0m in 1.42s]","logger":"task.stdout"}
{"timestamp":"2026-10-02T02:11:32.351370Z","level":"info","event":"\u001b[0m02:11:00  70 of 88 PASS not_null_audit_partner_mapping_issues_partner_code ............... [\u001b[32mPASS\u001b[0m in 1.48s]","logger":"task.stdout"}
{"timestamp":"2026-10-02T02:11:32.355457Z","level":"info","event":"\u001b[0m02:11:01  67 of 88 PASS assert_missing_country_audited ................................... [\u001b[32mPASS\u001b[0m in 2.95s]","logger":"task.stdout"}
{"timestamp":"2026-10-02T02:11:32.357436Z","level":"info","event":"\u001b[0m02:11:03  71 of 88 PASS int_partner_market_share::day09_calendar_growth_and_weights ...... [\u001b[32mPASS\u001b[0m in 4.31s]","logger":"task.stdout"}
{"timestamp":"2026-10-02T02:11:32.360327Z","level":"info","event":"\u001b[0m02:11:04  72 of 88 START unit_test int_partner_market_share::day09_invalid_denominators_and_zero_current  [RUN]","logger":"task.stdout"}
{"timestamp":"2026-10-02T02:11:32.362426Z","level":"info","event":"\u001b[0m02:11:07  72 of 88 PASS int_partner_market_share::day09_invalid_denominators_and_zero_current  [\u001b[32mPASS\u001b[0m in 3.37s]","logger":"task.stdout"}
{"timestamp":"2026-10-02T02:11:32.366480Z","level":"info","event":"\u001b[0m02:11:07  73 of 88 START unit_test int_partner_market_share::day09_partner_and_version_isolation  [RUN]","logger":"task.stdout"}
{"timestamp":"2026-10-02T02:11:32.368318Z","level":"info","event":"\u001b[0m02:11:10  73 of 88 PASS int_partner_market_share::day09_partner_and_version_isolation .... [\u001b[32mPASS\u001b[0m in 2.76s]","logger":"task.stdout"}
{"timestamp":"2026-10-02T02:11:32.372296Z","level":"info","event":"\u001b[0m02:11:10  74 of 88 START sql view model trade_analytics_day10_dev.int_partner_market_share  [RUN]","logger":"task.stdout"}
{"timestamp":"2026-10-02T02:11:32.375327Z","level":"info","event":"\u001b[0m02:11:11  74 of 88 OK created sql view model trade_analytics_day10_dev.int_partner_market_share  [\u001b[32mCREATE VIEW (0 processed)\u001b[0m in 1.16s]","logger":"task.stdout"}
{"timestamp":"2026-10-02T02:11:32.376050Z","level":"info","event":"\u001b[0m02:11:11  75 of 88 START test accepted_values_int_partner_market_share_market_share_status__ok__missing_world__invalid_world__missing_value  [RUN]","logger":"task.stdout"}
{"timestamp":"2026-10-02T02:11:32.377226Z","level":"info","event":"\u001b[0m02:11:11  76 of 88 START test compound_unique_int_partner_market_share_period_start_date__partner_code__cmd_code__hs_version  [RUN]","logger":"task.stdout"}
{"timestamp":"2026-10-02T02:11:32.378382Z","level":"info","event":"\u001b[0m02:11:11  77 of 88 START test not_null_int_partner_market_share_market_share_status ...... [RUN]","logger":"task.stdout"}
{"timestamp":"2026-10-02T02:11:32.380424Z","level":"info","event":"\u001b[0m02:11:12  77 of 88 PASS not_null_int_partner_market_share_market_share_status ............ [\u001b[32mPASS\u001b[0m in 1.44s]","logger":"task.stdout"}
{"timestamp":"2026-10-02T02:11:32.381323Z","level":"info","event":"\u001b[0m02:11:12  75 of 88 PASS accepted_values_int_partner_market_share_market_share_status__ok__missing_world__invalid_world__missing_value  [\u001b[32mPASS\u001b[0m in 1.48s]","logger":"task.stdout"}
{"timestamp":"2026-10-02T02:11:32.384021Z","level":"info","event":"\u001b[0m02:11:12  76 of 88 PASS compound_unique_int_partner_market_share_period_start_date__partner_code__cmd_code__hs_version  [\u001b[32mPASS\u001b[0m in 1.53s]","logger":"task.stdout"}
{"timestamp":"2026-10-02T02:11:32.384846Z","level":"info","event":"\u001b[0m02:11:12  78 of 88 START unit_test int_market_concentration_hhi::day09_hhi_unreviewed_country  [RUN]","logger":"task.stdout"}
{"timestamp":"2026-10-02T02:11:32.385893Z","level":"info","event":"\u001b[0m02:11:15  78 of 88 PASS int_market_concentration_hhi::day09_hhi_unreviewed_country ....... [\u001b[32mPASS\u001b[0m in 2.85s]","logger":"task.stdout"}
{"timestamp":"2026-10-02T02:11:32.386786Z","level":"info","event":"\u001b[0m02:11:15  79 of 88 START unit_test int_market_concentration_hhi::day09_hhi_hand_calculations_and_coverage  [RUN]","logger":"task.stdout"}
{"timestamp":"2026-10-02T02:11:32.388718Z","level":"info","event":"\u001b[0m02:11:19  79 of 88 PASS int_market_concentration_hhi::day09_hhi_hand_calculations_and_coverage  [\u001b[32mPASS\u001b[0m in 3.50s]","logger":"task.stdout"}
{"timestamp":"2026-10-02T02:11:32.389446Z","level":"info","event":"\u001b[0m02:11:19  80 of 88 START sql view model trade_analytics_day10_dev.int_market_concentration_hhi  [RUN]","logger":"task.stdout"}
{"timestamp":"2026-10-02T02:11:32.390784Z","level":"info","event":"\u001b[0m02:11:20  80 of 88 OK created sql view model trade_analytics_day10_dev.int_market_concentration_hhi  [\u001b[32mCREATE VIEW (0 processed)\u001b[0m in 1.20s]","logger":"task.stdout"}
{"timestamp":"2026-10-02T02:11:32.392543Z","level":"info","event":"\u001b[0m02:11:20  81 of 88 START test accepted_values_int_market_concentration_hhi_hhi_status__ok__missing_world__invalid_world__no_countries__missing_country_value__negative_country_value__unreviewed_country__insufficient_coverage  [RUN]","logger":"task.stdout"}
{"timestamp":"2026-10-02T02:11:32.395340Z","level":"info","event":"\u001b[0m02:11:20  82 of 88 START test compound_unique_int_market_concentration_hhi_period_start_date__cmd_code__hs_version  [RUN]","logger":"task.stdout"}
{"timestamp":"2026-10-02T02:11:32.396674Z","level":"info","event":"\u001b[0m02:11:20  83 of 88 START test not_null_int_market_concentration_hhi_hhi_status ........... [RUN]","logger":"task.stdout"}
{"timestamp":"2026-10-02T02:11:32.397433Z","level":"info","event":"\u001b[0m02:11:21  83 of 88 PASS not_null_int_market_concentration_hhi_hhi_status ................. [\u001b[32mPASS\u001b[0m in 1.36s]","logger":"task.stdout"}
{"timestamp":"2026-10-02T02:11:32.398344Z","level":"info","event":"\u001b[0m02:11:21  82 of 88 PASS compound_unique_int_market_concentration_hhi_period_start_date__cmd_code__hs_version  [\u001b[32mPASS\u001b[0m in 1.39s]","logger":"task.stdout"}
{"timestamp":"2026-10-02T02:11:32.398706Z","level":"info","event":"\u001b[0m02:11:21  81 of 88 PASS accepted_values_int_market_concentration_hhi_hhi_status__ok__missing_world__invalid_world__no_countries__missing_country_value__negative_country_value__unreviewed_country__insufficient_coverage  [\u001b[32mPASS\u001b[0m in 1.44s]","logger":"task.stdout"}
{"timestamp":"2026-10-02T02:11:32.399103Z","level":"info","event":"\u001b[0m02:11:21  84 of 88 START sql table model trade_analytics_day10_dev.mart_us_semiconductor_supply_chain_candidate  [RUN]","logger":"task.stdout"}
{"timestamp":"2026-10-02T02:11:32.400036Z","level":"info","event":"\u001b[0m02:11:24  84 of 88 OK created sql table model trade_analytics_day10_dev.mart_us_semiconductor_supply_chain_candidate  [\u001b[32mCREATE TABLE (2.8k rows, 1.2 MiB processed)\u001b[0m in 2.49s]","logger":"task.stdout"}
{"timestamp":"2026-10-02T02:11:32.400788Z","level":"info","event":"\u001b[0m02:11:24  85 of 88 START test assert_day09_candidate_preserves_fact ...................... [RUN]","logger":"task.stdout"}
{"timestamp":"2026-10-02T02:11:32.401529Z","level":"info","event":"\u001b[0m02:11:24  86 of 88 START test assert_day09_metric_contract ............................... [RUN]","logger":"task.stdout"}
{"timestamp":"2026-10-02T02:11:32.401976Z","level":"info","event":"\u001b[0m02:11:24  87 of 88 START test compound_unique_mart_us_semiconductor_supply_chain_candidate_period_start_date__partner_code__cmd_code__hs_version  [RUN]","logger":"task.stdout"}
{"timestamp":"2026-10-02T02:11:32.402448Z","level":"info","event":"\u001b[0m02:11:24  88 of 88 START test not_null_mart_us_semiconductor_supply_chain_candidate_hhi_status  [RUN]","logger":"task.stdout"}
{"timestamp":"2026-10-02T02:11:32.403004Z","level":"info","event":"\u001b[0m02:11:25  87 of 88 PASS compound_unique_mart_us_semiconductor_supply_chain_candidate_period_start_date__partner_code__cmd_code__hs_version  [\u001b[32mPASS\u001b[0m in 0.95s]","logger":"task.stdout"}
{"timestamp":"2026-10-02T02:11:32.403210Z","level":"info","event":"\u001b[0m02:11:25  88 of 88 PASS not_null_mart_us_semiconductor_supply_chain_candidate_hhi_status . [\u001b[32mPASS\u001b[0m in 1.01s]","logger":"task.stdout"}
{"timestamp":"2026-10-02T02:11:32.403533Z","level":"info","event":"\u001b[0m02:11:25  85 of 88 PASS assert_day09_candidate_preserves_fact ............................ [\u001b[32mPASS\u001b[0m in 1.02s]","logger":"task.stdout"}
{"timestamp":"2026-10-02T02:11:32.404284Z","level":"info","event":"\u001b[0m02:11:25  86 of 88 PASS assert_day09_metric_contract ..................................... [\u001b[32mPASS\u001b[0m in 1.03s]","logger":"task.stdout"}
{"timestamp":"2026-10-02T02:11:32.405085Z","level":"info","event":"\u001b[0m02:11:25","logger":"task.stdout"}
{"timestamp":"2026-10-02T02:11:32.409322Z","level":"info","event":"\u001b[0m02:11:25  Finished running 2 seeds, 6 table models, 71 data tests, 5 unit tests, 4 view models in 0 hours 0 minutes and 55.80 seconds (55.80s).","logger":"task.stdout"}
{"timestamp":"2026-10-02T02:11:32.410339Z","level":"info","event":"\u001b[0m02:11:26","logger":"task.stdout"}
{"timestamp":"2026-10-02T02:11:32.411293Z","level":"info","event":"\u001b[0m02:11:26  \u001b[32mCompleted successfully\u001b[0m","logger":"task.stdout"}
{"timestamp":"2026-10-02T02:11:32.412071Z","level":"info","event":"\u001b[0m02:11:26","logger":"task.stdout"}
{"timestamp":"2026-10-02T02:11:32.412702Z","level":"info","event":"\u001b[0m02:11:26  Done. PASS=88 WARN=0 ERROR=0 SKIP=0 NO-OP=0 REUSED=0 TOTAL=88","logger":"task.stdout"}
{"timestamp":"2026-10-02T02:11:32.413360Z","level":"info","event":"{\"period\": \"202607\", \"status\": \"success\", \"step\": \"build\", \"vars\": {\"month_spine_end_date\": \"2026-07-01\", \"month_spine_start_date\": \"2023-01-01\", \"raw_end_date\": \"2026-08-01\", \"raw_start_date\": \"2023-01-01\"}}","logger":"task.stdout"}
{"timestamp":"2026-10-02T02:11:32.414546Z","level":"info","event":"","logger":"task.stdout"}
{"timestamp":"2026-10-02T02:11:32.658333Z","level":"info","event":"Task instance in success state","logger":"task.stdout"}
{"timestamp":"2026-10-02T02:11:32.661885Z","level":"info","event":" Previous state of the Task instance: TaskInstanceState.RUNNING","logger":"task.stdout"}
{"timestamp":"2026-10-02T02:11:32.665958Z","level":"info","event":"Task operator:<Task(_PythonDecoratedOperator): build>","logger":"task.stdout"}
{"timestamp":"2026-10-02T02:11:32.667313Z","level":"info","event":"::endgroup::","dag_id":"trade_monthly_pipeline","map_index":-1,"run_id":"scheduled__2026-09-30T16:00:00+00:00","try_number":1,"ti_id":"01a0fa5e-27d5-789d-9dd9-9dbbcbed5366","task_id":"build","logger":"task","filename":"task_runner.py","lineno":2379}
