[0m07:52:16  Running with dbt=1.12.5
[0m07:52:16  Registered adapter: bigquery=1.12.1
[0m07:52:17  Unable to do partial parsing because config vars, config profile, or config target have changed
[0m07:52:17  Unable to do partial parsing because profile has changed
[0m07:52:18  Found 7 models, 61 data tests, 2 seeds, 2 sources, 563 macros
[0m07:52:18  
[0m07:52:18  Concurrency: 4 threads (target='fixture')
[0m07:52:18  
[0m07:52:19  1 of 70 START sql table model trade_analytics_day08_fixture.dim_months ......... [RUN]
[0m07:52:19  2 of 70 START sql view model trade_analytics_day08_fixture.stg_un_comtrade__partner_trades  [RUN]
[0m07:52:19  3 of 70 START sql view model trade_analytics_day08_fixture.stg_un_comtrade__world_totals  [RUN]
[0m07:52:19  4 of 70 START seed file trade_analytics_day08_fixture.country_reference ........ [RUN]
[0m07:52:20  3 of 70 OK created sql view model trade_analytics_day08_fixture.stg_un_comtrade__world_totals  [[32mCREATE VIEW (0 processed)[0m in 0.86s]
[0m07:52:20  2 of 70 OK created sql view model trade_analytics_day08_fixture.stg_un_comtrade__partner_trades  [[32mCREATE VIEW (0 processed)[0m in 0.86s]
[0m07:52:20  5 of 70 START seed file trade_analytics_day08_fixture.hs_code_reference ........ [RUN]
[0m07:52:20  6 of 70 START test assert_world_grain_unique ................................... [RUN]
[0m07:52:21  6 of 70 PASS assert_world_grain_unique ......................................... [[32mPASS[0m in 0.98s]
[0m07:52:21  7 of 70 START test assert_january_2023_exists .................................. [RUN]
[0m07:52:21  1 of 70 OK created sql table model trade_analytics_day08_fixture.dim_months .... [[32mCREATE TABLE (24.0 rows, 0 processed)[0m in 1.89s]
[0m07:52:21  8 of 70 START test assert_partner_grain_unique ................................. [RUN]
[0m07:52:22  7 of 70 PASS assert_january_2023_exists ........................................ [[32mPASS[0m in 1.01s]
[0m07:52:22  9 of 70 START test assert_staging_contract ..................................... [RUN]
[0m07:52:22  8 of 70 PASS assert_partner_grain_unique ....................................... [[32mPASS[0m in 0.98s]
[0m07:52:22  10 of 70 START test assert_staging_matches_raw ................................. [RUN]
[0m07:52:22  4 of 70 OK loaded seed file trade_analytics_day08_fixture.country_reference .... [[32mINSERT 69[0m in 3.46s]
[0m07:52:22  11 of 70 START test assert_month_spine_complete ................................ [RUN]
[0m07:52:23  5 of 70 OK loaded seed file trade_analytics_day08_fixture.hs_code_reference .... [[32mINSERT 1[0m in 2.90s]
[0m07:52:23  12 of 70 START test not_null_dim_months_month_start_date ....................... [RUN]
[0m07:52:23  9 of 70 PASS assert_staging_contract ........................................... [[32mPASS[0m in 1.00s]
[0m07:52:23  13 of 70 START test not_null_dim_months_period ................................. [RUN]
[0m07:52:23  10 of 70 PASS assert_staging_matches_raw ....................................... [[32mPASS[0m in 1.01s]
[0m07:52:23  14 of 70 START test unique_dim_months_month_start_date ......................... [RUN]
[0m07:52:23  11 of 70 PASS assert_month_spine_complete ...................................... [[32mPASS[0m in 0.85s]
[0m07:52:23  15 of 70 START test unique_dim_months_period ................................... [RUN]
[0m07:52:23  12 of 70 PASS not_null_dim_months_month_start_date ............................. [[32mPASS[0m in 0.67s]
[0m07:52:23  16 of 70 START test accepted_values_country_reference_classification_status__verified__needs_review  [RUN]
[0m07:52:23  13 of 70 PASS not_null_dim_months_period ....................................... [[32mPASS[0m in 0.67s]
[0m07:52:23  17 of 70 START test accepted_values_country_reference_partner_type__country__world__aggregate__special__unknown  [RUN]
[0m07:52:23  14 of 70 PASS unique_dim_months_month_start_date ............................... [[32mPASS[0m in 0.67s]
[0m07:52:23  18 of 70 START test accepted_values_country_reference_reconciliation_role__detail__overlap__world__unresolved  [RUN]
[0m07:52:24  15 of 70 PASS unique_dim_months_period ......................................... [[32mPASS[0m in 0.69s]
[0m07:52:24  19 of 70 START test not_null_country_reference_classification_note ............. [RUN]
[0m07:52:24  17 of 70 PASS accepted_values_country_reference_partner_type__country__world__aggregate__special__unknown  [[32mPASS[0m in 0.70s]
[0m07:52:24  20 of 70 START test not_null_country_reference_classification_status ........... [RUN]
[0m07:52:24  16 of 70 PASS accepted_values_country_reference_classification_status__verified__needs_review  [[32mPASS[0m in 0.80s]
[0m07:52:24  21 of 70 START test not_null_country_reference_partner_code .................... [RUN]
[0m07:52:24  18 of 70 PASS accepted_values_country_reference_reconciliation_role__detail__overlap__world__unresolved  [[32mPASS[0m in 0.72s]
[0m07:52:24  22 of 70 START test not_null_country_reference_partner_type .................... [RUN]
[0m07:52:24  19 of 70 PASS not_null_country_reference_classification_note ................... [[32mPASS[0m in 0.70s]
[0m07:52:25  23 of 70 START test not_null_country_reference_reconciliation_role ............. [RUN]
[0m07:52:25  20 of 70 PASS not_null_country_reference_classification_status ................. [[32mPASS[0m in 0.70s]
[0m07:52:25  24 of 70 START test not_null_country_reference_retrieved_at .................... [RUN]
[0m07:52:25  21 of 70 PASS not_null_country_reference_partner_code .......................... [[32mPASS[0m in 0.72s]
[0m07:52:25  25 of 70 START test not_null_country_reference_source_name ..................... [RUN]
[0m07:52:25  22 of 70 PASS not_null_country_reference_partner_type .......................... [[32mPASS[0m in 0.72s]
[0m07:52:25  26 of 70 START test not_null_country_reference_source_url ...................... [RUN]
[0m07:52:25  23 of 70 PASS not_null_country_reference_reconciliation_role ................... [[32mPASS[0m in 0.69s]
[0m07:52:25  27 of 70 START test unique_country_reference_partner_code ...................... [RUN]
[0m07:52:25  26 of 70 PASS not_null_country_reference_source_url ............................ [[32mPASS[0m in 0.65s]
[0m07:52:25  28 of 70 START test compound_unique_hs_code_reference_hs_version__cmd_code ..... [RUN]
[0m07:52:25  25 of 70 PASS not_null_country_reference_source_name ........................... [[32mPASS[0m in 0.72s]
[0m07:52:25  29 of 70 START test not_null_hs_code_reference_cmd_code ........................ [RUN]
[0m07:52:26  24 of 70 PASS not_null_country_reference_retrieved_at .......................... [[32mPASS[0m in 0.83s]
[0m07:52:26  30 of 70 START test not_null_hs_code_reference_code_level ...................... [RUN]
[0m07:52:26  27 of 70 PASS unique_country_reference_partner_code ............................ [[32mPASS[0m in 0.64s]
[0m07:52:26  31 of 70 START test not_null_hs_code_reference_hs_description .................. [RUN]
[0m07:52:26  28 of 70 PASS compound_unique_hs_code_reference_hs_version__cmd_code ........... [[32mPASS[0m in 0.72s]
[0m07:52:26  32 of 70 START test not_null_hs_code_reference_hs_version ...................... [RUN]
[0m07:52:26  29 of 70 PASS not_null_hs_code_reference_cmd_code .............................. [[32mPASS[0m in 0.76s]
[0m07:52:26  33 of 70 START test not_null_hs_code_reference_parent_code ..................... [RUN]
[0m07:52:26  30 of 70 PASS not_null_hs_code_reference_code_level ............................ [[32mPASS[0m in 0.70s]
[0m07:52:26  34 of 70 START test not_null_hs_code_reference_retrieved_at .................... [RUN]
[0m07:52:27  31 of 70 PASS not_null_hs_code_reference_hs_description ........................ [[32mPASS[0m in 0.68s]
[0m07:52:27  35 of 70 START test not_null_hs_code_reference_source_url ...................... [RUN]
[0m07:52:27  32 of 70 PASS not_null_hs_code_reference_hs_version ............................ [[32mPASS[0m in 0.68s]
[0m07:52:27  36 of 70 START sql table model trade_analytics_day08_fixture.dim_countries ..... [RUN]
[0m07:52:27  33 of 70 PASS not_null_hs_code_reference_parent_code ........................... [[32mPASS[0m in 0.67s]
[0m07:52:27  34 of 70 PASS not_null_hs_code_reference_retrieved_at .......................... [[32mPASS[0m in 0.68s]
[0m07:52:27  35 of 70 PASS not_null_hs_code_reference_source_url ............................ [[32mPASS[0m in 0.65s]
[0m07:52:27  37 of 70 START sql table model trade_analytics_day08_fixture.dim_hs_codes ...... [RUN]
[0m07:52:28  36 of 70 OK created sql table model trade_analytics_day08_fixture.dim_countries  [[32mCREATE TABLE (69.0 rows, 36.3 KiB processed)[0m in 1.53s]
[0m07:52:28  38 of 70 START test accepted_values_dim_countries_classification_status__verified__needs_review  [RUN]
[0m07:52:28  39 of 70 START test accepted_values_dim_countries_partner_type__country__world__aggregate__special__unknown  [RUN]
[0m07:52:28  40 of 70 START test accepted_values_dim_countries_reconciliation_role__detail__overlap__world__unresolved  [RUN]
[0m07:52:29  37 of 70 OK created sql table model trade_analytics_day08_fixture.dim_hs_codes . [[32mCREATE TABLE (1.0 rows, 154.0 Bytes processed)[0m in 1.79s]
[0m07:52:29  41 of 70 START test assert_special_partner_contract ............................ [RUN]
[0m07:52:29  40 of 70 PASS accepted_values_dim_countries_reconciliation_role__detail__overlap__world__unresolved  [[32mPASS[0m in 0.74s]
[0m07:52:29  42 of 70 START test not_null_dim_countries_classification_status ............... [RUN]
[0m07:52:29  39 of 70 PASS accepted_values_dim_countries_partner_type__country__world__aggregate__special__unknown  [[32mPASS[0m in 0.75s]
[0m07:52:29  38 of 70 PASS accepted_values_dim_countries_classification_status__verified__needs_review  [[32mPASS[0m in 0.75s]
[0m07:52:29  43 of 70 START test not_null_dim_countries_partner_code ........................ [RUN]
[0m07:52:29  44 of 70 START test not_null_dim_countries_partner_type ........................ [RUN]
[0m07:52:30  41 of 70 PASS assert_special_partner_contract .................................. [[32mPASS[0m in 0.73s]
[0m07:52:30  45 of 70 START test not_null_dim_countries_reconciliation_role ................. [RUN]
[0m07:52:30  42 of 70 PASS not_null_dim_countries_classification_status ..................... [[32mPASS[0m in 0.68s]
[0m07:52:30  46 of 70 START test unique_dim_countries_partner_code .......................... [RUN]
[0m07:52:30  43 of 70 PASS not_null_dim_countries_partner_code .............................. [[32mPASS[0m in 0.66s]
[0m07:52:30  47 of 70 START test assert_hs_reference_contract ............................... [RUN]
[0m07:52:30  44 of 70 PASS not_null_dim_countries_partner_type .............................. [[32mPASS[0m in 0.67s]
[0m07:52:30  48 of 70 START test compound_unique_dim_hs_codes_hs_version__cmd_code .......... [RUN]
[0m07:52:30  45 of 70 PASS not_null_dim_countries_reconciliation_role ....................... [[32mPASS[0m in 0.65s]
[0m07:52:30  49 of 70 START test not_null_dim_hs_codes_cmd_code ............................. [RUN]
[0m07:52:30  46 of 70 PASS unique_dim_countries_partner_code ................................ [[32mPASS[0m in 0.65s]
[0m07:52:30  50 of 70 START test not_null_dim_hs_codes_code_level ........................... [RUN]
[0m07:52:30  48 of 70 PASS compound_unique_dim_hs_codes_hs_version__cmd_code ................ [[32mPASS[0m in 0.68s]
[0m07:52:30  51 of 70 START test not_null_dim_hs_codes_hs_version ........................... [RUN]
[0m07:52:31  47 of 70 PASS assert_hs_reference_contract ..................................... [[32mPASS[0m in 0.72s]
[0m07:52:31  52 of 70 START sql table model trade_analytics_day08_fixture.audit_partner_mapping_issues  [RUN]
[0m07:52:31  49 of 70 PASS not_null_dim_hs_codes_cmd_code ................................... [[32mPASS[0m in 0.67s]
[0m07:52:31  50 of 70 PASS not_null_dim_hs_codes_code_level ................................. [[32mPASS[0m in 0.64s]
[0m07:52:31  51 of 70 PASS not_null_dim_hs_codes_hs_version ................................. [[32mPASS[0m in 0.67s]
[0m07:52:31  53 of 70 START sql table model trade_analytics_day08_fixture.fct_monthly_semiconductor_imports  [RUN]
[0m07:52:32  52 of 70 OK created sql table model trade_analytics_day08_fixture.audit_partner_mapping_issues  [[32mCREATE TABLE (2.0 rows, 29.6 KiB processed)[0m in 1.75s]
[0m07:52:32  54 of 70 START test assert_missing_country_audited ............................. [RUN]
[0m07:52:32  55 of 70 START test not_null_audit_partner_mapping_issues_issue_type ........... [RUN]
[0m07:52:32  56 of 70 START test not_null_audit_partner_mapping_issues_observed_at .......... [RUN]
[0m07:52:33  53 of 70 OK created sql table model trade_analytics_day08_fixture.fct_monthly_semiconductor_imports  [[32mCREATE TABLE (67.0 rows, 26.6 KiB processed)[0m in 1.59s]
[0m07:52:33  57 of 70 START test not_null_audit_partner_mapping_issues_partner_code ......... [RUN]
[0m07:52:33  55 of 70 PASS not_null_audit_partner_mapping_issues_issue_type ................. [[32mPASS[0m in 0.77s]
[0m07:52:33  58 of 70 START test accepted_values_fct_monthly_semiconductor_imports_classification_status__verified__needs_review  [RUN]
[0m07:52:33  54 of 70 PASS assert_missing_country_audited ................................... [[32mPASS[0m in 0.89s]
[0m07:52:33  59 of 70 START test accepted_values_fct_monthly_semiconductor_imports_partner_type__country__world__aggregate__special__unknown  [RUN]
[0m07:52:33  56 of 70 PASS not_null_audit_partner_mapping_issues_observed_at ................ [[32mPASS[0m in 0.93s]
[0m07:52:33  60 of 70 START test accepted_values_fct_monthly_semiconductor_imports_reconciliation_role__detail__overlap__world__unresolved  [RUN]
[0m07:52:33  57 of 70 PASS not_null_audit_partner_mapping_issues_partner_code ............... [[32mPASS[0m in 0.64s]
[0m07:52:33  61 of 70 START test assert_fact_contract ....................................... [RUN]
[0m07:52:34  58 of 70 PASS accepted_values_fct_monthly_semiconductor_imports_classification_status__verified__needs_review  [[32mPASS[0m in 0.68s]
[0m07:52:34  62 of 70 START test assert_fact_preserves_staging .............................. [RUN]
[0m07:52:34  59 of 70 PASS accepted_values_fct_monthly_semiconductor_imports_partner_type__country__world__aggregate__special__unknown  [[32mPASS[0m in 0.63s]
[0m07:52:34  63 of 70 START test compound_unique_fct_monthly_semiconductor_imports_period_start_date__partner_code__cmd_code__hs_version  [RUN]
[0m07:52:34  60 of 70 PASS accepted_values_fct_monthly_semiconductor_imports_reconciliation_role__detail__overlap__world__unresolved  [[32mPASS[0m in 0.67s]
[0m07:52:34  64 of 70 START test not_null_fct_monthly_semiconductor_imports_cmd_code ........ [RUN]
[0m07:52:34  61 of 70 PASS assert_fact_contract ............................................. [[32mPASS[0m in 0.65s]
[0m07:52:34  65 of 70 START test not_null_fct_monthly_semiconductor_imports_country_mapping_found  [RUN]
[0m07:52:34  63 of 70 PASS compound_unique_fct_monthly_semiconductor_imports_period_start_date__partner_code__cmd_code__hs_version  [[32mPASS[0m in 0.67s]
[0m07:52:34  66 of 70 START test not_null_fct_monthly_semiconductor_imports_hs_mapping_found  [RUN]
[0m07:52:35  64 of 70 PASS not_null_fct_monthly_semiconductor_imports_cmd_code .............. [[32mPASS[0m in 0.63s]
[0m07:52:35  67 of 70 START test not_null_fct_monthly_semiconductor_imports_hs_version ...... [RUN]
[0m07:52:35  62 of 70 PASS assert_fact_preserves_staging .................................... [[32mPASS[0m in 1.00s]
[0m07:52:35  68 of 70 START test not_null_fct_monthly_semiconductor_imports_month_mapping_found  [RUN]
[0m07:52:35  65 of 70 PASS not_null_fct_monthly_semiconductor_imports_country_mapping_found . [[32mPASS[0m in 0.81s]
[0m07:52:35  69 of 70 START test not_null_fct_monthly_semiconductor_imports_partner_code .... [RUN]
[0m07:52:35  66 of 70 PASS not_null_fct_monthly_semiconductor_imports_hs_mapping_found ...... [[32mPASS[0m in 0.64s]
[0m07:52:35  70 of 70 START test not_null_fct_monthly_semiconductor_imports_period_start_date  [RUN]
[0m07:52:35  67 of 70 PASS not_null_fct_monthly_semiconductor_imports_hs_version ............ [[32mPASS[0m in 0.66s]
[0m07:52:35  68 of 70 PASS not_null_fct_monthly_semiconductor_imports_month_mapping_found ... [[32mPASS[0m in 0.66s]
[0m07:52:36  69 of 70 PASS not_null_fct_monthly_semiconductor_imports_partner_code .......... [[32mPASS[0m in 0.67s]
[0m07:52:36  70 of 70 PASS not_null_fct_monthly_semiconductor_imports_period_start_date ..... [[32mPASS[0m in 0.65s]
[0m07:52:36  
[0m07:52:36  Finished running 2 seeds, 5 table models, 61 data tests, 2 view models in 0 hours 0 minutes and 18.14 seconds (18.14s).
[0m07:52:36  
[0m07:52:36  [32mCompleted successfully[0m
[0m07:52:36  
[0m07:52:36  Done. PASS=70 WARN=0 ERROR=0 SKIP=0 NO-OP=0 REUSED=0 TOTAL=70
