[0m07:54:37  Running with dbt=1.12.5
[0m07:54:37  Registered adapter: bigquery=1.12.1
[0m07:54:38  Found 7 models, 61 data tests, 2 seeds, 2 sources, 563 macros
[0m07:54:38  
[0m07:54:38  Concurrency: 4 threads (target='fixture')
[0m07:54:38  
[0m07:54:39  1 of 70 START sql table model trade_analytics_day08_fixture.dim_months ......... [RUN]
[0m07:54:39  2 of 70 START sql view model trade_analytics_day08_fixture.stg_un_comtrade__partner_trades  [RUN]
[0m07:54:39  3 of 70 START sql view model trade_analytics_day08_fixture.stg_un_comtrade__world_totals  [RUN]
[0m07:54:39  4 of 70 START seed file trade_analytics_day08_fixture.country_reference ........ [RUN]
[0m07:54:39  3 of 70 OK created sql view model trade_analytics_day08_fixture.stg_un_comtrade__world_totals  [[32mCREATE VIEW (0 processed)[0m in 0.60s]
[0m07:54:40  2 of 70 OK created sql view model trade_analytics_day08_fixture.stg_un_comtrade__partner_trades  [[32mCREATE VIEW (0 processed)[0m in 0.60s]
[0m07:54:40  5 of 70 START seed file trade_analytics_day08_fixture.hs_code_reference ........ [RUN]
[0m07:54:40  6 of 70 START test assert_world_grain_unique ................................... [RUN]
[0m07:54:40  6 of 70 PASS assert_world_grain_unique ......................................... [[32mPASS[0m in 0.92s]
[0m07:54:40  7 of 70 START test assert_january_2023_exists .................................. [RUN]
[0m07:54:40  1 of 70 OK created sql table model trade_analytics_day08_fixture.dim_months .... [[32mCREATE TABLE (24.0 rows, 0 processed)[0m in 1.60s]
[0m07:54:40  8 of 70 START test assert_partner_grain_unique ................................. [RUN]
[0m07:54:41  7 of 70 PASS assert_january_2023_exists ........................................ [[32mPASS[0m in 1.04s]
[0m07:54:41  9 of 70 START test assert_staging_contract ..................................... [RUN]
[0m07:54:42  8 of 70 PASS assert_partner_grain_unique ....................................... [[32mPASS[0m in 1.08s]
[0m07:54:42  10 of 70 START test assert_staging_matches_raw ................................. [RUN]
[0m07:54:42  4 of 70 OK loaded seed file trade_analytics_day08_fixture.country_reference .... [[32mINSERT 69[0m in 2.85s]
[0m07:54:42  11 of 70 START test assert_month_spine_complete ................................ [RUN]
[0m07:54:42  5 of 70 OK loaded seed file trade_analytics_day08_fixture.hs_code_reference .... [[32mINSERT 1[0m in 2.68s]
[0m07:54:42  12 of 70 START test not_null_dim_months_month_start_date ....................... [RUN]
[0m07:54:42  9 of 70 PASS assert_staging_contract ........................................... [[32mPASS[0m in 0.97s]
[0m07:54:42  13 of 70 START test not_null_dim_months_period ................................. [RUN]
[0m07:54:43  10 of 70 PASS assert_staging_matches_raw ....................................... [[32mPASS[0m in 1.02s]
[0m07:54:43  14 of 70 START test unique_dim_months_month_start_date ......................... [RUN]
[0m07:54:43  11 of 70 PASS assert_month_spine_complete ...................................... [[32mPASS[0m in 0.87s]
[0m07:54:43  15 of 70 START test unique_dim_months_period ................................... [RUN]
[0m07:54:43  12 of 70 PASS not_null_dim_months_month_start_date ............................. [[32mPASS[0m in 0.85s]
[0m07:54:43  16 of 70 START test accepted_values_country_reference_classification_status__verified__needs_review  [RUN]
[0m07:54:43  13 of 70 PASS not_null_dim_months_period ....................................... [[32mPASS[0m in 0.65s]
[0m07:54:43  17 of 70 START test accepted_values_country_reference_partner_type__country__world__aggregate__special__unknown  [RUN]
[0m07:54:43  15 of 70 PASS unique_dim_months_period ......................................... [[32mPASS[0m in 0.65s]
[0m07:54:43  18 of 70 START test accepted_values_country_reference_reconciliation_role__detail__overlap__world__unresolved  [RUN]
[0m07:54:43  14 of 70 PASS unique_dim_months_month_start_date ............................... [[32mPASS[0m in 0.70s]
[0m07:54:43  19 of 70 START test not_null_country_reference_classification_note ............. [RUN]
[0m07:54:44  16 of 70 PASS accepted_values_country_reference_classification_status__verified__needs_review  [[32mPASS[0m in 0.71s]
[0m07:54:44  20 of 70 START test not_null_country_reference_classification_status ........... [RUN]
[0m07:54:44  17 of 70 PASS accepted_values_country_reference_partner_type__country__world__aggregate__special__unknown  [[32mPASS[0m in 0.69s]
[0m07:54:44  21 of 70 START test not_null_country_reference_partner_code .................... [RUN]
[0m07:54:44  18 of 70 PASS accepted_values_country_reference_reconciliation_role__detail__overlap__world__unresolved  [[32mPASS[0m in 0.69s]
[0m07:54:44  22 of 70 START test not_null_country_reference_partner_type .................... [RUN]
[0m07:54:44  19 of 70 PASS not_null_country_reference_classification_note ................... [[32mPASS[0m in 0.68s]
[0m07:54:44  23 of 70 START test not_null_country_reference_reconciliation_role ............. [RUN]
[0m07:54:44  21 of 70 PASS not_null_country_reference_partner_code .......................... [[32mPASS[0m in 0.67s]
[0m07:54:44  24 of 70 START test not_null_country_reference_retrieved_at .................... [RUN]
[0m07:54:45  20 of 70 PASS not_null_country_reference_classification_status ................. [[32mPASS[0m in 0.76s]
[0m07:54:45  25 of 70 START test not_null_country_reference_source_name ..................... [RUN]
[0m07:54:45  22 of 70 PASS not_null_country_reference_partner_type .......................... [[32mPASS[0m in 0.66s]
[0m07:54:45  26 of 70 START test not_null_country_reference_source_url ...................... [RUN]
[0m07:54:45  23 of 70 PASS not_null_country_reference_reconciliation_role ................... [[32mPASS[0m in 0.70s]
[0m07:54:45  27 of 70 START test unique_country_reference_partner_code ...................... [RUN]
[0m07:54:45  24 of 70 PASS not_null_country_reference_retrieved_at .......................... [[32mPASS[0m in 0.70s]
[0m07:54:45  28 of 70 START test compound_unique_hs_code_reference_hs_version__cmd_code ..... [RUN]
[0m07:54:45  25 of 70 PASS not_null_country_reference_source_name ........................... [[32mPASS[0m in 0.67s]
[0m07:54:45  29 of 70 START test not_null_hs_code_reference_cmd_code ........................ [RUN]
[0m07:54:45  27 of 70 PASS unique_country_reference_partner_code ............................ [[32mPASS[0m in 0.63s]
[0m07:54:45  30 of 70 START test not_null_hs_code_reference_code_level ...................... [RUN]
[0m07:54:45  26 of 70 PASS not_null_country_reference_source_url ............................ [[32mPASS[0m in 0.71s]
[0m07:54:45  31 of 70 START test not_null_hs_code_reference_hs_description .................. [RUN]
[0m07:54:46  29 of 70 PASS not_null_hs_code_reference_cmd_code .............................. [[32mPASS[0m in 0.65s]
[0m07:54:46  32 of 70 START test not_null_hs_code_reference_hs_version ...................... [RUN]
[0m07:54:46  28 of 70 PASS compound_unique_hs_code_reference_hs_version__cmd_code ........... [[32mPASS[0m in 0.69s]
[0m07:54:46  33 of 70 START test not_null_hs_code_reference_parent_code ..................... [RUN]
[0m07:54:46  30 of 70 PASS not_null_hs_code_reference_code_level ............................ [[32mPASS[0m in 0.66s]
[0m07:54:46  34 of 70 START test not_null_hs_code_reference_retrieved_at .................... [RUN]
[0m07:54:46  31 of 70 PASS not_null_hs_code_reference_hs_description ........................ [[32mPASS[0m in 0.69s]
[0m07:54:46  35 of 70 START test not_null_hs_code_reference_source_url ...................... [RUN]
[0m07:54:46  32 of 70 PASS not_null_hs_code_reference_hs_version ............................ [[32mPASS[0m in 0.65s]
[0m07:54:46  36 of 70 START sql table model trade_analytics_day08_fixture.dim_countries ..... [RUN]
[0m07:54:47  33 of 70 PASS not_null_hs_code_reference_parent_code ........................... [[32mPASS[0m in 0.70s]
[0m07:54:47  34 of 70 PASS not_null_hs_code_reference_retrieved_at .......................... [[32mPASS[0m in 0.67s]
[0m07:54:47  35 of 70 PASS not_null_hs_code_reference_source_url ............................ [[32mPASS[0m in 0.63s]
[0m07:54:47  37 of 70 START sql table model trade_analytics_day08_fixture.dim_hs_codes ...... [RUN]
[0m07:54:48  36 of 70 OK created sql table model trade_analytics_day08_fixture.dim_countries  [[32mCREATE TABLE (69.0 rows, 36.3 KiB processed)[0m in 1.50s]
[0m07:54:48  38 of 70 START test accepted_values_dim_countries_classification_status__verified__needs_review  [RUN]
[0m07:54:48  39 of 70 START test accepted_values_dim_countries_partner_type__country__world__aggregate__special__unknown  [RUN]
[0m07:54:48  40 of 70 START test accepted_values_dim_countries_reconciliation_role__detail__overlap__world__unresolved  [RUN]
[0m07:54:48  37 of 70 OK created sql table model trade_analytics_day08_fixture.dim_hs_codes . [[32mCREATE TABLE (1.0 rows, 154.0 Bytes processed)[0m in 1.40s]
[0m07:54:48  41 of 70 START test assert_special_partner_contract ............................ [RUN]
[0m07:54:49  40 of 70 PASS accepted_values_dim_countries_reconciliation_role__detail__overlap__world__unresolved  [[32mPASS[0m in 0.70s]
[0m07:54:49  38 of 70 PASS accepted_values_dim_countries_classification_status__verified__needs_review  [[32mPASS[0m in 0.71s]
[0m07:54:49  42 of 70 START test not_null_dim_countries_classification_status ............... [RUN]
[0m07:54:49  43 of 70 START test not_null_dim_countries_partner_code ........................ [RUN]
[0m07:54:49  39 of 70 PASS accepted_values_dim_countries_partner_type__country__world__aggregate__special__unknown  [[32mPASS[0m in 0.77s]
[0m07:54:49  44 of 70 START test not_null_dim_countries_partner_type ........................ [RUN]
[0m07:54:49  41 of 70 PASS assert_special_partner_contract .................................. [[32mPASS[0m in 0.71s]
[0m07:54:49  45 of 70 START test not_null_dim_countries_reconciliation_role ................. [RUN]
[0m07:54:49  45 of 70 PASS not_null_dim_countries_reconciliation_role ....................... [[32mPASS[0m in 0.65s]
[0m07:54:49  43 of 70 PASS not_null_dim_countries_partner_code .............................. [[32mPASS[0m in 0.72s]
[0m07:54:49  46 of 70 START test unique_dim_countries_partner_code .......................... [RUN]
[0m07:54:49  47 of 70 START test assert_hs_reference_contract ............................... [RUN]
[0m07:54:49  42 of 70 PASS not_null_dim_countries_classification_status ..................... [[32mPASS[0m in 0.75s]
[0m07:54:49  48 of 70 START test compound_unique_dim_hs_codes_hs_version__cmd_code .......... [RUN]
[0m07:54:50  44 of 70 PASS not_null_dim_countries_partner_type .............................. [[32mPASS[0m in 0.82s]
[0m07:54:50  49 of 70 START test not_null_dim_hs_codes_cmd_code ............................. [RUN]
[0m07:54:50  46 of 70 PASS unique_dim_countries_partner_code ................................ [[32mPASS[0m in 0.66s]
[0m07:54:50  50 of 70 START test not_null_dim_hs_codes_code_level ........................... [RUN]
[0m07:54:50  47 of 70 PASS assert_hs_reference_contract ..................................... [[32mPASS[0m in 0.71s]
[0m07:54:50  48 of 70 PASS compound_unique_dim_hs_codes_hs_version__cmd_code ................ [[32mPASS[0m in 0.68s]
[0m07:54:50  51 of 70 START test not_null_dim_hs_codes_hs_version ........................... [RUN]
[0m07:54:50  52 of 70 START sql table model trade_analytics_day08_fixture.audit_partner_mapping_issues  [RUN]
[0m07:54:50  49 of 70 PASS not_null_dim_hs_codes_cmd_code ................................... [[32mPASS[0m in 0.67s]
[0m07:54:51  51 of 70 PASS not_null_dim_hs_codes_hs_version ................................. [[32mPASS[0m in 0.67s]
[0m07:54:51  50 of 70 PASS not_null_dim_hs_codes_code_level ................................. [[32mPASS[0m in 0.72s]
[0m07:54:51  53 of 70 START sql table model trade_analytics_day08_fixture.fct_monthly_semiconductor_imports  [RUN]
[0m07:54:52  52 of 70 OK created sql table model trade_analytics_day08_fixture.audit_partner_mapping_issues  [[32mCREATE TABLE (2.0 rows, 29.6 KiB processed)[0m in 1.90s]
[0m07:54:52  54 of 70 START test assert_missing_country_audited ............................. [RUN]
[0m07:54:52  55 of 70 START test not_null_audit_partner_mapping_issues_issue_type ........... [RUN]
[0m07:54:52  56 of 70 START test not_null_audit_partner_mapping_issues_observed_at .......... [RUN]
[0m07:54:53  53 of 70 OK created sql table model trade_analytics_day08_fixture.fct_monthly_semiconductor_imports  [[32mCREATE TABLE (67.0 rows, 26.6 KiB processed)[0m in 1.96s]
[0m07:54:53  57 of 70 START test not_null_audit_partner_mapping_issues_partner_code ......... [RUN]
[0m07:54:53  55 of 70 PASS not_null_audit_partner_mapping_issues_issue_type ................. [[32mPASS[0m in 0.74s]
[0m07:54:53  56 of 70 PASS not_null_audit_partner_mapping_issues_observed_at ................ [[32mPASS[0m in 0.74s]
[0m07:54:53  58 of 70 START test accepted_values_fct_monthly_semiconductor_imports_classification_status__verified__needs_review  [RUN]
[0m07:54:53  59 of 70 START test accepted_values_fct_monthly_semiconductor_imports_partner_type__country__world__aggregate__special__unknown  [RUN]
[0m07:54:53  54 of 70 PASS assert_missing_country_audited ................................... [[32mPASS[0m in 1.06s]
[0m07:54:53  60 of 70 START test accepted_values_fct_monthly_semiconductor_imports_reconciliation_role__detail__overlap__world__unresolved  [RUN]
[0m07:54:53  57 of 70 PASS not_null_audit_partner_mapping_issues_partner_code ............... [[32mPASS[0m in 0.69s]
[0m07:54:53  61 of 70 START test assert_fact_contract ....................................... [RUN]
[0m07:54:53  58 of 70 PASS accepted_values_fct_monthly_semiconductor_imports_classification_status__verified__needs_review  [[32mPASS[0m in 0.68s]
[0m07:54:53  62 of 70 START test assert_fact_preserves_staging .............................. [RUN]
[0m07:54:53  59 of 70 PASS accepted_values_fct_monthly_semiconductor_imports_partner_type__country__world__aggregate__special__unknown  [[32mPASS[0m in 0.69s]
[0m07:54:54  63 of 70 START test compound_unique_fct_monthly_semiconductor_imports_period_start_date__partner_code__cmd_code__hs_version  [RUN]
[0m07:54:54  60 of 70 PASS accepted_values_fct_monthly_semiconductor_imports_reconciliation_role__detail__overlap__world__unresolved  [[32mPASS[0m in 0.67s]
[0m07:54:54  64 of 70 START test not_null_fct_monthly_semiconductor_imports_cmd_code ........ [RUN]
[0m07:54:54  63 of 70 PASS compound_unique_fct_monthly_semiconductor_imports_period_start_date__partner_code__cmd_code__hs_version  [[32mPASS[0m in 0.62s]
[0m07:54:54  65 of 70 START test not_null_fct_monthly_semiconductor_imports_country_mapping_found  [RUN]
[0m07:54:54  61 of 70 PASS assert_fact_contract ............................................. [[32mPASS[0m in 0.69s]
[0m07:54:54  66 of 70 START test not_null_fct_monthly_semiconductor_imports_hs_mapping_found  [RUN]
[0m07:54:55  64 of 70 PASS not_null_fct_monthly_semiconductor_imports_cmd_code .............. [[32mPASS[0m in 0.72s]
[0m07:54:55  67 of 70 START test not_null_fct_monthly_semiconductor_imports_hs_version ...... [RUN]
[0m07:54:55  62 of 70 PASS assert_fact_preserves_staging .................................... [[32mPASS[0m in 1.07s]
[0m07:54:55  68 of 70 START test not_null_fct_monthly_semiconductor_imports_month_mapping_found  [RUN]
[0m07:54:55  65 of 70 PASS not_null_fct_monthly_semiconductor_imports_country_mapping_found . [[32mPASS[0m in 0.69s]
[0m07:54:55  69 of 70 START test not_null_fct_monthly_semiconductor_imports_partner_code .... [RUN]
[0m07:54:55  66 of 70 PASS not_null_fct_monthly_semiconductor_imports_hs_mapping_found ...... [[32mPASS[0m in 0.67s]
[0m07:54:55  70 of 70 START test not_null_fct_monthly_semiconductor_imports_period_start_date  [RUN]
[0m07:54:55  67 of 70 PASS not_null_fct_monthly_semiconductor_imports_hs_version ............ [[32mPASS[0m in 0.65s]
[0m07:54:55  68 of 70 PASS not_null_fct_monthly_semiconductor_imports_month_mapping_found ... [[32mPASS[0m in 0.62s]
[0m07:54:55  70 of 70 PASS not_null_fct_monthly_semiconductor_imports_period_start_date ..... [[32mPASS[0m in 0.64s]
[0m07:54:56  69 of 70 PASS not_null_fct_monthly_semiconductor_imports_partner_code .......... [[32mPASS[0m in 0.71s]
[0m07:54:56  
[0m07:54:56  Finished running 2 seeds, 5 table models, 61 data tests, 2 view models in 0 hours 0 minutes and 17.82 seconds (17.82s).
[0m07:54:56  
[0m07:54:56  [32mCompleted successfully[0m
[0m07:54:56  
[0m07:54:56  Done. PASS=70 WARN=0 ERROR=0 SKIP=0 NO-OP=0 REUSED=0 TOTAL=70
