16:44:31  Running with dbt=1.12.5
16:44:32  Registered adapter: bigquery=1.12.1
16:44:32  Unable to do partial parsing because saved manifest not found. Starting full parse.
16:44:33  Found 10 models, 71 data tests, 2 seeds, 3 sources, 563 macros, 5 unit tests
16:44:33
16:44:33  Concurrency: 4 threads (target='day10')
16:44:33
16:44:36  1 of 88 START sql table model trade_analytics_day10_dev.dim_months ............. [RUN]
16:44:36  2 of 88 START sql view model trade_analytics_day10_dev.stg_un_comtrade__partner_trades  [RUN]
16:44:36  3 of 88 START sql view model trade_analytics_day10_dev.stg_un_comtrade__world_totals  [RUN]
16:44:36  4 of 88 START seed file trade_analytics_day10_dev.country_reference ............ [RUN]
16:44:38  2 of 88 OK created sql view model trade_analytics_day10_dev.stg_un_comtrade__partner_trades  [CREATE VIEW (0 processed) in 1.06s]
16:44:38  3 of 88 OK created sql view model trade_analytics_day10_dev.stg_un_comtrade__world_totals  [CREATE VIEW (0 processed) in 1.06s]
16:44:38  5 of 88 START seed file trade_analytics_day10_dev.hs_code_reference ............ [RUN]
16:44:38  6 of 88 START test assert_partner_grain_unique ................................. [RUN]
16:44:38  1 of 88 OK created sql table model trade_analytics_day10_dev.dim_months ........ [CREATE TABLE (24.0 rows, 0 processed) in 1.97s]
16:44:38  7 of 88 START test assert_january_2023_exists .................................. [RUN]
16:44:39  6 of 88 PASS assert_partner_grain_unique ....................................... [PASS in 1.61s]
16:44:39  8 of 88 START test assert_staging_contract ..................................... [RUN]
16:44:39  4 of 88 OK loaded seed file trade_analytics_day10_dev.country_reference ........ [INSERT 69 in 3.05s]
16:44:39  9 of 88 START test assert_staging_matches_raw .................................. [RUN]
16:44:40  7 of 88 PASS assert_january_2023_exists ........................................ [PASS in 1.35s]
16:44:40  10 of 88 START test assert_world_grain_unique .................................. [RUN]
16:44:40  8 of 88 PASS assert_staging_contract ........................................... [PASS in 1.31s]
16:44:40  11 of 88 START test assert_month_spine_complete ................................ [RUN]
16:44:41  5 of 88 OK loaded seed file trade_analytics_day10_dev.hs_code_reference ........ [INSERT 1 in 3.18s]
16:44:41  12 of 88 START test not_null_dim_months_month_start_date ....................... [RUN]
16:44:41  10 of 88 PASS assert_world_grain_unique ........................................ [PASS in 1.04s]
16:44:41  13 of 88 START test not_null_dim_months_period ................................. [RUN]
16:44:41  9 of 88 PASS assert_staging_matches_raw ........................................ [PASS in 1.40s]
16:44:41  14 of 88 START test unique_dim_months_month_start_date ......................... [RUN]
16:44:41  11 of 88 PASS assert_month_spine_complete ...................................... [PASS in 1.01s]
16:44:41  15 of 88 START test unique_dim_months_period ................................... [RUN]
16:44:42  12 of 88 PASS not_null_dim_months_month_start_date ............................. [PASS in 0.81s]
16:44:42  16 of 88 START test accepted_values_country_reference_classification_status__verified__needs_review  [RUN]
16:44:42  13 of 88 PASS not_null_dim_months_period ....................................... [PASS in 1.04s]
16:44:42  17 of 88 START test accepted_values_country_reference_partner_type__country__world__aggregate__special__unknown  [RUN]
16:44:42  14 of 88 PASS unique_dim_months_month_start_date ............................... [PASS in 1.06s]
16:44:42  18 of 88 START test accepted_values_country_reference_reconciliation_role__detail__overlap__world__unresolved  [RUN]
16:44:42  15 of 88 PASS unique_dim_months_period ......................................... [PASS in 1.02s]
16:44:42  19 of 88 START test not_null_country_reference_classification_note ............. [RUN]
16:44:43  16 of 88 PASS accepted_values_country_reference_classification_status__verified__needs_review  [PASS in 1.10s]
16:44:43  20 of 88 START test not_null_country_reference_classification_status ........... [RUN]
16:44:43  17 of 88 PASS accepted_values_country_reference_partner_type__country__world__aggregate__special__unknown  [PASS in 0.99s]
16:44:43  21 of 88 START test not_null_country_reference_partner_code .................... [RUN]
16:44:43  18 of 88 PASS accepted_values_country_reference_reconciliation_role__detail__overlap__world__unresolved  [PASS in 1.04s]
16:44:43  22 of 88 START test not_null_country_reference_partner_type .................... [RUN]
16:44:43  20 of 88 PASS not_null_country_reference_classification_status ................. [PASS in 0.71s]
16:44:43  23 of 88 START test not_null_country_reference_reconciliation_role ............. [RUN]
16:44:43  19 of 88 PASS not_null_country_reference_classification_note ................... [PASS in 0.90s]
16:44:43  24 of 88 START test not_null_country_reference_retrieved_at .................... [RUN]
16:44:44  21 of 88 PASS not_null_country_reference_partner_code .......................... [PASS in 0.66s]
16:44:44  25 of 88 START test not_null_country_reference_source_name ..................... [RUN]
16:44:44  22 of 88 PASS not_null_country_reference_partner_type .......................... [PASS in 0.95s]
16:44:44  26 of 88 START test not_null_country_reference_source_url ...................... [RUN]
16:44:44  23 of 88 PASS not_null_country_reference_reconciliation_role ................... [PASS in 0.97s]
16:44:44  27 of 88 START test unique_country_reference_partner_code ...................... [RUN]
16:44:44  24 of 88 PASS not_null_country_reference_retrieved_at .......................... [PASS in 0.96s]
16:44:44  28 of 88 START test compound_unique_hs_code_reference_hs_version__cmd_code ..... [RUN]
16:44:44  25 of 88 PASS not_null_country_reference_source_name ........................... [PASS in 0.95s]
16:44:44  29 of 88 START test not_null_hs_code_reference_cmd_code ........................ [RUN]
16:44:45  26 of 88 PASS not_null_country_reference_source_url ............................ [PASS in 1.00s]
16:44:45  30 of 88 START test not_null_hs_code_reference_code_level ...................... [RUN]
16:44:45  27 of 88 PASS unique_country_reference_partner_code ............................ [PASS in 0.88s]
16:44:45  31 of 88 START test not_null_hs_code_reference_hs_description .................. [RUN]
16:44:45  28 of 88 PASS compound_unique_hs_code_reference_hs_version__cmd_code ........... [PASS in 0.95s]
16:44:45  32 of 88 START test not_null_hs_code_reference_hs_version ...................... [RUN]
16:44:45  29 of 88 PASS not_null_hs_code_reference_cmd_code .............................. [PASS in 0.97s]
16:44:45  33 of 88 START test not_null_hs_code_reference_parent_code ..................... [RUN]
16:44:46  30 of 88 PASS not_null_hs_code_reference_code_level ............................ [PASS in 0.92s]
16:44:46  34 of 88 START test not_null_hs_code_reference_retrieved_at .................... [RUN]
16:44:46  31 of 88 PASS not_null_hs_code_reference_hs_description ........................ [PASS in 0.74s]
16:44:46  35 of 88 START test not_null_hs_code_reference_source_url ...................... [RUN]
16:44:46  32 of 88 PASS not_null_hs_code_reference_hs_version ............................ [PASS in 0.97s]
16:44:46  36 of 88 START sql table model trade_analytics_day10_dev.dim_countries ......... [RUN]
16:44:46  33 of 88 PASS not_null_hs_code_reference_parent_code ........................... [PASS in 0.94s]
16:44:47  35 of 88 PASS not_null_hs_code_reference_source_url ............................ [PASS in 0.70s]
16:44:47  34 of 88 PASS not_null_hs_code_reference_retrieved_at .......................... [PASS in 0.74s]
16:44:47  37 of 88 START sql table model trade_analytics_day10_dev.dim_hs_codes .......... [RUN]
16:44:48  36 of 88 OK created sql table model trade_analytics_day10_dev.dim_countries .... [CREATE TABLE (69.0 rows, 36.4 KiB processed) in 1.65s]
16:44:48  38 of 88 START test accepted_values_dim_countries_classification_status__verified__needs_review  [RUN]
16:44:48  39 of 88 START test accepted_values_dim_countries_partner_type__country__world__aggregate__special__unknown  [RUN]
16:44:48  40 of 88 START test accepted_values_dim_countries_reconciliation_role__detail__overlap__world__unresolved  [RUN]
16:44:48  37 of 88 OK created sql table model trade_analytics_day10_dev.dim_hs_codes ..... [CREATE TABLE (1.0 rows, 154.0 Bytes processed) in 1.56s]
16:44:48  41 of 88 START test assert_special_partner_contract ............................ [RUN]
16:44:49  40 of 88 PASS accepted_values_dim_countries_reconciliation_role__detail__overlap__world__unresolved  [PASS in 0.78s]
16:44:49  42 of 88 START test not_null_dim_countries_classification_status ............... [RUN]
16:44:49  39 of 88 PASS accepted_values_dim_countries_partner_type__country__world__aggregate__special__unknown  [PASS in 0.83s]
16:44:49  43 of 88 START test not_null_dim_countries_partner_code ........................ [RUN]
16:44:49  38 of 88 PASS accepted_values_dim_countries_classification_status__verified__needs_review  [PASS in 0.87s]
16:44:49  44 of 88 START test not_null_dim_countries_partner_type ........................ [RUN]
16:44:49  41 of 88 PASS assert_special_partner_contract .................................. [PASS in 0.74s]
16:44:49  45 of 88 START test not_null_dim_countries_reconciliation_role ................. [RUN]
16:44:49  43 of 88 PASS not_null_dim_countries_partner_code .............................. [PASS in 0.64s]
16:44:49  46 of 88 START test unique_dim_countries_partner_code .......................... [RUN]
16:44:50  42 of 88 PASS not_null_dim_countries_classification_status ..................... [PASS in 0.93s]
16:44:50  47 of 88 START test assert_hs_reference_contract ............................... [RUN]
16:44:50  44 of 88 PASS not_null_dim_countries_partner_type .............................. [PASS in 0.91s]
16:44:50  48 of 88 START test compound_unique_dim_hs_codes_hs_version__cmd_code .......... [RUN]
16:44:50  45 of 88 PASS not_null_dim_countries_reconciliation_role ....................... [PASS in 0.76s]
16:44:50  49 of 88 START test not_null_dim_hs_codes_cmd_code ............................. [RUN]
16:44:50  46 of 88 PASS unique_dim_countries_partner_code ................................ [PASS in 0.94s]
16:44:50  50 of 88 START test not_null_dim_hs_codes_code_level ........................... [RUN]
16:44:50  47 of 88 PASS assert_hs_reference_contract ..................................... [PASS in 0.80s]
16:44:50  49 of 88 PASS not_null_dim_hs_codes_cmd_code ................................... [PASS in 0.72s]
16:44:50  51 of 88 START test not_null_dim_hs_codes_hs_version ........................... [RUN]
16:44:50  52 of 88 START sql table model trade_analytics_day10_dev.audit_partner_mapping_issues  [RUN]
16:44:51  48 of 88 PASS compound_unique_dim_hs_codes_hs_version__cmd_code ................ [PASS in 0.85s]
16:44:51  50 of 88 PASS not_null_dim_hs_codes_code_level ................................. [PASS in 0.67s]
16:44:51  51 of 88 PASS not_null_dim_hs_codes_hs_version ................................. [PASS in 0.94s]
16:44:51  53 of 88 START sql table model trade_analytics_day10_dev.fct_monthly_semiconductor_imports  [RUN]
16:44:53  52 of 88 OK created sql table model trade_analytics_day10_dev.audit_partner_mapping_issues  [CREATE TABLE (1.0 rows, 29.6 KiB processed) in 2.16s]
16:44:53  54 of 88 START test assert_missing_country_audited ............................. [RUN]
16:44:53  55 of 88 START test not_null_audit_partner_mapping_issues_issue_type ........... [RUN]
16:44:53  56 of 88 START test not_null_audit_partner_mapping_issues_observed_at .......... [RUN]
16:44:54  53 of 88 OK created sql table model trade_analytics_day10_dev.fct_monthly_semiconductor_imports  [CREATE TABLE (67.0 rows, 26.6 KiB processed) in 2.14s]
16:44:54  57 of 88 START test not_null_audit_partner_mapping_issues_partner_code ......... [RUN]
16:44:54  56 of 88 PASS not_null_audit_partner_mapping_issues_observed_at ................ [PASS in 0.94s]
16:44:54  58 of 88 START test accepted_values_fct_monthly_semiconductor_imports_classification_status__verified__needs_review  [RUN]
16:44:54  55 of 88 PASS not_null_audit_partner_mapping_issues_issue_type ................. [PASS in 0.97s]
16:44:54  59 of 88 START test accepted_values_fct_monthly_semiconductor_imports_partner_type__country__world__aggregate__special__unknown  [RUN]
16:44:54  54 of 88 PASS assert_missing_country_audited ................................... [PASS in 1.13s]
16:44:54  60 of 88 START test accepted_values_fct_monthly_semiconductor_imports_reconciliation_role__detail__overlap__world__unresolved  [RUN]
16:44:54  59 of 88 PASS accepted_values_fct_monthly_semiconductor_imports_partner_type__country__world__aggregate__special__unknown  [PASS in 0.78s]
16:44:54  61 of 88 START test assert_fact_contract ....................................... [RUN]
16:44:54  57 of 88 PASS not_null_audit_partner_mapping_issues_partner_code ............... [PASS in 0.94s]
16:44:54  62 of 88 START test assert_fact_preserves_staging .............................. [RUN]
16:44:55  58 of 88 PASS accepted_values_fct_monthly_semiconductor_imports_classification_status__verified__needs_review  [PASS in 1.06s]
16:44:55  63 of 88 START test compound_unique_fct_monthly_semiconductor_imports_period_start_date__partner_code__cmd_code__hs_version  [RUN]
16:44:55  60 of 88 PASS accepted_values_fct_monthly_semiconductor_imports_reconciliation_role__detail__overlap__world__unresolved  [PASS in 1.06s]
16:44:55  64 of 88 START test not_null_fct_monthly_semiconductor_imports_cmd_code ........ [RUN]
16:44:55  61 of 88 PASS assert_fact_contract ............................................. [PASS in 0.84s]
16:44:55  65 of 88 START test not_null_fct_monthly_semiconductor_imports_country_mapping_found  [RUN]
16:44:55  63 of 88 PASS compound_unique_fct_monthly_semiconductor_imports_period_start_date__partner_code__cmd_code__hs_version  [PASS in 0.67s]
16:44:55  66 of 88 START test not_null_fct_monthly_semiconductor_imports_hs_mapping_found  [RUN]
16:44:56  64 of 88 PASS not_null_fct_monthly_semiconductor_imports_cmd_code .............. [PASS in 0.84s]
16:44:56  67 of 88 START test not_null_fct_monthly_semiconductor_imports_hs_version ...... [RUN]
16:44:56  62 of 88 PASS assert_fact_preserves_staging .................................... [PASS in 1.31s]
16:44:56  68 of 88 START test not_null_fct_monthly_semiconductor_imports_month_mapping_found  [RUN]
16:44:56  66 of 88 PASS not_null_fct_monthly_semiconductor_imports_hs_mapping_found ...... [PASS in 0.68s]
16:44:56  69 of 88 START test not_null_fct_monthly_semiconductor_imports_partner_code .... [RUN]
16:44:56  65 of 88 PASS not_null_fct_monthly_semiconductor_imports_country_mapping_found . [PASS in 0.84s]
16:44:56  70 of 88 START test not_null_fct_monthly_semiconductor_imports_period_start_date  [RUN]
16:44:56  67 of 88 PASS not_null_fct_monthly_semiconductor_imports_hs_version ............ [PASS in 0.64s]
16:44:56  68 of 88 PASS not_null_fct_monthly_semiconductor_imports_month_mapping_found ... [PASS in 0.64s]
16:44:57  69 of 88 PASS not_null_fct_monthly_semiconductor_imports_partner_code .......... [PASS in 0.88s]
16:44:57  70 of 88 PASS not_null_fct_monthly_semiconductor_imports_period_start_date ..... [PASS in 0.91s]
16:44:57  71 of 88 START unit_test int_partner_market_share::day09_invalid_denominators_and_zero_current  [RUN]
16:45:01  71 of 88 PASS int_partner_market_share::day09_invalid_denominators_and_zero_current  [PASS in 3.86s]
16:45:01  72 of 88 START unit_test int_partner_market_share::day09_calendar_growth_and_weights  [RUN]
16:45:04  72 of 88 PASS int_partner_market_share::day09_calendar_growth_and_weights ...... [PASS in 3.35s]
16:45:04  73 of 88 START unit_test int_partner_market_share::day09_partner_and_version_isolation  [RUN]
16:45:07  73 of 88 PASS int_partner_market_share::day09_partner_and_version_isolation .... [PASS in 3.24s]
16:45:07  74 of 88 START sql view model trade_analytics_day10_dev.int_partner_market_share  [RUN]
16:45:09  74 of 88 OK created sql view model trade_analytics_day10_dev.int_partner_market_share  [CREATE VIEW (0 processed) in 1.16s]
16:45:09  75 of 88 START test accepted_values_int_partner_market_share_market_share_status__ok__missing_world__invalid_world__missing_value  [RUN]
16:45:09  76 of 88 START test compound_unique_int_partner_market_share_period_start_date__partner_code__cmd_code__hs_version  [RUN]
16:45:09  77 of 88 START test not_null_int_partner_market_share_market_share_status ...... [RUN]
16:45:10  77 of 88 PASS not_null_int_partner_market_share_market_share_status ............ [PASS in 1.20s]
16:45:10  76 of 88 PASS compound_unique_int_partner_market_share_period_start_date__partner_code__cmd_code__hs_version  [PASS in 1.21s]
16:45:10  75 of 88 PASS accepted_values_int_partner_market_share_market_share_status__ok__missing_world__invalid_world__missing_value  [PASS in 1.21s]
16:45:10  78 of 88 START unit_test int_market_concentration_hhi::day09_hhi_unreviewed_country  [RUN]
16:45:13  78 of 88 PASS int_market_concentration_hhi::day09_hhi_unreviewed_country ....... [PASS in 3.29s]
16:45:13  79 of 88 START unit_test int_market_concentration_hhi::day09_hhi_hand_calculations_and_coverage  [RUN]
16:45:17  79 of 88 PASS int_market_concentration_hhi::day09_hhi_hand_calculations_and_coverage  [PASS in 3.80s]
16:45:17  80 of 88 START sql view model trade_analytics_day10_dev.int_market_concentration_hhi  [RUN]
16:45:18  80 of 88 OK created sql view model trade_analytics_day10_dev.int_market_concentration_hhi  [CREATE VIEW (0 processed) in 0.98s]
16:45:18  81 of 88 START test accepted_values_int_market_concentration_hhi_hhi_status__ok__missing_world__invalid_world__no_countries__missing_country_value__negative_country_value__unreviewed_country__insufficient_coverage  [RUN]
16:45:18  82 of 88 START test compound_unique_int_market_concentration_hhi_period_start_date__cmd_code__hs_version  [RUN]
16:45:18  83 of 88 START test not_null_int_market_concentration_hhi_hhi_status ........... [RUN]
16:45:19  81 of 88 PASS accepted_values_int_market_concentration_hhi_hhi_status__ok__missing_world__invalid_world__no_countries__missing_country_value__negative_country_value__unreviewed_country__insufficient_coverage  [PASS in 1.09s]
16:45:19  83 of 88 PASS not_null_int_market_concentration_hhi_hhi_status ................. [PASS in 1.11s]
16:45:19  82 of 88 PASS compound_unique_int_market_concentration_hhi_period_start_date__cmd_code__hs_version  [PASS in 1.13s]
16:45:19  84 of 88 START sql table model trade_analytics_day10_dev.mart_us_semiconductor_supply_chain_candidate  [RUN]
16:45:21  84 of 88 OK created sql table model trade_analytics_day10_dev.mart_us_semiconductor_supply_chain_candidate  [CREATE TABLE (67.0 rows, 28.8 KiB processed) in 1.87s]
16:45:21  85 of 88 START test assert_day09_candidate_preserves_fact ...................... [RUN]
16:45:21  86 of 88 START test assert_day09_metric_contract ............................... [RUN]
16:45:21  87 of 88 START test compound_unique_mart_us_semiconductor_supply_chain_candidate_period_start_date__partner_code__cmd_code__hs_version  [RUN]
16:45:21  88 of 88 START test not_null_mart_us_semiconductor_supply_chain_candidate_hhi_status  [RUN]
16:45:22  86 of 88 PASS assert_day09_metric_contract ..................................... [PASS in 0.71s]
16:45:22  87 of 88 PASS compound_unique_mart_us_semiconductor_supply_chain_candidate_period_start_date__partner_code__cmd_code__hs_version  [PASS in 0.73s]
16:45:22  88 of 88 PASS not_null_mart_us_semiconductor_supply_chain_candidate_hhi_status . [PASS in 0.94s]
16:45:22  85 of 88 PASS assert_day09_candidate_preserves_fact ............................ [PASS in 0.95s]
16:45:22
16:45:22  Finished running 2 seeds, 6 table models, 71 data tests, 5 unit tests, 4 view models in 0 hours 0 minutes and 49.27 seconds (49.27s).
16:45:22
16:45:22  Completed successfully
16:45:22
16:45:22  Done. PASS=88 WARN=0 ERROR=0 SKIP=0 NO-OP=0 REUSED=0 TOTAL=88
