23:46:11  Running with dbt=1.12.5
23:46:11  Registered adapter: bigquery=1.12.1
23:46:12  Unable to do partial parsing because config vars, config profile, or config target have changed
23:46:13  Found 11 models, 74 data tests, 2 seeds, 3 sources, 563 macros, 5 unit tests
23:46:13
23:46:13  Concurrency: 4 threads (target='day10')
23:46:13
23:46:14  1 of 92 START sql view model trade_analytics_day10_dev.audit_world_reconciliation  [RUN]
23:46:14  2 of 92 START sql table model trade_analytics_day10_dev.dim_months ............. [RUN]
23:46:14  3 of 92 START sql view model trade_analytics_day10_dev.stg_un_comtrade__partner_trades  [RUN]
23:46:14  4 of 92 START sql view model trade_analytics_day10_dev.stg_un_comtrade__world_totals  [RUN]
23:46:14  4 of 92 OK created sql view model trade_analytics_day10_dev.stg_un_comtrade__world_totals  [CREATE VIEW (0 processed) in 0.69s]
23:46:14  3 of 92 OK created sql view model trade_analytics_day10_dev.stg_un_comtrade__partner_trades  [CREATE VIEW (0 processed) in 0.69s]
23:46:14  5 of 92 START seed file trade_analytics_day10_dev.country_reference ............ [RUN]
23:46:14  6 of 92 START seed file trade_analytics_day10_dev.hs_code_reference ............ [RUN]
23:46:15  1 of 92 OK created sql view model trade_analytics_day10_dev.audit_world_reconciliation  [CREATE VIEW (0 processed) in 1.02s]
23:46:15  7 of 92 START test assert_world_grain_unique ................................... [RUN]
23:46:15  2 of 92 OK created sql table model trade_analytics_day10_dev.dim_months ........ [CREATE TABLE (24.0 rows, 0 processed) in 1.67s]
23:46:15  8 of 92 START test assert_january_2023_exists .................................. [RUN]
23:46:16  7 of 92 PASS assert_world_grain_unique ......................................... [PASS in 1.19s]
23:46:16  9 of 92 START test assert_partner_grain_unique ................................. [RUN]
23:46:17  8 of 92 PASS assert_january_2023_exists ........................................ [PASS in 1.13s]
23:46:17  10 of 92 START test assert_staging_contract .................................... [RUN]
23:46:17  9 of 92 PASS assert_partner_grain_unique ....................................... [PASS in 1.20s]
23:46:17  11 of 92 START test assert_staging_matches_raw ................................. [RUN]
23:46:18  10 of 92 PASS assert_staging_contract .......................................... [PASS in 1.16s]
23:46:18  12 of 92 START test accepted_values_audit_world_reconciliation_status__PASS__WARN__FAIL  [RUN]
23:46:18  6 of 92 OK loaded seed file trade_analytics_day10_dev.hs_code_reference ........ [INSERT 1 in 3.35s]
23:46:18  13 of 92 START test not_null_audit_world_reconciliation_run_id ................. [RUN]
23:46:18  11 of 92 PASS assert_staging_matches_raw ....................................... [PASS in 0.96s]
23:46:18  14 of 92 START test unique_audit_world_reconciliation_run_id ................... [RUN]
23:46:19  5 of 92 OK loaded seed file trade_analytics_day10_dev.country_reference ........ [INSERT 69 in 4.41s]
23:46:19  15 of 92 START test assert_month_spine_complete ................................ [RUN]
23:46:19  12 of 92 PASS accepted_values_audit_world_reconciliation_status__PASS__WARN__FAIL  [PASS in 1.22s]
23:46:19  16 of 92 START test not_null_dim_months_month_start_date ....................... [RUN]
23:46:19  13 of 92 PASS not_null_audit_world_reconciliation_run_id ....................... [PASS in 1.23s]
23:46:19  17 of 92 START test not_null_dim_months_period ................................. [RUN]
23:46:19  14 of 92 PASS unique_audit_world_reconciliation_run_id ......................... [PASS in 1.32s]
23:46:19  18 of 92 START test unique_dim_months_month_start_date ......................... [RUN]
23:46:20  16 of 92 PASS not_null_dim_months_month_start_date ............................. [PASS in 0.79s]
23:46:20  19 of 92 START test unique_dim_months_period ................................... [RUN]
23:46:20  15 of 92 PASS assert_month_spine_complete ...................................... [PASS in 0.89s]
23:46:20  20 of 92 START test compound_unique_hs_code_reference_hs_version__cmd_code ..... [RUN]
23:46:20  17 of 92 PASS not_null_dim_months_period ....................................... [PASS in 0.74s]
23:46:20  21 of 92 START test not_null_hs_code_reference_cmd_code ........................ [RUN]
23:46:20  18 of 92 PASS unique_dim_months_month_start_date ............................... [PASS in 0.76s]
23:46:20  22 of 92 START test not_null_hs_code_reference_code_level ...................... [RUN]
23:46:21  20 of 92 PASS compound_unique_hs_code_reference_hs_version__cmd_code ........... [PASS in 0.78s]
23:46:21  23 of 92 START test not_null_hs_code_reference_hs_description .................. [RUN]
23:46:21  19 of 92 PASS unique_dim_months_period ......................................... [PASS in 0.86s]
23:46:21  24 of 92 START test not_null_hs_code_reference_hs_version ...................... [RUN]
23:46:21  22 of 92 PASS not_null_hs_code_reference_code_level ............................ [PASS in 0.72s]
23:46:21  25 of 92 START test not_null_hs_code_reference_parent_code ..................... [RUN]
23:46:21  23 of 92 PASS not_null_hs_code_reference_hs_description ........................ [PASS in 0.70s]
23:46:21  26 of 92 START test not_null_hs_code_reference_retrieved_at .................... [RUN]
23:46:21  24 of 92 PASS not_null_hs_code_reference_hs_version ............................ [PASS in 0.81s]
23:46:21  27 of 92 START test not_null_hs_code_reference_source_url ...................... [RUN]
23:46:22  21 of 92 PASS not_null_hs_code_reference_cmd_code .............................. [PASS in 1.78s]
23:46:22  28 of 92 START test accepted_values_country_reference_classification_status__verified__needs_review  [RUN]
23:46:22  25 of 92 PASS not_null_hs_code_reference_parent_code ........................... [PASS in 0.82s]
23:46:22  29 of 92 START test accepted_values_country_reference_partner_type__country__world__aggregate__special__unknown  [RUN]
23:46:22  26 of 92 PASS not_null_hs_code_reference_retrieved_at .......................... [PASS in 0.80s]
23:46:22  30 of 92 START test accepted_values_country_reference_reconciliation_role__detail__overlap__world__unresolved  [RUN]
23:46:22  27 of 92 PASS not_null_hs_code_reference_source_url ............................ [PASS in 0.80s]
23:46:22  31 of 92 START test not_null_country_reference_classification_note ............. [RUN]
23:46:22  28 of 92 PASS accepted_values_country_reference_classification_status__verified__needs_review  [PASS in 0.71s]
23:46:22  32 of 92 START test not_null_country_reference_classification_status ........... [RUN]
23:46:23  29 of 92 PASS accepted_values_country_reference_partner_type__country__world__aggregate__special__unknown  [PASS in 0.79s]
23:46:23  33 of 92 START test not_null_country_reference_partner_code .................... [RUN]
23:46:23  30 of 92 PASS accepted_values_country_reference_reconciliation_role__detail__overlap__world__unresolved  [PASS in 0.79s]
23:46:23  34 of 92 START test not_null_country_reference_partner_type .................... [RUN]
23:46:23  31 of 92 PASS not_null_country_reference_classification_note ................... [PASS in 0.70s]
23:46:23  35 of 92 START test not_null_country_reference_reconciliation_role ............. [RUN]
23:46:23  32 of 92 PASS not_null_country_reference_classification_status ................. [PASS in 1.00s]
23:46:23  36 of 92 START test not_null_country_reference_retrieved_at .................... [RUN]
23:46:23  33 of 92 PASS not_null_country_reference_partner_code .......................... [PASS in 0.74s]
23:46:23  37 of 92 START test not_null_country_reference_source_name ..................... [RUN]
23:46:24  34 of 92 PASS not_null_country_reference_partner_type .......................... [PASS in 0.70s]
23:46:24  38 of 92 START test not_null_country_reference_source_url ...................... [RUN]
23:46:24  35 of 92 PASS not_null_country_reference_reconciliation_role ................... [PASS in 0.71s]
23:46:24  39 of 92 START test unique_country_reference_partner_code ...................... [RUN]
23:46:24  37 of 92 PASS not_null_country_reference_source_name ........................... [PASS in 0.65s]
23:46:24  40 of 92 START sql table model trade_analytics_day10_dev.dim_hs_codes .......... [RUN]
23:46:24  38 of 92 PASS not_null_country_reference_source_url ............................ [PASS in 0.70s]
23:46:24  36 of 92 PASS not_null_country_reference_retrieved_at .......................... [PASS in 1.03s]
23:46:24  39 of 92 PASS unique_country_reference_partner_code ............................ [PASS in 0.74s]
23:46:24  41 of 92 START sql table model trade_analytics_day10_dev.dim_countries ......... [RUN]
23:46:26  40 of 92 OK created sql table model trade_analytics_day10_dev.dim_hs_codes ..... [CREATE TABLE (1.0 rows, 154.0 Bytes processed) in 1.74s]
23:46:26  42 of 92 START test assert_hs_reference_contract ............................... [RUN]
23:46:26  43 of 92 START test compound_unique_dim_hs_codes_hs_version__cmd_code .......... [RUN]
23:46:26  44 of 92 START test not_null_dim_hs_codes_cmd_code ............................. [RUN]
23:46:26  41 of 92 OK created sql table model trade_analytics_day10_dev.dim_countries .... [CREATE TABLE (69.0 rows, 36.4 KiB processed) in 1.61s]
23:46:26  45 of 92 START test not_null_dim_hs_codes_code_level ........................... [RUN]
23:46:26  43 of 92 PASS compound_unique_dim_hs_codes_hs_version__cmd_code ................ [PASS in 0.72s]
23:46:26  46 of 92 START test not_null_dim_hs_codes_hs_version ........................... [RUN]
23:46:26  42 of 92 PASS assert_hs_reference_contract ..................................... [PASS in 0.79s]
23:46:26  47 of 92 START test accepted_values_dim_countries_classification_status__verified__needs_review  [RUN]
23:46:27  44 of 92 PASS not_null_dim_hs_codes_cmd_code ................................... [PASS in 0.91s]
23:46:27  48 of 92 START test accepted_values_dim_countries_partner_type__country__world__aggregate__special__unknown  [RUN]
23:46:27  45 of 92 PASS not_null_dim_hs_codes_code_level ................................. [PASS in 0.74s]
23:46:27  49 of 92 START test accepted_values_dim_countries_reconciliation_role__detail__overlap__world__unresolved  [RUN]
23:46:27  46 of 92 PASS not_null_dim_hs_codes_hs_version ................................. [PASS in 0.69s]
23:46:27  50 of 92 START test assert_special_partner_contract ............................ [RUN]
23:46:27  48 of 92 PASS accepted_values_dim_countries_partner_type__country__world__aggregate__special__unknown  [PASS in 0.85s]
23:46:27  51 of 92 START test not_null_dim_countries_classification_status ............... [RUN]
23:46:28  47 of 92 PASS accepted_values_dim_countries_classification_status__verified__needs_review  [PASS in 1.02s]
23:46:28  52 of 92 START test not_null_dim_countries_partner_code ........................ [RUN]
23:46:28  50 of 92 PASS assert_special_partner_contract .................................. [PASS in 0.68s]
23:46:28  53 of 92 START test not_null_dim_countries_partner_type ........................ [RUN]
23:46:28  49 of 92 PASS accepted_values_dim_countries_reconciliation_role__detail__overlap__world__unresolved  [PASS in 1.09s]
23:46:28  54 of 92 START test not_null_dim_countries_reconciliation_role ................. [RUN]
23:46:28  52 of 92 PASS not_null_dim_countries_partner_code .............................. [PASS in 0.69s]
23:46:28  55 of 92 START test unique_dim_countries_partner_code .......................... [RUN]
23:46:28  51 of 92 PASS not_null_dim_countries_classification_status ..................... [PASS in 0.92s]
23:46:28  54 of 92 PASS not_null_dim_countries_reconciliation_role ....................... [PASS in 0.69s]
23:46:29  53 of 92 PASS not_null_dim_countries_partner_type .............................. [PASS in 0.77s]
23:46:29  55 of 92 PASS unique_dim_countries_partner_code ................................ [PASS in 0.72s]
23:46:29  56 of 92 START sql table model trade_analytics_day10_dev.audit_partner_mapping_issues  [RUN]
23:46:29  57 of 92 START sql table model trade_analytics_day10_dev.fct_monthly_semiconductor_imports  [RUN]
23:46:31  57 of 92 OK created sql table model trade_analytics_day10_dev.fct_monthly_semiconductor_imports  [CREATE TABLE (67.0 rows, 26.6 KiB processed) in 1.80s]
23:46:31  58 of 92 START test accepted_values_fct_monthly_semiconductor_imports_classification_status__verified__needs_review  [RUN]
23:46:31  59 of 92 START test accepted_values_fct_monthly_semiconductor_imports_partner_type__country__world__aggregate__special__unknown  [RUN]
23:46:31  60 of 92 START test accepted_values_fct_monthly_semiconductor_imports_reconciliation_role__detail__overlap__world__unresolved  [RUN]
23:46:31  56 of 92 OK created sql table model trade_analytics_day10_dev.audit_partner_mapping_issues  [CREATE TABLE (1.0 rows, 29.6 KiB processed) in 1.94s]
23:46:31  61 of 92 START test assert_fact_contract ....................................... [RUN]
23:46:31  58 of 92 PASS accepted_values_fct_monthly_semiconductor_imports_classification_status__verified__needs_review  [PASS in 0.71s]
23:46:31  62 of 92 START test assert_fact_preserves_staging .............................. [RUN]
23:46:31  59 of 92 PASS accepted_values_fct_monthly_semiconductor_imports_partner_type__country__world__aggregate__special__unknown  [PASS in 0.76s]
23:46:31  63 of 92 START test compound_unique_fct_monthly_semiconductor_imports_period_start_date__partner_code__cmd_code__hs_version  [RUN]
23:46:32  61 of 92 PASS assert_fact_contract ............................................. [PASS in 0.65s]
23:46:32  64 of 92 START test not_null_fct_monthly_semiconductor_imports_cmd_code ........ [RUN]
23:46:32  60 of 92 PASS accepted_values_fct_monthly_semiconductor_imports_reconciliation_role__detail__overlap__world__unresolved  [PASS in 0.88s]
23:46:32  65 of 92 START test not_null_fct_monthly_semiconductor_imports_country_mapping_found  [RUN]
23:46:32  64 of 92 PASS not_null_fct_monthly_semiconductor_imports_cmd_code .............. [PASS in 0.67s]
23:46:32  66 of 92 START test not_null_fct_monthly_semiconductor_imports_hs_mapping_found  [RUN]
23:46:32  63 of 92 PASS compound_unique_fct_monthly_semiconductor_imports_period_start_date__partner_code__cmd_code__hs_version  [PASS in 0.71s]
23:46:32  67 of 92 START test not_null_fct_monthly_semiconductor_imports_hs_version ...... [RUN]
23:46:32  65 of 92 PASS not_null_fct_monthly_semiconductor_imports_country_mapping_found . [PASS in 0.72s]
23:46:32  68 of 92 START test not_null_fct_monthly_semiconductor_imports_month_mapping_found  [RUN]
23:46:33  62 of 92 PASS assert_fact_preserves_staging .................................... [PASS in 1.10s]
23:46:33  69 of 92 START test not_null_fct_monthly_semiconductor_imports_partner_code .... [RUN]
23:46:33  67 of 92 PASS not_null_fct_monthly_semiconductor_imports_hs_version ............ [PASS in 0.67s]
23:46:33  70 of 92 START test not_null_fct_monthly_semiconductor_imports_period_start_date  [RUN]
23:46:33  66 of 92 PASS not_null_fct_monthly_semiconductor_imports_hs_mapping_found ...... [PASS in 0.70s]
23:46:33  71 of 92 START test assert_missing_country_audited ............................. [RUN]
23:46:33  68 of 92 PASS not_null_fct_monthly_semiconductor_imports_month_mapping_found ... [PASS in 0.67s]
23:46:33  72 of 92 START test not_null_audit_partner_mapping_issues_issue_type ........... [RUN]
23:46:33  69 of 92 PASS not_null_fct_monthly_semiconductor_imports_partner_code .......... [PASS in 0.66s]
23:46:33  73 of 92 START test not_null_audit_partner_mapping_issues_observed_at .......... [RUN]
23:46:34  70 of 92 PASS not_null_fct_monthly_semiconductor_imports_period_start_date ..... [PASS in 0.74s]
23:46:34  74 of 92 START test not_null_audit_partner_mapping_issues_partner_code ......... [RUN]
23:46:34  72 of 92 PASS not_null_audit_partner_mapping_issues_issue_type ................. [PASS in 0.71s]
23:46:34  75 of 92 START unit_test int_partner_market_share::day09_invalid_denominators_and_zero_current  [RUN]
23:46:34  73 of 92 PASS not_null_audit_partner_mapping_issues_observed_at ................ [PASS in 0.68s]
23:46:34  71 of 92 PASS assert_missing_country_audited ................................... [PASS in 1.22s]
23:46:34  74 of 92 PASS not_null_audit_partner_mapping_issues_partner_code ............... [PASS in 0.68s]
23:46:37  75 of 92 PASS int_partner_market_share::day09_invalid_denominators_and_zero_current  [PASS in 2.92s]
23:46:37  76 of 92 START unit_test int_partner_market_share::day09_partner_and_version_isolation  [RUN]
23:46:39  76 of 92 PASS int_partner_market_share::day09_partner_and_version_isolation .... [PASS in 2.64s]
23:46:39  77 of 92 START unit_test int_partner_market_share::day09_calendar_growth_and_weights  [RUN]
23:46:42  77 of 92 PASS int_partner_market_share::day09_calendar_growth_and_weights ...... [PASS in 2.85s]
23:46:42  78 of 92 START sql view model trade_analytics_day10_dev.int_partner_market_share  [RUN]
23:46:43  78 of 92 OK created sql view model trade_analytics_day10_dev.int_partner_market_share  [CREATE VIEW (0 processed) in 0.81s]
23:46:43  79 of 92 START test accepted_values_int_partner_market_share_market_share_status__ok__missing_world__invalid_world__missing_value  [RUN]
23:46:43  80 of 92 START test compound_unique_int_partner_market_share_period_start_date__partner_code__cmd_code__hs_version  [RUN]
23:46:43  81 of 92 START test not_null_int_partner_market_share_market_share_status ...... [RUN]
23:46:45  80 of 92 PASS compound_unique_int_partner_market_share_period_start_date__partner_code__cmd_code__hs_version  [PASS in 2.11s]
23:46:45  79 of 92 PASS accepted_values_int_partner_market_share_market_share_status__ok__missing_world__invalid_world__missing_value  [PASS in 2.12s]
23:46:45  81 of 92 PASS not_null_int_partner_market_share_market_share_status ............ [PASS in 2.25s]
23:46:45  82 of 92 START unit_test int_market_concentration_hhi::day09_hhi_hand_calculations_and_coverage  [RUN]
23:46:48  82 of 92 PASS int_market_concentration_hhi::day09_hhi_hand_calculations_and_coverage  [PASS in 2.97s]
23:46:48  83 of 92 START unit_test int_market_concentration_hhi::day09_hhi_unreviewed_country  [RUN]
23:46:51  83 of 92 PASS int_market_concentration_hhi::day09_hhi_unreviewed_country ....... [PASS in 2.39s]
23:46:51  84 of 92 START sql view model trade_analytics_day10_dev.int_market_concentration_hhi  [RUN]
23:46:51  84 of 92 OK created sql view model trade_analytics_day10_dev.int_market_concentration_hhi  [CREATE VIEW (0 processed) in 0.88s]
23:46:51  85 of 92 START test accepted_values_int_market_concentration_hhi_hhi_status__ok__missing_world__invalid_world__no_countries__missing_country_value__negative_country_value__unreviewed_country__insufficient_coverage  [RUN]
23:46:51  86 of 92 START test compound_unique_int_market_concentration_hhi_period_start_date__cmd_code__hs_version  [RUN]
23:46:51  87 of 92 START test not_null_int_market_concentration_hhi_hhi_status ........... [RUN]
23:46:53  85 of 92 PASS accepted_values_int_market_concentration_hhi_hhi_status__ok__missing_world__invalid_world__no_countries__missing_country_value__negative_country_value__unreviewed_country__insufficient_coverage  [PASS in 1.06s]
23:46:53  87 of 92 PASS not_null_int_market_concentration_hhi_hhi_status ................. [PASS in 1.09s]
23:46:53  86 of 92 PASS compound_unique_int_market_concentration_hhi_period_start_date__cmd_code__hs_version  [PASS in 1.26s]
23:46:53  88 of 92 START sql table model trade_analytics_day10_dev.mart_us_semiconductor_supply_chain_candidate  [RUN]
23:46:55  88 of 92 OK created sql table model trade_analytics_day10_dev.mart_us_semiconductor_supply_chain_candidate  [CREATE TABLE (67.0 rows, 28.8 KiB processed) in 2.09s]
23:46:55  89 of 92 START test assert_day09_candidate_preserves_fact ...................... [RUN]
23:46:55  90 of 92 START test assert_day09_metric_contract ............................... [RUN]
23:46:55  91 of 92 START test compound_unique_mart_us_semiconductor_supply_chain_candidate_period_start_date__partner_code__cmd_code__hs_version  [RUN]
23:46:55  92 of 92 START test not_null_mart_us_semiconductor_supply_chain_candidate_hhi_status  [RUN]
23:46:56  92 of 92 PASS not_null_mart_us_semiconductor_supply_chain_candidate_hhi_status . [PASS in 0.69s]
23:46:56  91 of 92 PASS compound_unique_mart_us_semiconductor_supply_chain_candidate_period_start_date__partner_code__cmd_code__hs_version  [PASS in 0.70s]
23:46:56  90 of 92 PASS assert_day09_metric_contract ..................................... [PASS in 0.70s]
23:46:56  89 of 92 PASS assert_day09_candidate_preserves_fact ............................ [PASS in 0.71s]
23:46:56
23:46:56  Finished running 2 seeds, 6 table models, 74 data tests, 5 unit tests, 5 view models in 0 hours 0 minutes and 42.92 seconds (42.92s).
23:46:56
23:46:56  Completed successfully
23:46:56
23:46:56  Done. PASS=92 WARN=0 ERROR=0 SKIP=0 NO-OP=0 REUSED=0 TOTAL=92
