PASS first_failure: FAIL
PASS boundary_100: PASS
PASS boundary_99.5: PASS
PASS boundary_100.5: PASS
PASS boundary_99.49: WARN
PASS boundary_98: WARN
PASS boundary_102: WARN
PASS boundary_97.99: FAIL
PASS boundary_102.01: FAIL
PASS world_None: FAIL
PASS world_0: FAIL
PASS world_-1: FAIL
PASS special_coverage: PASS
PASS overlap: PASS
PASS duplicate: FAIL
PASS null_amount: FAIL
PASS negative: FAIL
PASS unresolved: FAIL
PASS classification: FAIL
PASS wrong_version: FAIL
PASS missing_dimension: FAIL
PASS missing_load: FAIL
PASS tampered_share: FAIL
PASS world_duplicate: FAIL
PASS empty: FAIL
PASS first_failure: FAIL
PASS boundary_100: PASS
PASS boundary_99.5: PASS
PASS boundary_100.5: PASS
PASS boundary_99.49: WARN
PASS boundary_98: WARN
PASS boundary_102: WARN
PASS boundary_97.99: FAIL
PASS boundary_102.01: FAIL
PASS world_None: FAIL
PASS world_0: FAIL
PASS world_-1: FAIL
PASS special_coverage: PASS
PASS overlap: PASS
PASS duplicate: FAIL
PASS null_amount: FAIL
PASS negative: FAIL
PASS unresolved: FAIL
PASS classification: FAIL
PASS wrong_version: FAIL
PASS missing_dimension: FAIL
PASS missing_load: FAIL
PASS tampered_share: FAIL
PASS world_duplicate: FAIL
PASS empty: FAIL
PASS source_mismatch: FAIL
PASS stale_attestation: FAIL
PASS baseline: PASS
PASS other_month: PASS
