[0m07:43:23  Running with dbt=1.12.5
[0m07:43:24  Registered adapter: bigquery=1.12.1
[0m07:43:24  Found 10 models, 71 data tests, 2 seeds, 3 sources, 563 macros, 5 unit tests
[0m07:43:24  
[0m07:43:24  Concurrency: 2 threads (target='ci')
[0m07:43:24  
[0m07:43:25  1 of 88 START sql table model trade_ci_oidc_20261001_v1.dim_months ............. [RUN]
[0m07:43:25  2 of 88 START sql view model trade_ci_oidc_20261001_v1.stg_un_comtrade__partner_trades  [RUN]
[0m07:43:26  2 of 88 OK created sql view model trade_ci_oidc_20261001_v1.stg_un_comtrade__partner_trades  [[32mCREATE VIEW (0 processed)[0m in 0.87s]
[0m07:43:26  3 of 88 START sql view model trade_ci_oidc_20261001_v1.stg_un_comtrade__world_totals  [RUN]
[0m07:43:27  3 of 88 OK created sql view model trade_ci_oidc_20261001_v1.stg_un_comtrade__world_totals  [[32mCREATE VIEW (0 processed)[0m in 0.64s]
[0m07:43:27  4 of 88 START seed file trade_ci_oidc_20261001_v1.country_reference ............ [RUN]
[0m07:43:27  1 of 88 OK created sql table model trade_ci_oidc_20261001_v1.dim_months ........ [[32mCREATE TABLE (24.0 rows, 0 processed)[0m in 2.23s]
[0m07:43:27  5 of 88 START seed file trade_ci_oidc_20261001_v1.hs_code_reference ............ [RUN]
[0m07:43:30  4 of 88 OK loaded seed file trade_ci_oidc_20261001_v1.country_reference ........ [[32mINSERT 150[0m in 3.31s]
[0m07:43:30  6 of 88 START test assert_partner_grain_unique ................................. [RUN]
[0m07:43:31  6 of 88 PASS assert_partner_grain_unique ....................................... [[32mPASS[0m in 1.18s]
[0m07:43:31  7 of 88 START test assert_january_2023_exists .................................. [RUN]
[0m07:43:32  7 of 88 PASS assert_january_2023_exists ........................................ [[32mPASS[0m in 1.20s]
[0m07:43:32  8 of 88 START test assert_staging_contract ..................................... [RUN]
[0m07:43:33  5 of 88 OK loaded seed file trade_ci_oidc_20261001_v1.hs_code_reference ........ [[32mINSERT 1[0m in 5.77s]
[0m07:43:33  9 of 88 START test assert_staging_matches_raw .................................. [RUN]
[0m07:43:34  8 of 88 PASS assert_staging_contract ........................................... [[32mPASS[0m in 1.34s]
[0m07:43:34  10 of 88 START test assert_world_grain_unique .................................. [RUN]
[0m07:43:34  9 of 88 PASS assert_staging_matches_raw ........................................ [[32mPASS[0m in 1.19s]
[0m07:43:34  11 of 88 START test assert_month_spine_complete ................................ [RUN]
[0m07:43:35  10 of 88 PASS assert_world_grain_unique ........................................ [[32mPASS[0m in 0.87s]
[0m07:43:35  12 of 88 START test not_null_dim_months_month_start_date ....................... [RUN]
[0m07:43:35  11 of 88 PASS assert_month_spine_complete ...................................... [[32mPASS[0m in 1.01s]
[0m07:43:35  13 of 88 START test not_null_dim_months_period ................................. [RUN]
[0m07:43:35  12 of 88 PASS not_null_dim_months_month_start_date ............................. [[32mPASS[0m in 0.82s]
[0m07:43:35  14 of 88 START test unique_dim_months_month_start_date ......................... [RUN]
[0m07:43:36  14 of 88 PASS unique_dim_months_month_start_date ............................... [[32mPASS[0m in 0.83s]
[0m07:43:36  13 of 88 PASS not_null_dim_months_period ....................................... [[32mPASS[0m in 0.88s]
[0m07:43:36  15 of 88 START test unique_dim_months_period ................................... [RUN]
[0m07:43:36  16 of 88 START test accepted_values_country_reference_classification_status__verified__needs_review  [RUN]
[0m07:43:37  15 of 88 PASS unique_dim_months_period ......................................... [[32mPASS[0m in 0.91s]
[0m07:43:37  17 of 88 START test accepted_values_country_reference_partner_type__country__world__aggregate__special__unknown  [RUN]
[0m07:43:37  16 of 88 PASS accepted_values_country_reference_classification_status__verified__needs_review  [[32mPASS[0m in 0.98s]
[0m07:43:37  18 of 88 START test accepted_values_country_reference_reconciliation_role__detail__overlap__world__unresolved  [RUN]
[0m07:43:38  17 of 88 PASS accepted_values_country_reference_partner_type__country__world__aggregate__special__unknown  [[32mPASS[0m in 0.78s]
[0m07:43:38  19 of 88 START test not_null_country_reference_classification_note ............. [RUN]
[0m07:43:38  18 of 88 PASS accepted_values_country_reference_reconciliation_role__detail__overlap__world__unresolved  [[32mPASS[0m in 0.85s]
[0m07:43:38  20 of 88 START test not_null_country_reference_classification_status ........... [RUN]
[0m07:43:39  19 of 88 PASS not_null_country_reference_classification_note ................... [[32mPASS[0m in 0.72s]
[0m07:43:39  21 of 88 START test not_null_country_reference_partner_code .................... [RUN]
[0m07:43:39  20 of 88 PASS not_null_country_reference_classification_status ................. [[32mPASS[0m in 0.84s]
[0m07:43:39  22 of 88 START test not_null_country_reference_partner_type .................... [RUN]
[0m07:43:39  21 of 88 PASS not_null_country_reference_partner_code .......................... [[32mPASS[0m in 0.78s]
[0m07:43:39  23 of 88 START test not_null_country_reference_reconciliation_role ............. [RUN]
[0m07:43:40  22 of 88 PASS not_null_country_reference_partner_type .......................... [[32mPASS[0m in 0.97s]
[0m07:43:40  24 of 88 START test not_null_country_reference_retrieved_at .................... [RUN]
[0m07:43:40  23 of 88 PASS not_null_country_reference_reconciliation_role ................... [[32mPASS[0m in 0.79s]
[0m07:43:40  25 of 88 START test not_null_country_reference_source_name ..................... [RUN]
[0m07:43:41  24 of 88 PASS not_null_country_reference_retrieved_at .......................... [[32mPASS[0m in 0.74s]
[0m07:43:41  26 of 88 START test not_null_country_reference_source_url ...................... [RUN]
[0m07:43:41  25 of 88 PASS not_null_country_reference_source_name ........................... [[32mPASS[0m in 0.79s]
[0m07:43:41  27 of 88 START test unique_country_reference_partner_code ...................... [RUN]
[0m07:43:41  26 of 88 PASS not_null_country_reference_source_url ............................ [[32mPASS[0m in 0.82s]
[0m07:43:41  28 of 88 START test compound_unique_hs_code_reference_hs_version__cmd_code ..... [RUN]
[0m07:43:42  27 of 88 PASS unique_country_reference_partner_code ............................ [[32mPASS[0m in 0.82s]
[0m07:43:42  29 of 88 START test not_null_hs_code_reference_cmd_code ........................ [RUN]
[0m07:43:42  28 of 88 PASS compound_unique_hs_code_reference_hs_version__cmd_code ........... [[32mPASS[0m in 0.75s]
[0m07:43:42  30 of 88 START test not_null_hs_code_reference_code_level ...................... [RUN]
[0m07:43:43  29 of 88 PASS not_null_hs_code_reference_cmd_code .............................. [[32mPASS[0m in 0.77s]
[0m07:43:43  31 of 88 START test not_null_hs_code_reference_hs_description .................. [RUN]
[0m07:43:43  30 of 88 PASS not_null_hs_code_reference_code_level ............................ [[32mPASS[0m in 0.73s]
[0m07:43:43  32 of 88 START test not_null_hs_code_reference_hs_version ...................... [RUN]
[0m07:43:43  31 of 88 PASS not_null_hs_code_reference_hs_description ........................ [[32mPASS[0m in 0.72s]
[0m07:43:43  33 of 88 START test not_null_hs_code_reference_parent_code ..................... [RUN]
[0m07:43:44  32 of 88 PASS not_null_hs_code_reference_hs_version ............................ [[32mPASS[0m in 0.74s]
[0m07:43:44  34 of 88 START test not_null_hs_code_reference_retrieved_at .................... [RUN]
[0m07:43:44  33 of 88 PASS not_null_hs_code_reference_parent_code ........................... [[32mPASS[0m in 0.76s]
[0m07:43:44  35 of 88 START test not_null_hs_code_reference_source_url ...................... [RUN]
[0m07:43:45  34 of 88 PASS not_null_hs_code_reference_retrieved_at .......................... [[32mPASS[0m in 0.82s]
[0m07:43:45  36 of 88 START sql table model trade_ci_oidc_20261001_v1.dim_countries ......... [RUN]
[0m07:43:45  35 of 88 PASS not_null_hs_code_reference_source_url ............................ [[32mPASS[0m in 0.82s]
[0m07:43:45  37 of 88 START sql table model trade_ci_oidc_20261001_v1.dim_hs_codes .......... [RUN]
[0m07:43:46  36 of 88 OK created sql table model trade_ci_oidc_20261001_v1.dim_countries .... [[32mCREATE TABLE (150.0 rows, 79.6 KiB processed)[0m in 1.84s]
[0m07:43:46  38 of 88 START test accepted_values_dim_countries_classification_status__verified__needs_review  [RUN]
[0m07:43:47  37 of 88 OK created sql table model trade_ci_oidc_20261001_v1.dim_hs_codes ..... [[32mCREATE TABLE (1.0 rows, 154.0 Bytes processed)[0m in 1.84s]
[0m07:43:47  39 of 88 START test accepted_values_dim_countries_partner_type__country__world__aggregate__special__unknown  [RUN]
[0m07:43:47  38 of 88 PASS accepted_values_dim_countries_classification_status__verified__needs_review  [[32mPASS[0m in 0.80s]
[0m07:43:47  40 of 88 START test accepted_values_dim_countries_reconciliation_role__detail__overlap__world__unresolved  [RUN]
[0m07:43:48  39 of 88 PASS accepted_values_dim_countries_partner_type__country__world__aggregate__special__unknown  [[32mPASS[0m in 0.83s]
[0m07:43:48  41 of 88 START test assert_special_partner_contract ............................ [RUN]
[0m07:43:48  40 of 88 PASS accepted_values_dim_countries_reconciliation_role__detail__overlap__world__unresolved  [[32mPASS[0m in 0.72s]
[0m07:43:48  42 of 88 START test not_null_dim_countries_classification_status ............... [RUN]
[0m07:43:48  41 of 88 PASS assert_special_partner_contract .................................. [[32mPASS[0m in 0.81s]
[0m07:43:48  43 of 88 START test not_null_dim_countries_partner_code ........................ [RUN]
[0m07:43:49  42 of 88 PASS not_null_dim_countries_classification_status ..................... [[32mPASS[0m in 0.70s]
[0m07:43:49  44 of 88 START test not_null_dim_countries_partner_type ........................ [RUN]
[0m07:43:49  43 of 88 PASS not_null_dim_countries_partner_code .............................. [[32mPASS[0m in 0.77s]
[0m07:43:49  45 of 88 START test not_null_dim_countries_reconciliation_role ................. [RUN]
[0m07:43:49  44 of 88 PASS not_null_dim_countries_partner_type .............................. [[32mPASS[0m in 0.76s]
[0m07:43:49  46 of 88 START test unique_dim_countries_partner_code .......................... [RUN]
[0m07:43:50  45 of 88 PASS not_null_dim_countries_reconciliation_role ....................... [[32mPASS[0m in 0.75s]
[0m07:43:50  47 of 88 START test assert_hs_reference_contract ............................... [RUN]
[0m07:43:50  46 of 88 PASS unique_dim_countries_partner_code ................................ [[32mPASS[0m in 0.79s]
[0m07:43:50  48 of 88 START test compound_unique_dim_hs_codes_hs_version__cmd_code .......... [RUN]
[0m07:43:51  47 of 88 PASS assert_hs_reference_contract ..................................... [[32mPASS[0m in 0.81s]
[0m07:43:51  49 of 88 START test not_null_dim_hs_codes_cmd_code ............................. [RUN]
[0m07:43:51  48 of 88 PASS compound_unique_dim_hs_codes_hs_version__cmd_code ................ [[32mPASS[0m in 0.75s]
[0m07:43:51  50 of 88 START test not_null_dim_hs_codes_code_level ........................... [RUN]
[0m07:43:52  49 of 88 PASS not_null_dim_hs_codes_cmd_code ................................... [[32mPASS[0m in 0.76s]
[0m07:43:52  51 of 88 START test not_null_dim_hs_codes_hs_version ........................... [RUN]
[0m07:43:52  50 of 88 PASS not_null_dim_hs_codes_code_level ................................. [[32mPASS[0m in 0.73s]
[0m07:43:52  52 of 88 START sql table model trade_ci_oidc_20261001_v1.audit_partner_mapping_issues  [RUN]
[0m07:43:52  51 of 88 PASS not_null_dim_hs_codes_hs_version ................................. [[32mPASS[0m in 0.79s]
[0m07:43:52  53 of 88 START sql table model trade_ci_oidc_20261001_v1.fct_monthly_semiconductor_imports  [RUN]
[0m07:43:54  52 of 88 OK created sql table model trade_ci_oidc_20261001_v1.audit_partner_mapping_issues  [[32mCREATE TABLE (24.0 rows, 389.8 KiB processed)[0m in 2.27s]
[0m07:43:54  54 of 88 START test assert_missing_country_audited ............................. [RUN]
[0m07:43:55  53 of 88 OK created sql table model trade_ci_oidc_20261001_v1.fct_monthly_semiconductor_imports  [[32mCREATE TABLE (1.6k rows, 569.2 KiB processed)[0m in 2.50s]
[0m07:43:55  55 of 88 START test not_null_audit_partner_mapping_issues_issue_type ........... [RUN]
[0m07:43:55  54 of 88 PASS assert_missing_country_audited ................................... [[32mPASS[0m in 1.54s]
[0m07:43:55  56 of 88 START test not_null_audit_partner_mapping_issues_observed_at .......... [RUN]
[0m07:43:56  55 of 88 PASS not_null_audit_partner_mapping_issues_issue_type ................. [[32mPASS[0m in 0.76s]
[0m07:43:56  57 of 88 START test not_null_audit_partner_mapping_issues_partner_code ......... [RUN]
[0m07:43:56  56 of 88 PASS not_null_audit_partner_mapping_issues_observed_at ................ [[32mPASS[0m in 0.74s]
[0m07:43:56  58 of 88 START test accepted_values_fct_monthly_semiconductor_imports_classification_status__verified__needs_review  [RUN]
[0m07:43:56  57 of 88 PASS not_null_audit_partner_mapping_issues_partner_code ............... [[32mPASS[0m in 0.77s]
[0m07:43:56  59 of 88 START test accepted_values_fct_monthly_semiconductor_imports_partner_type__country__world__aggregate__special__unknown  [RUN]
[0m07:43:57  58 of 88 PASS accepted_values_fct_monthly_semiconductor_imports_classification_status__verified__needs_review  [[32mPASS[0m in 0.73s]
[0m07:43:57  60 of 88 START test accepted_values_fct_monthly_semiconductor_imports_reconciliation_role__detail__overlap__world__unresolved  [RUN]
[0m07:43:57  59 of 88 PASS accepted_values_fct_monthly_semiconductor_imports_partner_type__country__world__aggregate__special__unknown  [[32mPASS[0m in 0.71s]
[0m07:43:57  61 of 88 START test assert_fact_contract ....................................... [RUN]
[0m07:43:58  60 of 88 PASS accepted_values_fct_monthly_semiconductor_imports_reconciliation_role__detail__overlap__world__unresolved  [[32mPASS[0m in 0.65s]
[0m07:43:58  62 of 88 START test assert_fact_preserves_staging .............................. [RUN]
[0m07:43:58  61 of 88 PASS assert_fact_contract ............................................. [[32mPASS[0m in 0.73s]
[0m07:43:58  63 of 88 START test compound_unique_fct_monthly_semiconductor_imports_period_start_date__partner_code__cmd_code__hs_version  [RUN]
[0m07:43:59  63 of 88 PASS compound_unique_fct_monthly_semiconductor_imports_period_start_date__partner_code__cmd_code__hs_version  [[32mPASS[0m in 0.72s]
[0m07:43:59  64 of 88 START test not_null_fct_monthly_semiconductor_imports_cmd_code ........ [RUN]
[0m07:43:59  62 of 88 PASS assert_fact_preserves_staging .................................... [[32mPASS[0m in 1.37s]
[0m07:43:59  65 of 88 START test not_null_fct_monthly_semiconductor_imports_country_mapping_found  [RUN]
[0m07:43:59  64 of 88 PASS not_null_fct_monthly_semiconductor_imports_cmd_code .............. [[32mPASS[0m in 0.69s]
[0m07:43:59  66 of 88 START test not_null_fct_monthly_semiconductor_imports_hs_mapping_found  [RUN]
[0m07:44:00  65 of 88 PASS not_null_fct_monthly_semiconductor_imports_country_mapping_found . [[32mPASS[0m in 0.76s]
[0m07:44:00  67 of 88 START test not_null_fct_monthly_semiconductor_imports_hs_version ...... [RUN]
[0m07:44:00  66 of 88 PASS not_null_fct_monthly_semiconductor_imports_hs_mapping_found ...... [[32mPASS[0m in 0.68s]
[0m07:44:00  68 of 88 START test not_null_fct_monthly_semiconductor_imports_month_mapping_found  [RUN]
[0m07:44:00  67 of 88 PASS not_null_fct_monthly_semiconductor_imports_hs_version ............ [[32mPASS[0m in 0.75s]
[0m07:44:00  69 of 88 START test not_null_fct_monthly_semiconductor_imports_partner_code .... [RUN]
[0m07:44:01  68 of 88 PASS not_null_fct_monthly_semiconductor_imports_month_mapping_found ... [[32mPASS[0m in 0.75s]
[0m07:44:01  70 of 88 START test not_null_fct_monthly_semiconductor_imports_period_start_date  [RUN]
[0m07:44:01  69 of 88 PASS not_null_fct_monthly_semiconductor_imports_partner_code .......... [[32mPASS[0m in 0.78s]
[0m07:44:02  70 of 88 PASS not_null_fct_monthly_semiconductor_imports_period_start_date ..... [[32mPASS[0m in 0.90s]
[0m07:44:02  71 of 88 START unit_test int_partner_market_share::day09_calendar_growth_and_weights  [RUN]
[0m07:44:06  71 of 88 PASS int_partner_market_share::day09_calendar_growth_and_weights ...... [[32mPASS[0m in 3.95s]
[0m07:44:06  72 of 88 START unit_test int_partner_market_share::day09_invalid_denominators_and_zero_current  [RUN]
[0m07:44:08  72 of 88 PASS int_partner_market_share::day09_invalid_denominators_and_zero_current  [[32mPASS[0m in 2.86s]
[0m07:44:08  73 of 88 START unit_test int_partner_market_share::day09_partner_and_version_isolation  [RUN]
[0m07:44:12  73 of 88 PASS int_partner_market_share::day09_partner_and_version_isolation .... [[32mPASS[0m in 3.72s]
[0m07:44:12  74 of 88 START sql view model trade_ci_oidc_20261001_v1.int_partner_market_share  [RUN]
[0m07:44:13  74 of 88 OK created sql view model trade_ci_oidc_20261001_v1.int_partner_market_share  [[32mCREATE VIEW (0 processed)[0m in 0.97s]
[0m07:44:13  75 of 88 START test accepted_values_int_partner_market_share_market_share_status__ok__missing_world__invalid_world__missing_value  [RUN]
[0m07:44:13  76 of 88 START test compound_unique_int_partner_market_share_period_start_date__partner_code__cmd_code__hs_version  [RUN]
[0m07:44:14  75 of 88 PASS accepted_values_int_partner_market_share_market_share_status__ok__missing_world__invalid_world__missing_value  [[32mPASS[0m in 1.09s]
[0m07:44:14  77 of 88 START test not_null_int_partner_market_share_market_share_status ...... [RUN]
[0m07:44:14  76 of 88 PASS compound_unique_int_partner_market_share_period_start_date__partner_code__cmd_code__hs_version  [[32mPASS[0m in 1.11s]
[0m07:44:15  77 of 88 PASS not_null_int_partner_market_share_market_share_status ............ [[32mPASS[0m in 1.08s]
[0m07:44:15  78 of 88 START unit_test int_market_concentration_hhi::day09_hhi_unreviewed_country  [RUN]
[0m07:44:18  78 of 88 PASS int_market_concentration_hhi::day09_hhi_unreviewed_country ....... [[32mPASS[0m in 2.58s]
[0m07:44:18  79 of 88 START unit_test int_market_concentration_hhi::day09_hhi_hand_calculations_and_coverage  [RUN]
[0m07:44:21  79 of 88 PASS int_market_concentration_hhi::day09_hhi_hand_calculations_and_coverage  [[32mPASS[0m in 2.98s]
[0m07:44:21  80 of 88 START sql view model trade_ci_oidc_20261001_v1.int_market_concentration_hhi  [RUN]
[0m07:44:22  80 of 88 OK created sql view model trade_ci_oidc_20261001_v1.int_market_concentration_hhi  [[32mCREATE VIEW (0 processed)[0m in 0.83s]
[0m07:44:22  81 of 88 START test accepted_values_int_market_concentration_hhi_hhi_status__ok__missing_world__invalid_world__no_countries__missing_country_value__negative_country_value__unreviewed_country__insufficient_coverage  [RUN]
[0m07:44:22  82 of 88 START test compound_unique_int_market_concentration_hhi_period_start_date__cmd_code__hs_version  [RUN]
[0m07:44:23  82 of 88 PASS compound_unique_int_market_concentration_hhi_period_start_date__cmd_code__hs_version  [[32mPASS[0m in 1.12s]
[0m07:44:23  83 of 88 START test not_null_int_market_concentration_hhi_hhi_status ........... [RUN]
[0m07:44:23  81 of 88 PASS accepted_values_int_market_concentration_hhi_hhi_status__ok__missing_world__invalid_world__no_countries__missing_country_value__negative_country_value__unreviewed_country__insufficient_coverage  [[32mPASS[0m in 1.14s]
[0m07:44:24  83 of 88 PASS not_null_int_market_concentration_hhi_hhi_status ................. [[32mPASS[0m in 1.18s]
[0m07:44:24  84 of 88 START sql table model trade_ci_oidc_20261001_v1.mart_us_semiconductor_supply_chain_candidate  [RUN]
[0m07:44:26  84 of 88 OK created sql table model trade_ci_oidc_20261001_v1.mart_us_semiconductor_supply_chain_candidate  [[32mCREATE TABLE (1.6k rows, 691.3 KiB processed)[0m in 2.29s]
[0m07:44:26  85 of 88 START test assert_day09_candidate_preserves_fact ...................... [RUN]
[0m07:44:26  86 of 88 START test assert_day09_metric_contract ............................... [RUN]
[0m07:44:27  85 of 88 PASS assert_day09_candidate_preserves_fact ............................ [[32mPASS[0m in 0.72s]
[0m07:44:27  87 of 88 START test compound_unique_mart_us_semiconductor_supply_chain_candidate_period_start_date__partner_code__cmd_code__hs_version  [RUN]
[0m07:44:27  86 of 88 PASS assert_day09_metric_contract ..................................... [[32mPASS[0m in 0.73s]
[0m07:44:27  88 of 88 START test not_null_mart_us_semiconductor_supply_chain_candidate_hhi_status  [RUN]
[0m07:44:28  87 of 88 PASS compound_unique_mart_us_semiconductor_supply_chain_candidate_period_start_date__partner_code__cmd_code__hs_version  [[32mPASS[0m in 0.69s]
[0m07:44:28  88 of 88 PASS not_null_mart_us_semiconductor_supply_chain_candidate_hhi_status . [[32mPASS[0m in 0.90s]
[0m07:44:28  
[0m07:44:28  Finished running 2 seeds, 6 table models, 71 data tests, 5 unit tests, 4 view models in 0 hours 1 minutes and 4.02 seconds (64.02s).
[0m07:44:28  
[0m07:44:28  [32mCompleted successfully[0m
[0m07:44:28  
[0m07:44:28  Done. PASS=88 WARN=0 ERROR=0 SKIP=0 NO-OP=0 REUSED=0 TOTAL=88
