[0m07:43:08  Running with dbt=1.12.5
[0m07:43:09  Registered adapter: bigquery=1.12.1
[0m07:43:09  Found 10 models, 71 data tests, 2 seeds, 3 sources, 563 macros, 5 unit tests
[0m07:43:09  
[0m07:43:09  Concurrency: 2 threads (target='ci')
[0m07:43:09  
[0m07:43:10  1 of 10 START sql table model trade_ci_oidc_20261001_v1.dim_countries .......... [RUN]
[0m07:43:10  2 of 10 START sql table model trade_ci_oidc_20261001_v1.dim_hs_codes ........... [RUN]
[0m07:43:12  1 of 10 OK created sql table model trade_ci_oidc_20261001_v1.dim_countries ..... [[32mCREATE TABLE (0.0 rows, 0 processed)[0m in 2.29s]
[0m07:43:12  2 of 10 OK created sql table model trade_ci_oidc_20261001_v1.dim_hs_codes ...... [[32mCREATE TABLE (0.0 rows, 0 processed)[0m in 2.29s]
[0m07:43:12  3 of 10 START sql table model trade_ci_oidc_20261001_v1.dim_months ............. [RUN]
[0m07:43:12  4 of 10 START sql view model trade_ci_oidc_20261001_v1.stg_un_comtrade__partner_trades  [RUN]
[0m07:43:13  4 of 10 OK created sql view model trade_ci_oidc_20261001_v1.stg_un_comtrade__partner_trades  [[32mCREATE VIEW (0 processed)[0m in 0.95s]
[0m07:43:13  5 of 10 START sql view model trade_ci_oidc_20261001_v1.stg_un_comtrade__world_totals  [RUN]
[0m07:43:14  5 of 10 OK created sql view model trade_ci_oidc_20261001_v1.stg_un_comtrade__world_totals  [[32mCREATE VIEW (0 processed)[0m in 0.92s]
[0m07:43:14  6 of 10 START sql table model trade_ci_oidc_20261001_v1.audit_partner_mapping_issues  [RUN]
[0m07:43:15  3 of 10 OK created sql table model trade_ci_oidc_20261001_v1.dim_months ........ [[32mCREATE TABLE (24.0 rows, 0 processed)[0m in 2.27s]
[0m07:43:15  7 of 10 START sql table model trade_ci_oidc_20261001_v1.fct_monthly_semiconductor_imports  [RUN]
[0m07:43:16  6 of 10 OK created sql table model trade_ci_oidc_20261001_v1.audit_partner_mapping_issues  [[32mCREATE TABLE (0.0 rows, 0 processed)[0m in 2.09s]
[0m07:43:17  7 of 10 OK created sql table model trade_ci_oidc_20261001_v1.fct_monthly_semiconductor_imports  [[32mCREATE TABLE (0.0 rows, 0 processed)[0m in 2.11s]
[0m07:43:17  8 of 10 START sql view model trade_ci_oidc_20261001_v1.int_partner_market_share  [RUN]
[0m07:43:18  8 of 10 OK created sql view model trade_ci_oidc_20261001_v1.int_partner_market_share  [[32mCREATE VIEW (0 processed)[0m in 1.16s]
[0m07:43:18  9 of 10 START sql view model trade_ci_oidc_20261001_v1.int_market_concentration_hhi  [RUN]
[0m07:43:19  9 of 10 OK created sql view model trade_ci_oidc_20261001_v1.int_market_concentration_hhi  [[32mCREATE VIEW (0 processed)[0m in 1.20s]
[0m07:43:19  10 of 10 START sql table model trade_ci_oidc_20261001_v1.mart_us_semiconductor_supply_chain_candidate  [RUN]
[0m07:43:22  10 of 10 OK created sql table model trade_ci_oidc_20261001_v1.mart_us_semiconductor_supply_chain_candidate  [[32mCREATE TABLE (0.0 rows, 0 processed)[0m in 2.41s]
[0m07:43:22  
[0m07:43:22  Finished running 6 table models, 4 view models in 0 hours 0 minutes and 12.71 seconds (12.71s).
[0m07:43:22  
[0m07:43:22  [32mCompleted successfully[0m
[0m07:43:22  
[0m07:43:22  Done. PASS=10 WARN=0 ERROR=0 SKIP=0 NO-OP=0 REUSED=0 TOTAL=10
