#0 building with "desktop-linux" instance using docker driver

#1 [internal] load build definition from Dockerfile.airflow
#1 transferring dockerfile: 416B done
#1 DONE 0.0s

#2 [internal] load metadata for docker.io/apache/airflow:3.3.2-python3.11
#2 DONE 0.0s

#3 [internal] load .dockerignore
#3 transferring context: 276B done
#3 DONE 0.0s

#4 [1/6] FROM docker.io/apache/airflow:3.3.2-python3.11
#4 DONE 0.0s

#5 [internal] load build context
#5 transferring context: 3.44kB done
#5 DONE 0.0s

#6 [3/6] WORKDIR /tmp/trade-build
#6 CACHED

#7 [2/6] RUN python -m venv /opt/trade-venv     && chown -R airflow:0 /opt/trade-venv
#7 CACHED

#8 [4/6] COPY --chown=airflow:root pyproject.toml .
#8 CACHED

#9 [5/6] COPY --chown=airflow:root src ./src
#9 DONE 0.0s

#10 [6/6] RUN /opt/trade-venv/bin/python -m pip install --no-cache-dir     '.[warehouse]' 'dbt-core==1.12.5' 'dbt-bigquery==1.12.1'
#10 0.294 Processing /tmp/trade-build
#10 0.295   Installing build dependencies: started
#10 2.801   Installing build dependencies: finished with status 'done'
#10 2.802   Getting requirements to build wheel: started
#10 2.878   Getting requirements to build wheel: finished with status 'done'
#10 2.879   Preparing metadata (pyproject.toml): started
#10 2.951   Preparing metadata (pyproject.toml): finished with status 'done'
#10 3.330 Collecting dbt-core==1.12.5
#10 3.497   Downloading dbt_core-1.12.5-py3-none-any.whl.metadata (5.3 kB)
#10 3.670 Collecting dbt-bigquery==1.12.1
#10 3.722   Downloading dbt_bigquery-1.12.1-py3-none-any.whl.metadata (3.3 kB)
#10 3.810 Collecting agate<1.15,>=1.7.0 (from dbt-core==1.12.5)
#10 3.865   Downloading agate-1.14.2-py3-none-any.whl.metadata (3.1 kB)
#10 3.947 Collecting click<9.0,>=8.3.0 (from dbt-core==1.12.5)
#10 3.996   Downloading click-8.5.0-py3-none-any.whl.metadata (2.6 kB)
#10 4.062 Collecting daff>=1.3.46 (from dbt-core==1.12.5)
#10 4.117   Downloading daff-1.4.2-py3-none-any.whl.metadata (10 kB)
#10 4.365 Collecting dbt-adapters<2.0,>=1.24.5 (from dbt-core==1.12.5)
#10 4.413   Downloading dbt_adapters-1.24.5-py3-none-any.whl.metadata (4.6 kB)
#10 4.494 Collecting dbt-common<2.0,>=1.37.5 (from dbt-core==1.12.5)
#10 4.544   Downloading dbt_common-1.39.0-py3-none-any.whl.metadata (5.1 kB)
#10 4.611 Collecting dbt-core-experimental-parser<3,>=2.0.0b1 (from dbt-core==1.12.5)
#10 4.716   Downloading dbt_core_experimental_parser-2.0.5.tar.gz (4.8 kB)
#10 4.768   Installing build dependencies: started
#10 5.738   Installing build dependencies: finished with status 'done'
#10 5.738   Getting requirements to build wheel: started
#10 5.771   Getting requirements to build wheel: finished with status 'done'
#10 5.772   Preparing metadata (pyproject.toml): started
#10 22.32   Preparing metadata (pyproject.toml): finished with status 'done'
#10 22.42 Collecting dbt-extractor<=0.6,>=0.5.0 (from dbt-core==1.12.5)
#10 22.47   Downloading dbt_extractor-0.6.0-cp39-abi3-manylinux_2_17_aarch64.manylinux2014_aarch64.whl.metadata (4.6 kB)
#10 22.55 Collecting dbt-protos<2.0,>=1.0.514 (from dbt-core==1.12.5)
#10 22.60   Downloading dbt_protos-1.0.565-py3-none-any.whl.metadata (859 bytes)
#10 22.67 Collecting jinja2<4,>=3.1.3 (from dbt-core==1.12.5)
#10 22.72   Downloading jinja2-3.1.6-py3-none-any.whl.metadata (2.9 kB)
#10 22.83 Collecting jsonschema<5.0,>=4.19.1 (from dbt-core==1.12.5)
#10 22.88   Downloading jsonschema-4.26.0-py3-none-any.whl.metadata (7.6 kB)
#10 22.97 Collecting mashumaro<3.18,>=3.9 (from mashumaro[msgpack]<3.18,>=3.9->dbt-core==1.12.5)
#10 23.02   Downloading mashumaro-3.17-py3-none-any.whl.metadata (118 kB)
#10 23.19      ━━━━━━━━━━━━━━━━━━━━━━━━━━━━━━━━━━━━━ 118.2/118.2 kB 728.8 kB/s eta 0:00:00
#10 23.30 Collecting metricflow<1.0,>=0.213.0 (from dbt-core==1.12.5)
#10 23.35   Downloading metricflow-0.213.0-py3-none-any.whl.metadata (23 kB)
#10 23.50 Collecting networkx<4.0,>=2.3 (from dbt-core==1.12.5)
#10 23.56   Downloading networkx-3.6.1-py3-none-any.whl.metadata (6.8 kB)
#10 23.66 Collecting opentelemetry-api<2.0,>=1.26 (from dbt-core==1.12.5)
#10 23.71   Downloading opentelemetry_api-1.45.0-py3-none-any.whl.metadata (1.4 kB)
#10 23.78 Collecting packaging>20.9 (from dbt-core==1.12.5)
#10 23.83   Downloading packaging-26.3-py3-none-any.whl.metadata (3.5 kB)
#10 23.90 Collecting pathspec<1.1,>=0.9 (from dbt-core==1.12.5)
#10 23.95   Downloading pathspec-1.0.4-py3-none-any.whl.metadata (13 kB)
#10 24.55 Collecting protobuf<8.0,>=6.0 (from dbt-core==1.12.5)
#10 24.59   Downloading protobuf-7.36.2-cp310-abi3-manylinux2014_aarch64.whl.metadata (595 bytes)
#10 25.01 Collecting pydantic<3 (from dbt-core==1.12.5)
#10 25.06   Downloading pydantic-2.13.5-py3-none-any.whl.metadata (110 kB)
#10 25.21      ━━━━━━━━━━━━━━━━━━━━━━━━━━━━━━━━━━━━━ 110.2/110.2 kB 774.1 kB/s eta 0:00:00
#10 25.28 Collecting python-dotenv>=1.2 (from dbt-core==1.12.5)
#10 25.33   Downloading python_dotenv-1.2.4-py3-none-any.whl.metadata (29 kB)
#10 25.53 Collecting pytz>=2015.7 (from dbt-core==1.12.5)
#10 25.59   Downloading pytz-2026.4-py2.py3-none-any.whl.metadata (22 kB)
#10 25.75 Collecting pyyaml>=6.0 (from dbt-core==1.12.5)
#10 25.80   Downloading pyyaml-6.0.3-cp311-cp311-manylinux2014_aarch64.manylinux_2_17_aarch64.manylinux_2_28_aarch64.whl.metadata (2.4 kB)
#10 25.90 Collecting requests<3.0.0 (from dbt-core==1.12.5)
#10 25.95   Downloading requests-2.34.2-py3-none-any.whl.metadata (4.8 kB)
#10 26.02 Collecting snowplow-tracker<2.0,>=1.0.2 (from dbt-core==1.12.5)
#10 26.06   Downloading snowplow_tracker-1.1.0-py3-none-any.whl.metadata (5.7 kB)
#10 26.13 Collecting sqlparse<0.7.0,>=0.5.5 (from dbt-core==1.12.5)
#10 26.19   Downloading sqlparse-0.6.0-py3-none-any.whl.metadata (6.0 kB)
#10 26.27 Collecting typing-extensions>=4.4 (from dbt-core==1.12.5)
#10 26.32   Downloading typing_extensions-4.16.0-py3-none-any.whl.metadata (3.3 kB)
#10 26.47 Collecting google-api-core>=2.11.0 (from dbt-bigquery==1.12.1)
#10 26.52   Downloading google_api_core-2.40.0-py3-none-any.whl.metadata (3.2 kB)
#10 26.67 Collecting google-auth>=2.29.0 (from dbt-bigquery==1.12.1)
#10 26.72   Downloading google_auth-2.59.1-py3-none-any.whl.metadata (6.0 kB)
#10 27.02 Collecting google-cloud-aiplatform>=1.148.0 (from dbt-bigquery==1.12.1)
#10 27.07   Downloading google_cloud_aiplatform-2.3.0-py2.py3-none-any.whl.metadata (52 kB)
#10 27.13      ━━━━━━━━━━━━━━━━━━━━━━━━━━━━━━━━━━━━━━━ 52.3/52.3 kB 960.9 kB/s eta 0:00:00
#10 27.27 Collecting google-cloud-bigquery<4.0,>=3.0 (from google-cloud-bigquery[pandas]<4.0,>=3.0->dbt-bigquery==1.12.1)
#10 27.31   Downloading google_cloud_bigquery-3.45.2-py3-none-any.whl.metadata (8.4 kB)
#10 27.44 Collecting google-cloud-dataproc~=5.0 (from dbt-bigquery==1.12.1)
#10 27.50   Downloading google_cloud_dataproc-5.30.0-py3-none-any.whl.metadata (9.4 kB)
#10 27.60 Collecting google-cloud-storage<3.2,>=2.4 (from dbt-bigquery==1.12.1)
#10 27.65   Downloading google_cloud_storage-3.1.1-py3-none-any.whl.metadata (13 kB)
#10 27.75 Collecting nbformat>=5.10.4 (from dbt-bigquery==1.12.1)
#10 27.79   Downloading nbformat-5.11.1-py3-none-any.whl.metadata (3.7 kB)
#10 28.57 Collecting boto3<2,>=1.35 (from trade-analytics==0.1.0)
#10 28.62   Downloading boto3-1.43.106-py3-none-any.whl.metadata (6.6 kB)
#10 28.71 Collecting httpx<1,>=0.27 (from trade-analytics==0.1.0)
#10 28.75   Downloading httpx-0.28.1-py3-none-any.whl.metadata (7.1 kB)
#10 28.84 Collecting tenacity<10,>=9 (from trade-analytics==0.1.0)
#10 28.89   Downloading tenacity-9.1.4-py3-none-any.whl.metadata (1.2 kB)
#10 29.03 Collecting google-cloud-core<3.0.0,>=2.4.1 (from google-cloud-bigquery<4.0,>=3.0->google-cloud-bigquery[pandas]<4.0,>=3.0->dbt-bigquery==1.12.1)
#10 29.08   Downloading google_cloud_core-2.8.0-py3-none-any.whl.metadata (2.9 kB)
#10 29.16 Collecting google-resumable-media<3.0.0,>=2.0.0 (from google-cloud-bigquery<4.0,>=3.0->google-cloud-bigquery[pandas]<4.0,>=3.0->dbt-bigquery==1.12.1)
#10 29.21   Downloading google_resumable_media-2.11.0-py3-none-any.whl.metadata (2.3 kB)
#10 29.29 Collecting python-dateutil<3.0.0,>=2.8.2 (from google-cloud-bigquery<4.0,>=3.0->google-cloud-bigquery[pandas]<4.0,>=3.0->dbt-bigquery==1.12.1)
#10 29.35   Downloading python_dateutil-2.9.0.post0-py2.py3-none-any.whl.metadata (8.4 kB)
#10 29.43 Collecting Babel>=2.0 (from agate<1.15,>=1.7.0->dbt-core==1.12.5)
#10 29.48   Downloading babel-2.18.0-py3-none-any.whl.metadata (2.2 kB)
#10 29.54 Collecting isodate>=0.5.4 (from agate<1.15,>=1.7.0->dbt-core==1.12.5)
#10 29.59   Downloading isodate-0.7.2-py3-none-any.whl.metadata (11 kB)
#10 29.66 Collecting leather>=0.3.2 (from agate<1.15,>=1.7.0->dbt-core==1.12.5)
#10 29.71   Downloading leather-0.4.1-py3-none-any.whl.metadata (3.0 kB)
#10 29.77 Collecting parsedatetime!=2.5,>=2.1 (from agate<1.15,>=1.7.0->dbt-core==1.12.5)
#10 29.82   Downloading parsedatetime-2.6-py3-none-any.whl.metadata (4.7 kB)
#10 29.89 Collecting python-slugify>=1.2.1 (from agate<1.15,>=1.7.0->dbt-core==1.12.5)
#10 29.94   Downloading python_slugify-9.1.2-py3-none-any.whl.metadata (12 kB)
#10 30.17 Collecting pytimeparse>=1.1.5 (from agate<1.15,>=1.7.0->dbt-core==1.12.5)
#10 30.23   Downloading pytimeparse-1.1.8-py2.py3-none-any.whl.metadata (3.4 kB)
#10 31.07 Collecting botocore<1.44.0,>=1.43.106 (from boto3<2,>=1.35->trade-analytics==0.1.0)
#10 31.12   Downloading botocore-1.43.106-py3-none-any.whl.metadata (5.6 kB)
#10 31.18 Collecting jmespath<2.0.0,>=0.7.1 (from boto3<2,>=1.35->trade-analytics==0.1.0)
#10 31.23   Downloading jmespath-1.1.0-py3-none-any.whl.metadata (7.6 kB)
#10 31.32 Collecting s3transfer<0.20.0,>=0.19.0 (from boto3<2,>=1.35->trade-analytics==0.1.0)
#10 31.37   Downloading s3transfer-0.19.2-py3-none-any.whl.metadata (1.7 kB)
#10 31.39 Collecting protobuf<8.0,>=6.0 (from dbt-core==1.12.5)
#10 31.44   Downloading protobuf-6.33.6-cp39-abi3-manylinux2014_aarch64.whl.metadata (593 bytes)
#10 31.46 Collecting agate<1.15,>=1.7.0 (from dbt-core==1.12.5)
#10 31.51   Downloading agate-1.9.1-py2.py3-none-any.whl.metadata (3.2 kB)
#10 31.59 Collecting colorama<0.5,>=0.3.9 (from dbt-common<2.0,>=1.37.5->dbt-core==1.12.5)
#10 31.65   Downloading colorama-0.4.6-py2.py3-none-any.whl.metadata (17 kB)
#10 31.77 Collecting deepdiff<9.0,>=7.0 (from dbt-common<2.0,>=1.37.5->dbt-core==1.12.5)
#10 31.82   Downloading deepdiff-8.6.2-py3-none-any.whl.metadata (8.8 kB)
#10 31.97 Collecting googleapis-common-protos<2.0.0,>=1.69.2 (from google-api-core>=2.11.0->dbt-bigquery==1.12.1)
#10 32.01   Downloading googleapis_common_protos-1.75.5-py3-none-any.whl.metadata (8.5 kB)
#10 32.11 Collecting proto-plus<2.0.0,>=1.26.1 (from google-api-core>=2.11.0->dbt-bigquery==1.12.1)
#10 32.15   Downloading proto_plus-1.29.0-py3-none-any.whl.metadata (2.2 kB)
#10 32.26 Collecting pyasn1-modules>=0.2.1 (from google-auth>=2.29.0->dbt-bigquery==1.12.1)
#10 32.31   Downloading pyasn1_modules-0.4.2-py3-none-any.whl.metadata (3.5 kB)
#10 32.82 Collecting cryptography>=38.0.3 (from google-auth>=2.29.0->dbt-bigquery==1.12.1)
#10 32.86   Downloading cryptography-50.0.2-cp311-abi3-manylinux_2_34_aarch64.whl.metadata (4.4 kB)
#10 33.04 Collecting certifi>=2023.7.22 (from google-cloud-aiplatform>=1.148.0->dbt-bigquery==1.12.1)
#10 33.09   Downloading certifi-2026.7.22-py3-none-any.whl.metadata (2.5 kB)
#10 33.20 Collecting google-cloud-resource-manager<3.0.0,>=1.3.3 (from google-cloud-aiplatform>=1.148.0->dbt-bigquery==1.12.1)
#10 33.25   Downloading google_cloud_resource_manager-1.18.0-py3-none-any.whl.metadata (9.7 kB)
#10 33.36 Collecting google-genai<3.0.0,>=1.66.0 (from google-cloud-aiplatform>=1.148.0->dbt-bigquery==1.12.1)
#10 33.42   Downloading google_genai-2.26.0-py3-none-any.whl.metadata (56 kB)
#10 33.49      ━━━━━━━━━━━━━━━━━━━━━━━━━━━━━━━━━━━━━━━ 56.3/56.3 kB 821.3 kB/s eta 0:00:00
#10 33.57 Collecting docstring_parser<1 (from google-cloud-aiplatform>=1.148.0->dbt-bigquery==1.12.1)
#10 33.62   Downloading docstring_parser-0.18.0-py3-none-any.whl.metadata (3.5 kB)
#10 34.02 Collecting pandas>=1.3.0 (from google-cloud-bigquery[pandas]<4.0,>=3.0->dbt-bigquery==1.12.1)
#10 34.07   Downloading pandas-3.0.6-cp311-cp311-manylinux_2_24_aarch64.manylinux_2_28_aarch64.whl.metadata (79 kB)
#10 34.18      ━━━━━━━━━━━━━━━━━━━━━━━━━━━━━━━━━━━━━━━ 79.5/79.5 kB 791.0 kB/s eta 0:00:00
#10 34.26 Collecting pandas-gbq>=0.26.1 (from google-cloud-bigquery[pandas]<4.0,>=3.0->dbt-bigquery==1.12.1)
#10 34.32   Downloading pandas_gbq-0.35.2-py3-none-any.whl.metadata (4.1 kB)
#10 35.67 Collecting grpcio<2.0.0,>=1.59.0 (from google-cloud-bigquery[pandas]<4.0,>=3.0->dbt-bigquery==1.12.1)
#10 35.72   Downloading grpcio-1.84.0-cp311-cp311-manylinux2014_aarch64.manylinux_2_17_aarch64.whl.metadata (3.8 kB)
#10 35.98 Collecting pyarrow>=3.0.0 (from google-cloud-bigquery[pandas]<4.0,>=3.0->dbt-bigquery==1.12.1)
#10 36.03   Downloading pyarrow-25.0.1-cp311-cp311-manylinux_2_28_aarch64.whl.metadata (3.0 kB)
#10 36.10 Collecting db-dtypes<2.0.0,>=1.0.4 (from google-cloud-bigquery[pandas]<4.0,>=3.0->dbt-bigquery==1.12.1)
#10 36.15   Downloading db_dtypes-1.7.1-py3-none-any.whl.metadata (3.3 kB)
#10 36.25 Collecting grpc-google-iam-v1<1.0.0,>=0.14.2 (from google-cloud-dataproc~=5.0->dbt-bigquery==1.12.1)
#10 36.31   Downloading grpc_google_iam_v1-0.14.5-py3-none-any.whl.metadata (8.8 kB)
#10 36.51 Collecting google-crc32c<2.0.0,>=1.1.3 (from google-cloud-storage<3.2,>=2.4->dbt-bigquery==1.12.1)
#10 36.56   Downloading google_crc32c-1.9.0-cp311-cp311-manylinux2014_aarch64.manylinux_2_17_aarch64.whl.metadata (2.2 kB)
#10 36.65 Collecting anyio (from httpx<1,>=0.27->trade-analytics==0.1.0)
#10 36.70   Downloading anyio-4.15.1-py3-none-any.whl.metadata (4.7 kB)
#10 36.79 Collecting httpcore==1.* (from httpx<1,>=0.27->trade-analytics==0.1.0)
#10 36.84   Downloading httpcore-1.0.9-py3-none-any.whl.metadata (21 kB)
#10 36.94 Collecting idna (from httpx<1,>=0.27->trade-analytics==0.1.0)
#10 36.99   Downloading idna-3.20-py3-none-any.whl.metadata (7.2 kB)
#10 37.07 Collecting h11>=0.16 (from httpcore==1.*->httpx<1,>=0.27->trade-analytics==0.1.0)
#10 37.12   Downloading h11-0.16.0-py3-none-any.whl.metadata (8.3 kB)
#10 37.30 Collecting MarkupSafe>=2.0 (from jinja2<4,>=3.1.3->dbt-core==1.12.5)
#10 37.36   Downloading markupsafe-3.0.3-cp311-cp311-manylinux2014_aarch64.manylinux_2_17_aarch64.manylinux_2_28_aarch64.whl.metadata (2.7 kB)
#10 37.44 Collecting attrs>=22.2.0 (from jsonschema<5.0,>=4.19.1->dbt-core==1.12.5)
#10 37.49   Downloading attrs-26.1.0-py3-none-any.whl.metadata (8.8 kB)
#10 37.57 Collecting jsonschema-specifications>=2023.03.6 (from jsonschema<5.0,>=4.19.1->dbt-core==1.12.5)
#10 37.62   Downloading jsonschema_specifications-2025.9.1-py3-none-any.whl.metadata (2.9 kB)
#10 37.72 Collecting referencing>=0.28.4 (from jsonschema<5.0,>=4.19.1->dbt-core==1.12.5)
#10 37.77   Downloading referencing-0.37.0-py3-none-any.whl.metadata (2.8 kB)
#10 38.37 Collecting rpds-py>=0.25.0 (from jsonschema<5.0,>=4.19.1->dbt-core==1.12.5)
#10 38.42   Downloading rpds_py-2026.6.3-cp311-cp311-manylinux_2_17_aarch64.manylinux2014_aarch64.whl.metadata (4.1 kB)
#10 38.65 Collecting msgpack>=0.5.6 (from mashumaro[msgpack]<3.18,>=3.9->dbt-core==1.12.5)
#10 38.70   Downloading msgpack-1.2.3-cp311-cp311-manylinux2014_aarch64.manylinux_2_17_aarch64.manylinux_2_28_aarch64.whl.metadata (8.3 kB)
#10 38.88 Collecting importlib-metadata>=4.0 (from metricflow<1.0,>=0.213.0->dbt-core==1.12.5)
#10 38.93   Downloading importlib_metadata-9.0.1-py3-none-any.whl.metadata (4.5 kB)
#10 39.00 Collecting more-itertools<11.0,>=10.0.0 (from metricflow<1.0,>=0.213.0->dbt-core==1.12.5)
#10 39.05   Downloading more_itertools-10.8.0-py3-none-any.whl.metadata (39 kB)
#10 40.41 Collecting rapidfuzz<4.0,>=3.0 (from metricflow<1.0,>=0.213.0->dbt-core==1.12.5)
#10 40.46   Downloading rapidfuzz-3.14.6-cp311-cp311-manylinux_2_26_aarch64.manylinux_2_28_aarch64.whl.metadata (12 kB)
#10 40.81 Collecting sqlglot>=20.0.0 (from metricflow<1.0,>=0.213.0->dbt-core==1.12.5)
#10 40.86   Downloading sqlglot-30.21.0-py3-none-any.whl.metadata (25 kB)
#10 40.96 Collecting tabulate>=0.8.9 (from metricflow<1.0,>=0.213.0->dbt-core==1.12.5)
#10 41.01   Downloading tabulate-0.10.0-py3-none-any.whl.metadata (40 kB)
#10 41.07      ━━━━━━━━━━━━━━━━━━━━━━━━━━━━━━━━━━━━━━━ 40.8/40.8 kB 779.0 kB/s eta 0:00:00
#10 41.16 Collecting fastjsonschema>=2.15 (from nbformat>=5.10.4->dbt-bigquery==1.12.1)
#10 41.21   Downloading fastjsonschema-2.22.2-py3-none-any.whl.metadata (2.1 kB)
#10 41.31 Collecting jupyter-core!=5.0.*,>=4.12 (from nbformat>=5.10.4->dbt-bigquery==1.12.1)
#10 41.36   Downloading jupyter_core-5.9.1-py3-none-any.whl.metadata (1.5 kB)
#10 41.45 Collecting traitlets>=5.1 (from nbformat>=5.10.4->dbt-bigquery==1.12.1)
#10 41.51   Downloading traitlets-5.16.1-py3-none-any.whl.metadata (10 kB)
#10 41.62 Collecting annotated-types>=0.6.0 (from pydantic<3->dbt-core==1.12.5)
#10 41.67   Downloading annotated_types-0.8.0-py3-none-any.whl.metadata (15 kB)
#10 43.19 Collecting pydantic-core==2.46.5 (from pydantic<3->dbt-core==1.12.5)
#10 43.24   Downloading pydantic_core-2.46.5-cp311-cp311-manylinux_2_17_aarch64.manylinux2014_aarch64.whl.metadata (6.6 kB)
#10 43.31 Collecting typing-inspection>=0.4.2 (from pydantic<3->dbt-core==1.12.5)
#10 43.35   Downloading typing_inspection-0.4.4-py3-none-any.whl.metadata (2.6 kB)
#10 43.68 Collecting charset_normalizer<4,>=2 (from requests<3.0.0->dbt-core==1.12.5)
#10 43.74   Downloading charset_normalizer-3.5.2-cp311-cp311-manylinux2014_aarch64.manylinux_2_17_aarch64.manylinux_2_28_aarch64.whl.metadata (46 kB)
#10 43.81      ━━━━━━━━━━━━━━━━━━━━━━━━━━━━━━━━━━━━━━━ 46.4/46.4 kB 716.2 kB/s eta 0:00:00
#10 43.91 Collecting urllib3<3,>=1.26 (from requests<3.0.0->dbt-core==1.12.5)
#10 43.96   Downloading urllib3-2.8.0-py3-none-any.whl.metadata (7.4 kB)
#10 44.28 Collecting cffi>=2.0.0 (from cryptography>=38.0.3->google-auth>=2.29.0->dbt-bigquery==1.12.1)
#10 44.32   Downloading cffi-2.1.1-cp311-cp311-manylinux2014_aarch64.manylinux_2_17_aarch64.whl.metadata (2.5 kB)
#10 44.78 Collecting numpy>=1.24.0 (from db-dtypes<2.0.0,>=1.0.4->google-cloud-bigquery[pandas]<4.0,>=3.0->dbt-bigquery==1.12.1)
#10 44.83   Downloading numpy-2.4.6-cp311-cp311-manylinux_2_27_aarch64.manylinux_2_28_aarch64.whl.metadata (6.6 kB)
#10 44.92 Collecting orderly-set<6,>=5.4.1 (from deepdiff<9.0,>=7.0->dbt-common<2.0,>=1.37.5->dbt-core==1.12.5)
#10 44.97   Downloading orderly_set-5.5.0-py3-none-any.whl.metadata (6.6 kB)
#10 45.21 Collecting grpcio-status<2.0.0,>=1.59.0 (from google-api-core[grpc]<3.0.0,>=2.28.0->google-cloud-bigquery<4.0,>=3.0->google-cloud-bigquery[pandas]<4.0,>=3.0->dbt-bigquery==1.12.1)
#10 45.26   Downloading grpcio_status-1.84.0-py3-none-any.whl.metadata (1.3 kB)
#10 45.58 Collecting websockets<17.0,>=13.0.0 (from google-genai<3.0.0,>=1.66.0->google-cloud-aiplatform>=1.148.0->dbt-bigquery==1.12.1)
#10 45.63   Downloading websockets-16.1.1-cp311-cp311-manylinux2014_aarch64.manylinux_2_17_aarch64.manylinux_2_28_aarch64.whl.metadata (6.8 kB)
#10 45.70 Collecting distro<2,>=1.7.0 (from google-genai<3.0.0,>=1.66.0->google-cloud-aiplatform>=1.148.0->dbt-bigquery==1.12.1)
#10 45.75   Downloading distro-1.9.0-py3-none-any.whl.metadata (6.8 kB)
#10 45.84 Collecting sniffio (from google-genai<3.0.0,>=1.66.0->google-cloud-aiplatform>=1.148.0->dbt-bigquery==1.12.1)
#10 45.89   Downloading sniffio-1.3.1-py3-none-any.whl.metadata (3.9 kB)
#10 46.05 Collecting zipp>=3.20 (from importlib-metadata>=4.0->metricflow<1.0,>=0.213.0->dbt-core==1.12.5)
#10 46.10   Downloading zipp-4.1.0-py3-none-any.whl.metadata (3.6 kB)
#10 46.22 Collecting platformdirs>=2.5 (from jupyter-core!=5.0.*,>=4.12->nbformat>=5.10.4->dbt-bigquery==1.12.1)
#10 46.26   Downloading platformdirs-4.12.2-py3-none-any.whl.metadata (5.5 kB)
#10 46.35 Requirement already satisfied: setuptools in /opt/trade-venv/lib/python3.11/site-packages (from pandas-gbq>=0.26.1->google-cloud-bigquery[pandas]<4.0,>=3.0->dbt-bigquery==1.12.1) (79.0.1)
#10 46.42 Collecting pydata-google-auth>=1.5.0 (from pandas-gbq>=0.26.1->google-cloud-bigquery[pandas]<4.0,>=3.0->dbt-bigquery==1.12.1)
#10 46.47   Downloading pydata_google_auth-1.9.1-py2.py3-none-any.whl.metadata (2.8 kB)
#10 46.68 Collecting psutil>=5.9.8 (from pandas-gbq>=0.26.1->google-cloud-bigquery[pandas]<4.0,>=3.0->dbt-bigquery==1.12.1)
#10 46.72   Downloading psutil-7.2.2-cp36-abi3-manylinux2014_aarch64.manylinux_2_17_aarch64.manylinux_2_28_aarch64.whl.metadata (22 kB)
#10 46.82 Collecting google-auth-oauthlib>=0.7.0 (from pandas-gbq>=0.26.1->google-cloud-bigquery[pandas]<4.0,>=3.0->dbt-bigquery==1.12.1)
#10 46.87   Downloading google_auth_oauthlib-1.5.0-py3-none-any.whl.metadata (2.6 kB)
#10 47.00 Collecting pyasn1<0.7.0,>=0.6.1 (from pyasn1-modules>=0.2.1->google-auth>=2.29.0->dbt-bigquery==1.12.1)
#10 47.05   Downloading pyasn1-0.6.4-py3-none-any.whl.metadata (8.4 kB)
#10 47.13 Collecting six>=1.5 (from python-dateutil<3.0.0,>=2.8.2->google-cloud-bigquery<4.0,>=3.0->google-cloud-bigquery[pandas]<4.0,>=3.0->dbt-bigquery==1.12.1)
#10 47.18   Downloading six-1.17.0-py2.py3-none-any.whl.metadata (1.7 kB)
#10 47.27 Collecting text-unidecode>=1.3 (from python-slugify>=1.2.1->agate<1.15,>=1.7.0->dbt-core==1.12.5)
#10 47.31   Downloading text_unidecode-1.3-py2.py3-none-any.whl.metadata (2.4 kB)
#10 47.54 Collecting pycparser (from cffi>=2.0.0->cryptography>=38.0.3->google-auth>=2.29.0->dbt-bigquery==1.12.1)
#10 47.59   Downloading pycparser-3.0-py3-none-any.whl.metadata (8.2 kB)
#10 47.69 Collecting requests-oauthlib>=0.7.0 (from google-auth-oauthlib>=0.7.0->pandas-gbq>=0.26.1->google-cloud-bigquery[pandas]<4.0,>=3.0->dbt-bigquery==1.12.1)
#10 47.74   Downloading requests_oauthlib-2.0.0-py2.py3-none-any.whl.metadata (11 kB)
#10 48.00 Collecting oauthlib>=3.0.0 (from requests-oauthlib>=0.7.0->google-auth-oauthlib>=0.7.0->pandas-gbq>=0.26.1->google-cloud-bigquery[pandas]<4.0,>=3.0->dbt-bigquery==1.12.1)
#10 48.05   Downloading oauthlib-4.0.0-py3-none-any.whl.metadata (8.6 kB)
#10 48.16 Downloading dbt_core-1.12.5-py3-none-any.whl (1.1 MB)
#10 49.46    ━━━━━━━━━━━━━━━━━━━━━━━━━━━━━━━━━━━━━━━━ 1.1/1.1 MB 880.0 kB/s eta 0:00:00
#10 49.66 Downloading dbt_bigquery-1.12.1-py3-none-any.whl (114 kB)
#10 49.76    ━━━━━━━━━━━━━━━━━━━━━━━━━━━━━━━━━━━━━━━━ 114.4/114.4 kB 1.1 MB/s eta 0:00:00
#10 49.82 Downloading google_cloud_bigquery-3.45.2-py3-none-any.whl (267 kB)
#10 50.05    ━━━━━━━━━━━━━━━━━━━━━━━━━━━━━━━━━━━━━━━━ 267.8/267.8 kB 1.2 MB/s eta 0:00:00
#10 50.09 Downloading boto3-1.43.106-py3-none-any.whl (140 kB)
#10 50.21    ━━━━━━━━━━━━━━━━━━━━━━━━━━━━━━━━━━━━━━━━ 140.0/140.0 kB 1.2 MB/s eta 0:00:00
#10 50.26 Downloading click-8.5.0-py3-none-any.whl (125 kB)
#10 50.37    ━━━━━━━━━━━━━━━━━━━━━━━━━━━━━━━━━━━━━━━━ 125.3/125.3 kB 1.2 MB/s eta 0:00:00
#10 50.43 Downloading daff-1.4.2-py3-none-any.whl (144 kB)
#10 50.53    ━━━━━━━━━━━━━━━━━━━━━━━━━━━━━━━━━━━━━━━━ 144.9/144.9 kB 1.4 MB/s eta 0:00:00
#10 50.58 Downloading dbt_adapters-1.24.5-py3-none-any.whl (177 kB)
#10 50.71    ━━━━━━━━━━━━━━━━━━━━━━━━━━━━━━━━━━━━━━━━ 177.3/177.3 kB 1.3 MB/s eta 0:00:00
#10 50.76 Downloading dbt_common-1.39.0-py3-none-any.whl (89 kB)
#10 50.82    ━━━━━━━━━━━━━━━━━━━━━━━━━━━━━━━━━━━━━━━━ 89.1/89.1 kB 1.6 MB/s eta 0:00:00
#10 50.88 Downloading agate-1.9.1-py2.py3-none-any.whl (95 kB)
#10 50.94    ━━━━━━━━━━━━━━━━━━━━━━━━━━━━━━━━━━━━━━━━ 95.1/95.1 kB 1.7 MB/s eta 0:00:00
#10 50.99 Downloading dbt_extractor-0.6.0-cp39-abi3-manylinux_2_17_aarch64.manylinux2014_aarch64.whl (435 kB)
#10 51.29    ━━━━━━━━━━━━━━━━━━━━━━━━━━━━━━━━━━━━━━━━ 435.1/435.1 kB 1.5 MB/s eta 0:00:00
#10 51.34 Downloading dbt_protos-1.0.565-py3-none-any.whl (260 kB)
#10 51.51    ━━━━━━━━━━━━━━━━━━━━━━━━━━━━━━━━━━━━━━━━ 260.1/260.1 kB 1.6 MB/s eta 0:00:00
#10 51.56 Downloading google_api_core-2.40.0-py3-none-any.whl (214 kB)
#10 51.70    ━━━━━━━━━━━━━━━━━━━━━━━━━━━━━━━━━━━━━━━━ 214.2/214.2 kB 1.7 MB/s eta 0:00:00
#10 51.75 Downloading google_auth-2.59.1-py3-none-any.whl (263 kB)
#10 51.91    ━━━━━━━━━━━━━━━━━━━━━━━━━━━━━━━━━━━━━━━━ 263.5/263.5 kB 1.6 MB/s eta 0:00:00
#10 51.96 Downloading google_cloud_aiplatform-2.3.0-py2.py3-none-any.whl (9.5 MB)
#10 56.10    ━━━━━━━━━━━━━━━━━━━━━━━━━━━━━━━━━━━━━━━━ 9.5/9.5 MB 2.3 MB/s eta 0:00:00
#10 56.15 Downloading google_cloud_dataproc-5.30.0-py3-none-any.whl (496 kB)
#10 56.30    ━━━━━━━━━━━━━━━━━━━━━━━━━━━━━━━━━━━━━━━━ 496.3/496.3 kB 3.2 MB/s eta 0:00:00
#10 56.36 Downloading google_cloud_storage-3.1.1-py3-none-any.whl (175 kB)
#10 56.42    ━━━━━━━━━━━━━━━━━━━━━━━━━━━━━━━━━━━━━━━━ 175.5/175.5 kB 3.0 MB/s eta 0:00:00
#10 56.47 Downloading httpx-0.28.1-py3-none-any.whl (73 kB)
#10 56.49    ━━━━━━━━━━━━━━━━━━━━━━━━━━━━━━━━━━━━━━━━ 73.5/73.5 kB 3.9 MB/s eta 0:00:00
#10 56.54 Downloading httpcore-1.0.9-py3-none-any.whl (78 kB)
#10 56.56    ━━━━━━━━━━━━━━━━━━━━━━━━━━━━━━━━━━━━━━━━ 78.8/78.8 kB 4.5 MB/s eta 0:00:00
#10 56.62 Downloading jinja2-3.1.6-py3-none-any.whl (134 kB)
#10 56.66    ━━━━━━━━━━━━━━━━━━━━━━━━━━━━━━━━━━━━━━━━ 134.9/134.9 kB 4.0 MB/s eta 0:00:00
#10 56.71 Downloading jsonschema-4.26.0-py3-none-any.whl (90 kB)
#10 56.73    ━━━━━━━━━━━━━━━━━━━━━━━━━━━━━━━━━━━━━━━━ 90.6/90.6 kB 5.9 MB/s eta 0:00:00
#10 56.78 Downloading mashumaro-3.17-py3-none-any.whl (94 kB)
#10 56.81    ━━━━━━━━━━━━━━━━━━━━━━━━━━━━━━━━━━━━━━━━ 94.2/94.2 kB 3.7 MB/s eta 0:00:00
#10 56.86 Downloading metricflow-0.213.0-py3-none-any.whl (999 kB)
#10 57.19    ━━━━━━━━━━━━━━━━━━━━━━━━━━━━━━━━━━━━━━━━ 999.5/999.5 kB 3.0 MB/s eta 0:00:00
#10 57.24 Downloading nbformat-5.11.1-py3-none-any.whl (79 kB)
#10 57.26    ━━━━━━━━━━━━━━━━━━━━━━━━━━━━━━━━━━━━━━━━ 79.8/79.8 kB 3.9 MB/s eta 0:00:00
#10 57.32 Downloading networkx-3.6.1-py3-none-any.whl (2.1 MB)
#10 57.93    ━━━━━━━━━━━━━━━━━━━━━━━━━━━━━━━━━━━━━━━━ 2.1/2.1 MB 3.4 MB/s eta 0:00:00
#10 57.98 Downloading opentelemetry_api-1.45.0-py3-none-any.whl (60 kB)
#10 58.00    ━━━━━━━━━━━━━━━━━━━━━━━━━━━━━━━━━━━━━━━━ 60.0/60.0 kB 5.0 MB/s eta 0:00:00
#10 58.05 Downloading packaging-26.3-py3-none-any.whl (129 kB)
#10 58.08    ━━━━━━━━━━━━━━━━━━━━━━━━━━━━━━━━━━━━━━━━ 130.0/130.0 kB 5.6 MB/s eta 0:00:00
#10 58.13 Downloading pathspec-1.0.4-py3-none-any.whl (55 kB)
#10 58.15    ━━━━━━━━━━━━━━━━━━━━━━━━━━━━━━━━━━━━━━━━ 55.2/55.2 kB 4.7 MB/s eta 0:00:00
#10 58.20 Downloading protobuf-6.33.6-cp39-abi3-manylinux2014_aarch64.whl (324 kB)
#10 58.29    ━━━━━━━━━━━━━━━━━━━━━━━━━━━━━━━━━━━━━━━━ 324.6/324.6 kB 3.4 MB/s eta 0:00:00
#10 58.34 Downloading pydantic-2.13.5-py3-none-any.whl (472 kB)
#10 58.46    ━━━━━━━━━━━━━━━━━━━━━━━━━━━━━━━━━━━━━━━━ 472.6/472.6 kB 3.9 MB/s eta 0:00:00
#10 58.52 Downloading pydantic_core-2.46.5-cp311-cp311-manylinux_2_17_aarch64.manylinux2014_aarch64.whl (1.9 MB)
#10 58.98    ━━━━━━━━━━━━━━━━━━━━━━━━━━━━━━━━━━━━━━━━ 1.9/1.9 MB 4.2 MB/s eta 0:00:00
#10 59.04 Downloading python_dotenv-1.2.4-py3-none-any.whl (23 kB)
#10 59.10 Downloading pytz-2026.4-py2.py3-none-any.whl (506 kB)
#10 59.19    ━━━━━━━━━━━━━━━━━━━━━━━━━━━━━━━━━━━━━━━━ 506.7/506.7 kB 5.4 MB/s eta 0:00:00
#10 59.24 Downloading pyyaml-6.0.3-cp311-cp311-manylinux2014_aarch64.manylinux_2_17_aarch64.manylinux_2_28_aarch64.whl (775 kB)
#10 59.40    ━━━━━━━━━━━━━━━━━━━━━━━━━━━━━━━━━━━━━━━━ 775.6/775.6 kB 5.2 MB/s eta 0:00:00
#10 59.45 Downloading requests-2.34.2-py3-none-any.whl (73 kB)
#10 59.46    ━━━━━━━━━━━━━━━━━━━━━━━━━━━━━━━━━━━━━━━━ 73.1/73.1 kB 8.9 MB/s eta 0:00:00
#10 59.52 Downloading snowplow_tracker-1.1.0-py3-none-any.whl (44 kB)
#10 59.52    ━━━━━━━━━━━━━━━━━━━━━━━━━━━━━━━━━━━━━━━━ 44.1/44.1 kB 54.1 MB/s eta 0:00:00
#10 59.58 Downloading sqlparse-0.6.0-py3-none-any.whl (50 kB)
#10 59.58    ━━━━━━━━━━━━━━━━━━━━━━━━━━━━━━━━━━━━━━━━ 50.1/50.1 kB 21.3 MB/s eta 0:00:00
#10 59.63 Downloading tenacity-9.1.4-py3-none-any.whl (28 kB)
#10 59.68 Downloading typing_extensions-4.16.0-py3-none-any.whl (45 kB)
#10 59.69    ━━━━━━━━━━━━━━━━━━━━━━━━━━━━━━━━━━━━━━━━ 45.6/45.6 kB 19.5 MB/s eta 0:00:00
#10 59.74 Downloading annotated_types-0.8.0-py3-none-any.whl (13 kB)
#10 59.79 Downloading attrs-26.1.0-py3-none-any.whl (67 kB)
#10 59.80    ━━━━━━━━━━━━━━━━━━━━━━━━━━━━━━━━━━━━━━━━ 67.5/67.5 kB 7.7 MB/s eta 0:00:00
#10 59.86 Downloading babel-2.18.0-py3-none-any.whl (10.2 MB)
#10 61.30    ━━━━━━━━━━━━━━━━━━━━━━━━━━━━━━━━━━━━━━━━ 10.2/10.2 MB 7.1 MB/s eta 0:00:00
#10 61.35 Downloading botocore-1.43.106-py3-none-any.whl (16.0 MB)
#10 63.04    ━━━━━━━━━━━━━━━━━━━━━━━━━━━━━━━━━━━━━━━━ 16.0/16.0 MB 9.4 MB/s eta 0:00:00
#10 63.09 Downloading certifi-2026.7.22-py3-none-any.whl (136 kB)
#10 63.10    ━━━━━━━━━━━━━━━━━━━━━━━━━━━━━━━━━━━━━━━━ 137.0/137.0 kB 18.5 MB/s eta 0:00:00
#10 63.16 Downloading charset_normalizer-3.5.2-cp311-cp311-manylinux2014_aarch64.manylinux_2_17_aarch64.manylinux_2_28_aarch64.whl (259 kB)
#10 63.17    ━━━━━━━━━━━━━━━━━━━━━━━━━━━━━━━━━━━━━━━━ 259.3/259.3 kB 22.7 MB/s eta 0:00:00
#10 63.23 Downloading colorama-0.4.6-py2.py3-none-any.whl (25 kB)
#10 63.28 Downloading cryptography-50.0.2-cp311-abi3-manylinux_2_34_aarch64.whl (4.7 MB)
#10 63.93    ━━━━━━━━━━━━━━━━━━━━━━━━━━━━━━━━━━━━━━━━ 4.7/4.7 MB 7.3 MB/s eta 0:00:00
#10 63.98 Downloading db_dtypes-1.7.1-py3-none-any.whl (17 kB)
#10 64.03 Downloading deepdiff-8.6.2-py3-none-any.whl (91 kB)
#10 64.04    ━━━━━━━━━━━━━━━━━━━━━━━━━━━━━━━━━━━━━━━━ 92.0/92.0 kB 10.0 MB/s eta 0:00:00
#10 64.10 Downloading docstring_parser-0.18.0-py3-none-any.whl (22 kB)
#10 64.15 Downloading fastjsonschema-2.22.2-py3-none-any.whl (27 kB)
#10 64.20 Downloading google_cloud_core-2.8.0-py3-none-any.whl (31 kB)
#10 64.25 Downloading google_cloud_resource_manager-1.18.0-py3-none-any.whl (404 kB)
#10 64.31    ━━━━━━━━━━━━━━━━━━━━━━━━━━━━━━━━━━━━━━━━ 404.2/404.2 kB 7.3 MB/s eta 0:00:00
#10 64.36 Downloading google_crc32c-1.9.0-cp311-cp311-manylinux2014_aarch64.manylinux_2_17_aarch64.whl (38 kB)
#10 64.42 Downloading google_genai-2.26.0-py3-none-any.whl (1.2 MB)
#10 64.59    ━━━━━━━━━━━━━━━━━━━━━━━━━━━━━━━━━━━━━━━━ 1.2/1.2 MB 7.1 MB/s eta 0:00:00
#10 64.65 Downloading anyio-4.15.1-py3-none-any.whl (132 kB)
#10 64.66    ━━━━━━━━━━━━━━━━━━━━━━━━━━━━━━━━━━━━━━━━ 132.1/132.1 kB 20.6 MB/s eta 0:00:00
#10 64.71 Downloading google_resumable_media-2.11.0-py3-none-any.whl (81 kB)
#10 64.72    ━━━━━━━━━━━━━━━━━━━━━━━━━━━━━━━━━━━━━━━━ 81.5/81.5 kB 11.4 MB/s eta 0:00:00
#10 64.78 Downloading googleapis_common_protos-1.75.5-py3-none-any.whl (307 kB)
#10 64.81    ━━━━━━━━━━━━━━━━━━━━━━━━━━━━━━━━━━━━━━━━ 307.7/307.7 kB 9.8 MB/s eta 0:00:00
#10 64.86 Downloading grpc_google_iam_v1-0.14.5-py3-none-any.whl (32 kB)
#10 64.92 Downloading grpcio-1.84.0-cp311-cp311-manylinux2014_aarch64.manylinux_2_17_aarch64.whl (7.0 MB)
#10 65.90    ━━━━━━━━━━━━━━━━━━━━━━━━━━━━━━━━━━━━━━━━ 7.0/7.0 MB 7.3 MB/s eta 0:00:00
#10 65.95 Downloading idna-3.20-py3-none-any.whl (69 kB)
#10 65.95    ━━━━━━━━━━━━━━━━━━━━━━━━━━━━━━━━━━━━━━━━ 69.6/69.6 kB 137.6 MB/s eta 0:00:00
#10 66.01 Downloading importlib_metadata-9.0.1-py3-none-any.whl (27 kB)
#10 66.07 Downloading isodate-0.7.2-py3-none-any.whl (22 kB)
#10 66.12 Downloading jmespath-1.1.0-py3-none-any.whl (20 kB)
#10 66.16 Downloading jsonschema_specifications-2025.9.1-py3-none-any.whl (18 kB)
#10 66.22 Downloading jupyter_core-5.9.1-py3-none-any.whl (29 kB)
#10 66.27 Downloading leather-0.4.1-py3-none-any.whl (30 kB)
#10 66.33 Downloading markupsafe-3.0.3-cp311-cp311-manylinux2014_aarch64.manylinux_2_17_aarch64.manylinux_2_28_aarch64.whl (24 kB)
#10 66.38 Downloading more_itertools-10.8.0-py3-none-any.whl (69 kB)
#10 66.39    ━━━━━━━━━━━━━━━━━━━━━━━━━━━━━━━━━━━━━━━━ 69.7/69.7 kB 76.5 MB/s eta 0:00:00
#10 66.44 Downloading msgpack-1.2.3-cp311-cp311-manylinux2014_aarch64.manylinux_2_17_aarch64.manylinux_2_28_aarch64.whl (465 kB)
#10 66.50    ━━━━━━━━━━━━━━━━━━━━━━━━━━━━━━━━━━━━━━━━ 465.3/465.3 kB 8.6 MB/s eta 0:00:00
#10 66.55 Downloading pandas-3.0.6-cp311-cp311-manylinux_2_24_aarch64.manylinux_2_28_aarch64.whl (10.6 MB)
#10 67.92    ━━━━━━━━━━━━━━━━━━━━━━━━━━━━━━━━━━━━━━━━ 10.6/10.6 MB 7.7 MB/s eta 0:00:00
#10 67.98 Downloading pandas_gbq-0.35.2-py3-none-any.whl (51 kB)
#10 67.98    ━━━━━━━━━━━━━━━━━━━━━━━━━━━━━━━━━━━━━━━━ 51.9/51.9 kB 98.9 MB/s eta 0:00:00
#10 68.04 Downloading parsedatetime-2.6-py3-none-any.whl (42 kB)
#10 68.05    ━━━━━━━━━━━━━━━━━━━━━━━━━━━━━━━━━━━━━━━━ 42.5/42.5 kB 131.3 MB/s eta 0:00:00
#10 68.09 Downloading proto_plus-1.29.0-py3-none-any.whl (50 kB)
#10 68.10    ━━━━━━━━━━━━━━━━━━━━━━━━━━━━━━━━━━━━━━━━ 50.8/50.8 kB 27.2 MB/s eta 0:00:00
#10 68.15 Downloading pyarrow-25.0.1-cp311-cp311-manylinux_2_28_aarch64.whl (46.8 MB)
#10 73.83    ━━━━━━━━━━━━━━━━━━━━━━━━━━━━━━━━━━━━━━━━ 46.8/46.8 MB 8.9 MB/s eta 0:00:00
#10 73.88 Downloading pyasn1_modules-0.4.2-py3-none-any.whl (181 kB)
#10 73.90    ━━━━━━━━━━━━━━━━━━━━━━━━━━━━━━━━━━━━━━━━ 181.3/181.3 kB 18.8 MB/s eta 0:00:00
#10 73.95 Downloading python_dateutil-2.9.0.post0-py2.py3-none-any.whl (229 kB)
#10 73.97    ━━━━━━━━━━━━━━━━━━━━━━━━━━━━━━━━━━━━━━━━ 229.9/229.9 kB 12.9 MB/s eta 0:00:00
#10 74.02 Downloading python_slugify-9.1.2-py3-none-any.whl (15 kB)
#10 74.07 Downloading pytimeparse-1.1.8-py2.py3-none-any.whl (10.0 kB)
#10 74.12 Downloading rapidfuzz-3.14.6-cp311-cp311-manylinux_2_26_aarch64.manylinux_2_28_aarch64.whl (1.4 MB)
#10 74.31    ━━━━━━━━━━━━━━━━━━━━━━━━━━━━━━━━━━━━━━━━ 1.4/1.4 MB 7.5 MB/s eta 0:00:00
#10 74.36 Downloading referencing-0.37.0-py3-none-any.whl (26 kB)
#10 74.41 Downloading rpds_py-2026.6.3-cp311-cp311-manylinux_2_17_aarch64.manylinux2014_aarch64.whl (373 kB)
#10 74.44    ━━━━━━━━━━━━━━━━━━━━━━━━━━━━━━━━━━━━━━━━ 373.8/373.8 kB 14.2 MB/s eta 0:00:00
#10 74.49 Downloading s3transfer-0.19.2-py3-none-any.whl (90 kB)
#10 74.50    ━━━━━━━━━━━━━━━━━━━━━━━━━━━━━━━━━━━━━━━━ 90.2/90.2 kB 13.7 MB/s eta 0:00:00
#10 74.55 Downloading sqlglot-30.21.0-py3-none-any.whl (763 kB)
#10 74.63    ━━━━━━━━━━━━━━━━━━━━━━━━━━━━━━━━━━━━━━━━ 763.9/763.9 kB 9.6 MB/s eta 0:00:00
#10 74.69 Downloading tabulate-0.10.0-py3-none-any.whl (39 kB)
#10 74.74 Downloading traitlets-5.16.1-py3-none-any.whl (86 kB)
#10 74.75    ━━━━━━━━━━━━━━━━━━━━━━━━━━━━━━━━━━━━━━━━ 86.2/86.2 kB 93.1 MB/s eta 0:00:00
#10 74.81 Downloading typing_inspection-0.4.4-py3-none-any.whl (14 kB)
#10 74.86 Downloading urllib3-2.8.0-py3-none-any.whl (135 kB)
#10 74.87    ━━━━━━━━━━━━━━━━━━━━━━━━━━━━━━━━━━━━━━━━ 135.7/135.7 kB 44.5 MB/s eta 0:00:00
#10 74.92 Downloading cffi-2.1.1-cp311-cp311-manylinux2014_aarch64.manylinux_2_17_aarch64.whl (218 kB)
#10 74.94    ━━━━━━━━━━━━━━━━━━━━━━━━━━━━━━━━━━━━━━━━ 218.7/218.7 kB 18.8 MB/s eta 0:00:00
#10 74.99 Downloading distro-1.9.0-py3-none-any.whl (20 kB)
#10 75.05 Downloading google_auth_oauthlib-1.5.0-py3-none-any.whl (20 kB)
#10 75.11 Downloading grpcio_status-1.84.0-py3-none-any.whl (14 kB)
#10 75.16 Downloading h11-0.16.0-py3-none-any.whl (37 kB)
#10 75.21 Downloading numpy-2.4.6-cp311-cp311-manylinux_2_27_aarch64.manylinux_2_28_aarch64.whl (16.0 MB)
#10 76.85    ━━━━━━━━━━━━━━━━━━━━━━━━━━━━━━━━━━━━━━━━ 16.0/16.0 MB 9.8 MB/s eta 0:00:00
#10 76.91 Downloading orderly_set-5.5.0-py3-none-any.whl (13 kB)
#10 76.97 Downloading platformdirs-4.12.2-py3-none-any.whl (32 kB)
#10 77.01 Downloading psutil-7.2.2-cp36-abi3-manylinux2014_aarch64.manylinux_2_17_aarch64.manylinux_2_28_aarch64.whl (156 kB)
#10 77.03    ━━━━━━━━━━━━━━━━━━━━━━━━━━━━━━━━━━━━━━━━ 157.0/157.0 kB 11.2 MB/s eta 0:00:00
#10 77.08 Downloading pyasn1-0.6.4-py3-none-any.whl (84 kB)
#10 77.09    ━━━━━━━━━━━━━━━━━━━━━━━━━━━━━━━━━━━━━━━━ 84.4/84.4 kB 20.6 MB/s eta 0:00:00
#10 77.15 Downloading pydata_google_auth-1.9.1-py2.py3-none-any.whl (15 kB)
#10 77.20 Downloading six-1.17.0-py2.py3-none-any.whl (11 kB)
#10 77.25 Downloading text_unidecode-1.3-py2.py3-none-any.whl (78 kB)
#10 77.26    ━━━━━━━━━━━━━━━━━━━━━━━━━━━━━━━━━━━━━━━━ 78.2/78.2 kB 12.7 MB/s eta 0:00:00
#10 77.31 Downloading websockets-16.1.1-cp311-cp311-manylinux2014_aarch64.manylinux_2_17_aarch64.manylinux_2_28_aarch64.whl (188 kB)
#10 77.33    ━━━━━━━━━━━━━━━━━━━━━━━━━━━━━━━━━━━━━━━━ 188.1/188.1 kB 13.1 MB/s eta 0:00:00
#10 77.38 Downloading zipp-4.1.0-py3-none-any.whl (10 kB)
#10 77.43 Downloading sniffio-1.3.1-py3-none-any.whl (10 kB)
#10 77.49 Downloading requests_oauthlib-2.0.0-py2.py3-none-any.whl (24 kB)
#10 77.53 Downloading pycparser-3.0-py3-none-any.whl (48 kB)
#10 77.54    ━━━━━━━━━━━━━━━━━━━━━━━━━━━━━━━━━━━━━━━━ 48.2/48.2 kB 7.9 MB/s eta 0:00:00
#10 77.58 Downloading oauthlib-4.0.0-py3-none-any.whl (159 kB)
#10 77.60    ━━━━━━━━━━━━━━━━━━━━━━━━━━━━━━━━━━━━━━━━ 159.7/159.7 kB 9.1 MB/s eta 0:00:00
#10 77.73 Building wheels for collected packages: trade-analytics, dbt-core-experimental-parser
#10 77.73   Building wheel for trade-analytics (pyproject.toml): started
#10 77.82   Building wheel for trade-analytics (pyproject.toml): finished with status 'done'
#10 77.82   Created wheel for trade-analytics: filename=trade_analytics-0.1.0-py3-none-any.whl size=32008 sha256=c71f339c75d32c18528a607616c33a331219233169d68845b739a528424bf77b
#10 77.82   Stored in directory: /tmp/pip-ephem-wheel-cache-8e2cc0jv/wheels/ab/c2/88/1233258b505e47c056dc869d6302ef50f92ec782db9b76ccde
#10 77.82   Building wheel for dbt-core-experimental-parser (pyproject.toml): started
#10 77.86   Building wheel for dbt-core-experimental-parser (pyproject.toml): finished with status 'done'
#10 77.88   Created wheel for dbt-core-experimental-parser: filename=dbt_core_experimental_parser-2.0.5-py3-none-manylinux_2_28_aarch64.whl size=50660010 sha256=86ba21bc2ec8c16675002477808518b9dcdd6299abd1825f8c9b9b58f3509365
#10 77.88   Stored in directory: /tmp/pip-ephem-wheel-cache-8e2cc0jv/wheels/95/7a/72/a3358c876e29ef26fe21f4b63d95cb46229129c69382ba29e0
#10 77.88 Successfully built trade-analytics dbt-core-experimental-parser
#10 78.25 Installing collected packages: text-unidecode, pytz, pytimeparse, parsedatetime, leather, daff, zipp, websockets, urllib3, typing-extensions, traitlets, tenacity, tabulate, sqlparse, sqlglot, sniffio, six, rpds-py, rapidfuzz, pyyaml, python-slugify, python-dotenv, pycparser, pyasn1, pyarrow, psutil, protobuf, platformdirs, pathspec, packaging, orderly-set, oauthlib, numpy, networkx, msgpack, more-itertools, MarkupSafe, jmespath, isodate, idna, h11, google-crc32c, fastjsonschema, docstring_parser, distro, dbt-extractor, dbt-core-experimental-parser, colorama, click, charset_normalizer, certifi, Babel, attrs, annotated-types, typing-inspection, requests, referencing, python-dateutil, pydantic-core, pyasn1-modules, proto-plus, opentelemetry-api, mashumaro, jupyter-core, jinja2, importlib-metadata, httpcore, grpcio, googleapis-common-protos, google-resumable-media, deepdiff, dbt-protos, cffi, anyio, agate, snowplow-tracker, requests-oauthlib, pydantic, pandas, jsonschema-specifications, httpx, grpcio-status, cryptography, botocore, s3transfer, jsonschema, grpc-google-iam-v1, google-auth, db-dtypes, nbformat, metricflow, google-auth-oauthlib, google-api-core, dbt-common, boto3, trade-analytics, pydata-google-auth, google-genai, google-cloud-core, dbt-adapters, google-cloud-storage, google-cloud-resource-manager, google-cloud-dataproc, google-cloud-bigquery, dbt-core, pandas-gbq, google-cloud-aiplatform, dbt-bigquery
#10 90.99 Successfully installed Babel-2.18.0 MarkupSafe-3.0.3 agate-1.9.1 annotated-types-0.8.0 anyio-4.15.1 attrs-26.1.0 boto3-1.43.106 botocore-1.43.106 certifi-2026.7.22 cffi-2.1.1 charset_normalizer-3.5.2 click-8.5.0 colorama-0.4.6 cryptography-50.0.2 daff-1.4.2 db-dtypes-1.7.1 dbt-adapters-1.24.5 dbt-bigquery-1.12.1 dbt-common-1.39.0 dbt-core-1.12.5 dbt-core-experimental-parser-2.0.5 dbt-extractor-0.6.0 dbt-protos-1.0.565 deepdiff-8.6.2 distro-1.9.0 docstring_parser-0.18.0 fastjsonschema-2.22.2 google-api-core-2.40.0 google-auth-2.59.1 google-auth-oauthlib-1.5.0 google-cloud-aiplatform-2.3.0 google-cloud-bigquery-3.45.2 google-cloud-core-2.8.0 google-cloud-dataproc-5.30.0 google-cloud-resource-manager-1.18.0 google-cloud-storage-3.1.1 google-crc32c-1.9.0 google-genai-2.26.0 google-resumable-media-2.11.0 googleapis-common-protos-1.75.5 grpc-google-iam-v1-0.14.5 grpcio-1.84.0 grpcio-status-1.84.0 h11-0.16.0 httpcore-1.0.9 httpx-0.28.1 idna-3.20 importlib-metadata-9.0.1 isodate-0.7.2 jinja2-3.1.6 jmespath-1.1.0 jsonschema-4.26.0 jsonschema-specifications-2025.9.1 jupyter-core-5.9.1 leather-0.4.1 mashumaro-3.17 metricflow-0.213.0 more-itertools-10.8.0 msgpack-1.2.3 nbformat-5.11.1 networkx-3.6.1 numpy-2.4.6 oauthlib-4.0.0 opentelemetry-api-1.45.0 orderly-set-5.5.0 packaging-26.3 pandas-3.0.6 pandas-gbq-0.35.2 parsedatetime-2.6 pathspec-1.0.4 platformdirs-4.12.2 proto-plus-1.29.0 protobuf-6.33.6 psutil-7.2.2 pyarrow-25.0.1 pyasn1-0.6.4 pyasn1-modules-0.4.2 pycparser-3.0 pydantic-2.13.5 pydantic-core-2.46.5 pydata-google-auth-1.9.1 python-dateutil-2.9.0.post0 python-dotenv-1.2.4 python-slugify-9.1.2 pytimeparse-1.1.8 pytz-2026.4 pyyaml-6.0.3 rapidfuzz-3.14.6 referencing-0.37.0 requests-2.34.2 requests-oauthlib-2.0.0 rpds-py-2026.6.3 s3transfer-0.19.2 six-1.17.0 sniffio-1.3.1 snowplow-tracker-1.1.0 sqlglot-30.21.0 sqlparse-0.6.0 tabulate-0.10.0 tenacity-9.1.4 text-unidecode-1.3 trade-analytics-0.1.0 traitlets-5.16.1 typing-extensions-4.16.0 typing-inspection-0.4.4 urllib3-2.8.0 websockets-16.1.1 zipp-4.1.0
#10 91.22
#10 91.22 [notice] A new release of pip is available: 24.0 -> 26.2.1
#10 91.22 [notice] To update, run: python -m pip install --upgrade pip
#10 DONE 93.1s

#11 exporting to image
#11 exporting layers
#11 exporting layers 1.6s done
#11 writing image sha256:6ba6f9e8374a1d47d927e886e56ba5df1c8a3aff02bf19cf73ff86f425d711eb
#11 writing image sha256:6ba6f9e8374a1d47d927e886e56ba5df1c8a3aff02bf19cf73ff86f425d711eb done
#11 naming to docker.io/library/trade-rebuild:airflow done
#11 DONE 1.6s

View build details: docker-desktop://dashboard/build/desktop-linux/desktop-linux/q2p9wzloxbfvsdbjqsilka826
