aws_cloudwatch_log_group.lambda: Refreshing state... [id=/aws/lambda/trade-rebuild-acceptance]
aws_iam_role.lambda: Refreshing state... [id=trade-rebuild-acceptance]
aws_sns_topic.ingestion_alarms: Refreshing state... [id=arn:aws:sns:ap-northeast-1:816079797958:trade-rebuild-acceptance-alarms]
aws_ecr_repository.ingestion: Refreshing state... [id=trade-rebuild-acceptance]
aws_s3_bucket.raw: Refreshing state... [id=trade-rebuild-816079797958-20261002]
aws_cloudwatch_log_metric_filter.ingestion_error["ComtradeResponseError"]: Refreshing state... [id=trade-rebuild-acceptance-ComtradeResponseError]
aws_cloudwatch_log_metric_filter.ingestion_error["ResponseTruncatedError"]: Refreshing state... [id=trade-rebuild-acceptance-ResponseTruncatedError]
aws_cloudwatch_log_metric_filter.ingestion_error["StorageConflictError"]: Refreshing state... [id=trade-rebuild-acceptance-StorageConflictError]
aws_cloudwatch_metric_alarm.ingestion_error["ResponseTruncatedError"]: Refreshing state... [id=trade-analytics-ingestion-rebuild-ResponseTruncatedError]
aws_cloudwatch_metric_alarm.ingestion_error["StorageConflictError"]: Refreshing state... [id=trade-analytics-ingestion-rebuild-StorageConflictError]
aws_cloudwatch_metric_alarm.ingestion_error["ComtradeResponseError"]: Refreshing state... [id=trade-analytics-ingestion-rebuild-ComtradeResponseError]
aws_s3_bucket_ownership_controls.raw: Refreshing state... [id=trade-rebuild-816079797958-20261002]
aws_s3_bucket_versioning.raw: Refreshing state... [id=trade-rebuild-816079797958-20261002]
aws_s3_bucket_public_access_block.raw: Refreshing state... [id=trade-rebuild-816079797958-20261002]
aws_s3_bucket_server_side_encryption_configuration.raw: Refreshing state... [id=trade-rebuild-816079797958-20261002]
aws_sns_topic_policy.ingestion_alarms: Refreshing state... [id=arn:aws:sns:ap-northeast-1:816079797958:trade-rebuild-acceptance-alarms]
aws_iam_role_policy_attachment.logs: Refreshing state... [id=trade-rebuild-acceptance/arn:aws:iam::aws:policy/service-role/AWSLambdaBasicExecutionRole]
aws_iam_role_policy.s3: Refreshing state... [id=trade-rebuild-acceptance:TradeAnalyticsS3Access]
aws_lambda_function.ingestion: Refreshing state... [id=trade-rebuild-acceptance]
aws_cloudwatch_metric_alarm.lambda_duration: Refreshing state... [id=trade-analytics-ingestion-rebuild-LambdaDuration]
aws_cloudwatch_metric_alarm.lambda_errors: Refreshing state... [id=trade-analytics-ingestion-rebuild-LambdaErrors]

Terraform used the selected providers to generate the following execution
plan. Resource actions are indicated with the following symbols:
  - destroy

Terraform will perform the following actions:

  # aws_cloudwatch_log_group.lambda will be destroyed
  - resource "aws_cloudwatch_log_group" "lambda" {
      - arn                         = "arn:aws:logs:ap-northeast-1:816079797958:log-group:/aws/lambda/trade-rebuild-acceptance" -> null
      - deletion_protection_enabled = false -> null
      - id                          = "/aws/lambda/trade-rebuild-acceptance" -> null
      - log_group_class             = "STANDARD" -> null
      - name                        = "/aws/lambda/trade-rebuild-acceptance" -> null
      - region                      = "ap-northeast-1" -> null
      - retention_in_days           = 1 -> null
      - skip_destroy                = false -> null
      - tags                        = {} -> null
      - tags_all                    = {} -> null
        # (2 unchanged attributes hidden)
    }

  # aws_cloudwatch_log_metric_filter.ingestion_error["ComtradeResponseError"] will be destroyed
  - resource "aws_cloudwatch_log_metric_filter" "ingestion_error" {
      - apply_on_transformed_logs = false -> null
      - id                        = "trade-rebuild-acceptance-ComtradeResponseError" -> null
      - log_group_name            = "/aws/lambda/trade-rebuild-acceptance" -> null
      - name                      = "trade-rebuild-acceptance-ComtradeResponseError" -> null
      - pattern                   = "{ $.event = \"ingestion_failed\" && $.error_category = \"ComtradeResponseError\" }" -> null
      - region                    = "ap-northeast-1" -> null

      - metric_transformation {
          - default_value = "0" -> null
          - dimensions    = {} -> null
          - name          = "ComtradeResponseError" -> null
          - namespace     = "TradeAnalytics/trade-rebuild-acceptance" -> null
          - unit          = "Count" -> null
          - value         = "1" -> null
        }
    }

  # aws_cloudwatch_log_metric_filter.ingestion_error["ResponseTruncatedError"] will be destroyed
  - resource "aws_cloudwatch_log_metric_filter" "ingestion_error" {
      - apply_on_transformed_logs = false -> null
      - id                        = "trade-rebuild-acceptance-ResponseTruncatedError" -> null
      - log_group_name            = "/aws/lambda/trade-rebuild-acceptance" -> null
      - name                      = "trade-rebuild-acceptance-ResponseTruncatedError" -> null
      - pattern                   = "{ $.event = \"ingestion_failed\" && $.error_category = \"ResponseTruncatedError\" }" -> null
      - region                    = "ap-northeast-1" -> null

      - metric_transformation {
          - default_value = "0" -> null
          - dimensions    = {} -> null
          - name          = "ResponseTruncatedError" -> null
          - namespace     = "TradeAnalytics/trade-rebuild-acceptance" -> null
          - unit          = "Count" -> null
          - value         = "1" -> null
        }
    }

  # aws_cloudwatch_log_metric_filter.ingestion_error["StorageConflictError"] will be destroyed
  - resource "aws_cloudwatch_log_metric_filter" "ingestion_error" {
      - apply_on_transformed_logs = false -> null
      - id                        = "trade-rebuild-acceptance-StorageConflictError" -> null
      - log_group_name            = "/aws/lambda/trade-rebuild-acceptance" -> null
      - name                      = "trade-rebuild-acceptance-StorageConflictError" -> null
      - pattern                   = "{ $.event = \"ingestion_failed\" && $.error_category = \"StorageConflictError\" }" -> null
      - region                    = "ap-northeast-1" -> null

      - metric_transformation {
          - default_value = "0" -> null
          - dimensions    = {} -> null
          - name          = "StorageConflictError" -> null
          - namespace     = "TradeAnalytics/trade-rebuild-acceptance" -> null
          - unit          = "Count" -> null
          - value         = "1" -> null
        }
    }

  # aws_cloudwatch_metric_alarm.ingestion_error["ComtradeResponseError"] will be destroyed
  - resource "aws_cloudwatch_metric_alarm" "ingestion_error" {
      - actions_enabled                       = true -> null
      - alarm_actions                         = [
          - "arn:aws:sns:ap-northeast-1:816079797958:trade-analytics-ingestion-alarms",
        ] -> null
      - alarm_name                            = "trade-analytics-ingestion-rebuild-ComtradeResponseError" -> null
      - arn                                   = "arn:aws:cloudwatch:ap-northeast-1:816079797958:alarm:trade-analytics-ingestion-rebuild-ComtradeResponseError" -> null
      - comparison_operator                   = "GreaterThanOrEqualToThreshold" -> null
      - datapoints_to_alarm                   = 1 -> null
      - dimensions                            = {} -> null
      - evaluation_interval                   = 0 -> null
      - evaluation_periods                    = 1 -> null
      - id                                    = "trade-analytics-ingestion-rebuild-ComtradeResponseError" -> null
      - insufficient_data_actions             = [] -> null
      - metric_name                           = "ComtradeResponseError" -> null
      - namespace                             = "TradeAnalytics/trade-rebuild-acceptance" -> null
      - ok_actions                            = [] -> null
      - period                                = 60 -> null
      - region                                = "ap-northeast-1" -> null
      - statistic                             = "Sum" -> null
      - tags                                  = {} -> null
      - tags_all                              = {} -> null
      - threshold                             = 1 -> null
      - treat_missing_data                    = "notBreaching" -> null
        # (5 unchanged attributes hidden)
    }

  # aws_cloudwatch_metric_alarm.ingestion_error["ResponseTruncatedError"] will be destroyed
  - resource "aws_cloudwatch_metric_alarm" "ingestion_error" {
      - actions_enabled                       = true -> null
      - alarm_actions                         = [
          - "arn:aws:sns:ap-northeast-1:816079797958:trade-analytics-ingestion-alarms",
        ] -> null
      - alarm_name                            = "trade-analytics-ingestion-rebuild-ResponseTruncatedError" -> null
      - arn                                   = "arn:aws:cloudwatch:ap-northeast-1:816079797958:alarm:trade-analytics-ingestion-rebuild-ResponseTruncatedError" -> null
      - comparison_operator                   = "GreaterThanOrEqualToThreshold" -> null
      - datapoints_to_alarm                   = 1 -> null
      - dimensions                            = {} -> null
      - evaluation_interval                   = 0 -> null
      - evaluation_periods                    = 1 -> null
      - id                                    = "trade-analytics-ingestion-rebuild-ResponseTruncatedError" -> null
      - insufficient_data_actions             = [] -> null
      - metric_name                           = "ResponseTruncatedError" -> null
      - namespace                             = "TradeAnalytics/trade-rebuild-acceptance" -> null
      - ok_actions                            = [] -> null
      - period                                = 60 -> null
      - region                                = "ap-northeast-1" -> null
      - statistic                             = "Sum" -> null
      - tags                                  = {} -> null
      - tags_all                              = {} -> null
      - threshold                             = 1 -> null
      - treat_missing_data                    = "notBreaching" -> null
        # (5 unchanged attributes hidden)
    }

  # aws_cloudwatch_metric_alarm.ingestion_error["StorageConflictError"] will be destroyed
  - resource "aws_cloudwatch_metric_alarm" "ingestion_error" {
      - actions_enabled                       = true -> null
      - alarm_actions                         = [
          - "arn:aws:sns:ap-northeast-1:816079797958:trade-analytics-ingestion-alarms",
        ] -> null
      - alarm_name                            = "trade-analytics-ingestion-rebuild-StorageConflictError" -> null
      - arn                                   = "arn:aws:cloudwatch:ap-northeast-1:816079797958:alarm:trade-analytics-ingestion-rebuild-StorageConflictError" -> null
      - comparison_operator                   = "GreaterThanOrEqualToThreshold" -> null
      - datapoints_to_alarm                   = 1 -> null
      - dimensions                            = {} -> null
      - evaluation_interval                   = 0 -> null
      - evaluation_periods                    = 1 -> null
      - id                                    = "trade-analytics-ingestion-rebuild-StorageConflictError" -> null
      - insufficient_data_actions             = [] -> null
      - metric_name                           = "StorageConflictError" -> null
      - namespace                             = "TradeAnalytics/trade-rebuild-acceptance" -> null
      - ok_actions                            = [] -> null
      - period                                = 60 -> null
      - region                                = "ap-northeast-1" -> null
      - statistic                             = "Sum" -> null
      - tags                                  = {} -> null
      - tags_all                              = {} -> null
      - threshold                             = 1 -> null
      - treat_missing_data                    = "notBreaching" -> null
        # (5 unchanged attributes hidden)
    }

  # aws_cloudwatch_metric_alarm.lambda_duration will be destroyed
  - resource "aws_cloudwatch_metric_alarm" "lambda_duration" {
      - actions_enabled                       = true -> null
      - alarm_actions                         = [
          - "arn:aws:sns:ap-northeast-1:816079797958:trade-analytics-ingestion-alarms",
        ] -> null
      - alarm_name                            = "trade-analytics-ingestion-rebuild-LambdaDuration" -> null
      - arn                                   = "arn:aws:cloudwatch:ap-northeast-1:816079797958:alarm:trade-analytics-ingestion-rebuild-LambdaDuration" -> null
      - comparison_operator                   = "GreaterThanThreshold" -> null
      - datapoints_to_alarm                   = 1 -> null
      - dimensions                            = {
          - "FunctionName" = "trade-rebuild-acceptance"
        } -> null
      - evaluation_interval                   = 0 -> null
      - evaluation_periods                    = 1 -> null
      - id                                    = "trade-analytics-ingestion-rebuild-LambdaDuration" -> null
      - insufficient_data_actions             = [] -> null
      - metric_name                           = "Duration" -> null
      - namespace                             = "AWS/Lambda" -> null
      - ok_actions                            = [] -> null
      - period                                = 60 -> null
      - region                                = "ap-northeast-1" -> null
      - statistic                             = "Maximum" -> null
      - tags                                  = {} -> null
      - tags_all                              = {} -> null
      - threshold                             = 150000 -> null
      - treat_missing_data                    = "notBreaching" -> null
        # (5 unchanged attributes hidden)
    }

  # aws_cloudwatch_metric_alarm.lambda_errors will be destroyed
  - resource "aws_cloudwatch_metric_alarm" "lambda_errors" {
      - actions_enabled                       = true -> null
      - alarm_actions                         = [
          - "arn:aws:sns:ap-northeast-1:816079797958:trade-analytics-ingestion-alarms",
        ] -> null
      - alarm_name                            = "trade-analytics-ingestion-rebuild-LambdaErrors" -> null
      - arn                                   = "arn:aws:cloudwatch:ap-northeast-1:816079797958:alarm:trade-analytics-ingestion-rebuild-LambdaErrors" -> null
      - comparison_operator                   = "GreaterThanOrEqualToThreshold" -> null
      - datapoints_to_alarm                   = 1 -> null
      - dimensions                            = {
          - "FunctionName" = "trade-rebuild-acceptance"
        } -> null
      - evaluation_interval                   = 0 -> null
      - evaluation_periods                    = 1 -> null
      - id                                    = "trade-analytics-ingestion-rebuild-LambdaErrors" -> null
      - insufficient_data_actions             = [] -> null
      - metric_name                           = "Errors" -> null
      - namespace                             = "AWS/Lambda" -> null
      - ok_actions                            = [] -> null
      - period                                = 60 -> null
      - region                                = "ap-northeast-1" -> null
      - statistic                             = "Sum" -> null
      - tags                                  = {} -> null
      - tags_all                              = {} -> null
      - threshold                             = 1 -> null
      - treat_missing_data                    = "notBreaching" -> null
        # (5 unchanged attributes hidden)
    }

  # aws_ecr_repository.ingestion will be destroyed
  - resource "aws_ecr_repository" "ingestion" {
      - arn                  = "arn:aws:ecr:ap-northeast-1:816079797958:repository/trade-rebuild-acceptance" -> null
      - force_delete         = true -> null
      - id                   = "trade-rebuild-acceptance" -> null
      - image_tag_mutability = "MUTABLE" -> null
      - name                 = "trade-rebuild-acceptance" -> null
      - region               = "ap-northeast-1" -> null
      - registry_id          = "816079797958" -> null
      - repository_url       = "816079797958.dkr.ecr.ap-northeast-1.amazonaws.com/trade-rebuild-acceptance" -> null
      - tags                 = {} -> null
      - tags_all             = {} -> null

      - encryption_configuration {
          - encryption_type = "AES256" -> null
            # (1 unchanged attribute hidden)
        }

      - image_scanning_configuration {
          - scan_on_push = true -> null
        }
    }

  # aws_iam_role.lambda will be destroyed
  - resource "aws_iam_role" "lambda" {
      - arn                   = "arn:aws:iam::816079797958:role/trade-rebuild-acceptance" -> null
      - assume_role_policy    = jsonencode(
            {
              - Statement = [
                  - {
                      - Action    = "sts:AssumeRole"
                      - Effect    = "Allow"
                      - Principal = {
                          - Service = "lambda.amazonaws.com"
                        }
                    },
                ]
              - Version   = "2012-10-17"
            }
        ) -> null
      - create_date           = "2026-10-01T17:31:23Z" -> null
      - description           = "Allows Lambda functions to call AWS services on your behalf." -> null
      - force_detach_policies = false -> null
      - id                    = "trade-rebuild-acceptance" -> null
      - managed_policy_arns   = [
          - "arn:aws:iam::aws:policy/service-role/AWSLambdaBasicExecutionRole",
        ] -> null
      - max_session_duration  = 3600 -> null
      - name                  = "trade-rebuild-acceptance" -> null
      - path                  = "/" -> null
      - tags                  = {} -> null
      - tags_all              = {} -> null
      - unique_id             = "AROA34ARFP3DEHRO3IU3Y" -> null
        # (2 unchanged attributes hidden)

      - inline_policy {
          - name   = "TradeAnalyticsS3Access" -> null
          - policy = jsonencode(
                {
                  - Statement = [
                      - {
                          - Action   = [
                              - "s3:GetObject",
                              - "s3:PutObject",
                            ]
                          - Effect   = "Allow"
                          - Resource = "arn:aws:s3:::trade-rebuild-816079797958-20261002/acceptance/v2/*"
                          - Sid      = "ReadWriteTradeV2Objects"
                        },
                      - {
                          - Action   = "s3:ListBucket"
                          - Effect   = "Allow"
                          - Resource = "arn:aws:s3:::trade-rebuild-816079797958-20261002"
                          - Sid      = "RecognizeMissingObjectsInTradeBucket"
                        },
                    ]
                  - Version   = "2012-10-17"
                }
            ) -> null
        }
    }

  # aws_iam_role_policy.s3 will be destroyed
  - resource "aws_iam_role_policy" "s3" {
      - id          = "trade-rebuild-acceptance:TradeAnalyticsS3Access" -> null
      - name        = "TradeAnalyticsS3Access" -> null
      - policy      = jsonencode(
            {
              - Statement = [
                  - {
                      - Action   = [
                          - "s3:GetObject",
                          - "s3:PutObject",
                        ]
                      - Effect   = "Allow"
                      - Resource = "arn:aws:s3:::trade-rebuild-816079797958-20261002/acceptance/v2/*"
                      - Sid      = "ReadWriteTradeV2Objects"
                    },
                  - {
                      - Action   = "s3:ListBucket"
                      - Effect   = "Allow"
                      - Resource = "arn:aws:s3:::trade-rebuild-816079797958-20261002"
                      - Sid      = "RecognizeMissingObjectsInTradeBucket"
                    },
                ]
              - Version   = "2012-10-17"
            }
        ) -> null
      - role        = "trade-rebuild-acceptance" -> null
        # (1 unchanged attribute hidden)
    }

  # aws_iam_role_policy_attachment.logs will be destroyed
  - resource "aws_iam_role_policy_attachment" "logs" {
      - id         = "trade-rebuild-acceptance/arn:aws:iam::aws:policy/service-role/AWSLambdaBasicExecutionRole" -> null
      - policy_arn = "arn:aws:iam::aws:policy/service-role/AWSLambdaBasicExecutionRole" -> null
      - role       = "trade-rebuild-acceptance" -> null
    }

  # aws_lambda_function.ingestion will be destroyed
  - resource "aws_lambda_function" "ingestion" {
      - architectures                  = [
          - "x86_64",
        ] -> null
      - arn                            = "arn:aws:lambda:ap-northeast-1:816079797958:function:trade-rebuild-acceptance" -> null
      - code_sha256                    = "befb469c96c356b086152b6fd5d68b3679bacc950b84ee4fe238016b68154a09" -> null
      - function_name                  = "trade-rebuild-acceptance" -> null
      - id                             = "trade-rebuild-acceptance" -> null
      - image_uri                      = "816079797958.dkr.ecr.ap-northeast-1.amazonaws.com/trade-rebuild-acceptance@sha256:befb469c96c356b086152b6fd5d68b3679bacc950b84ee4fe238016b68154a09" -> null
      - invoke_arn                     = "arn:aws:apigateway:ap-northeast-1:lambda:path/2015-03-31/functions/arn:aws:lambda:ap-northeast-1:816079797958:function:trade-rebuild-acceptance/invocations" -> null
      - last_modified                  = "2026-10-01T17:38:57.000+0000" -> null
      - layers                         = [] -> null
      - memory_size                    = 512 -> null
      - package_type                   = "Image" -> null
      - publish                        = false -> null
      - qualified_arn                  = "arn:aws:lambda:ap-northeast-1:816079797958:function:trade-rebuild-acceptance:$LATEST" -> null
      - qualified_invoke_arn           = "arn:aws:apigateway:ap-northeast-1:lambda:path/2015-03-31/functions/arn:aws:lambda:ap-northeast-1:816079797958:function:trade-rebuild-acceptance:$LATEST/invocations" -> null
      - region                         = "ap-northeast-1" -> null
      - reserved_concurrent_executions = -1 -> null
      - response_streaming_invoke_arn  = "arn:aws:apigateway:ap-northeast-1:lambda:path/2021-11-15/functions/arn:aws:lambda:ap-northeast-1:816079797958:function:trade-rebuild-acceptance/response-streaming-invocations" -> null
      - role                           = "arn:aws:iam::816079797958:role/trade-rebuild-acceptance" -> null
      - skip_destroy                   = false -> null
      - source_code_size               = 0 -> null
      - tags                           = {} -> null
      - tags_all                       = {} -> null
      - timeout                        = 180 -> null
      - version                        = "$LATEST" -> null
        # (9 unchanged attributes hidden)

      - environment {
          - variables = (sensitive value) -> null
        }

      - ephemeral_storage {
          - size = 512 -> null
        }

      - logging_config {
          - log_format            = "Text" -> null
          - log_group             = "/aws/lambda/trade-rebuild-acceptance" -> null
            # (2 unchanged attributes hidden)
        }

      - tracing_config {
          - mode = "PassThrough" -> null
        }
    }

  # aws_s3_bucket.raw will be destroyed
  - resource "aws_s3_bucket" "raw" {
      - arn                         = "arn:aws:s3:::trade-rebuild-816079797958-20261002" -> null
      - bucket                      = "trade-rebuild-816079797958-20261002" -> null
      - bucket_domain_name          = "trade-rebuild-816079797958-20261002.s3.amazonaws.com" -> null
      - bucket_namespace            = "global" -> null
      - bucket_region               = "ap-northeast-1" -> null
      - bucket_regional_domain_name = "trade-rebuild-816079797958-20261002.s3.ap-northeast-1.amazonaws.com" -> null
      - force_destroy               = true -> null
      - hosted_zone_id              = "Z2M4EHUR26P7ZW" -> null
      - id                          = "trade-rebuild-816079797958-20261002" -> null
      - object_lock_enabled         = false -> null
      - region                      = "ap-northeast-1" -> null
      - request_payer               = "BucketOwner" -> null
      - tags                        = {} -> null
      - tags_all                    = {} -> null
        # (3 unchanged attributes hidden)

      - grant {
          - id          = "114b8ca8a25b780bd161522d8eade20844e960d7f95d77971bd3a3073e953061" -> null
          - permissions = [
              - "FULL_CONTROL",
            ] -> null
          - type        = "CanonicalUser" -> null
            # (1 unchanged attribute hidden)
        }

      - server_side_encryption_configuration {
          - rule {
              - bucket_key_enabled = true -> null

              - apply_server_side_encryption_by_default {
                  - sse_algorithm     = "AES256" -> null
                    # (1 unchanged attribute hidden)
                }
            }
        }

      - versioning {
          - enabled    = true -> null
          - mfa_delete = false -> null
        }
    }

  # aws_s3_bucket_ownership_controls.raw will be destroyed
  - resource "aws_s3_bucket_ownership_controls" "raw" {
      - bucket = "trade-rebuild-816079797958-20261002" -> null
      - id     = "trade-rebuild-816079797958-20261002" -> null
      - region = "ap-northeast-1" -> null

      - rule {
          - object_ownership = "BucketOwnerEnforced" -> null
        }
    }

  # aws_s3_bucket_public_access_block.raw will be destroyed
  - resource "aws_s3_bucket_public_access_block" "raw" {
      - block_public_acls       = true -> null
      - block_public_policy     = true -> null
      - bucket                  = "trade-rebuild-816079797958-20261002" -> null
      - id                      = "trade-rebuild-816079797958-20261002" -> null
      - ignore_public_acls      = true -> null
      - region                  = "ap-northeast-1" -> null
      - restrict_public_buckets = true -> null
    }

  # aws_s3_bucket_server_side_encryption_configuration.raw will be destroyed
  - resource "aws_s3_bucket_server_side_encryption_configuration" "raw" {
      - bucket                = "trade-rebuild-816079797958-20261002" -> null
      - id                    = "trade-rebuild-816079797958-20261002" -> null
      - region                = "ap-northeast-1" -> null
        # (1 unchanged attribute hidden)

      - rule {
          - blocked_encryption_types = [
              - "SSE-C",
            ] -> null
          - bucket_key_enabled       = true -> null

          - apply_server_side_encryption_by_default {
              - sse_algorithm     = "AES256" -> null
                # (1 unchanged attribute hidden)
            }
        }
    }

  # aws_s3_bucket_versioning.raw will be destroyed
  - resource "aws_s3_bucket_versioning" "raw" {
      - bucket                = "trade-rebuild-816079797958-20261002" -> null
      - id                    = "trade-rebuild-816079797958-20261002" -> null
      - region                = "ap-northeast-1" -> null
        # (1 unchanged attribute hidden)

      - versioning_configuration {
          - mfa_delete = "Disabled" -> null
          - status     = "Enabled" -> null
        }
    }

  # aws_sns_topic.ingestion_alarms will be destroyed
  - resource "aws_sns_topic" "ingestion_alarms" {
      - application_success_feedback_sample_rate = 0 -> null
      - arn                                      = "arn:aws:sns:ap-northeast-1:816079797958:trade-rebuild-acceptance-alarms" -> null
      - content_based_deduplication              = false -> null
      - fifo_topic                               = false -> null
      - firehose_success_feedback_sample_rate    = 0 -> null
      - http_success_feedback_sample_rate        = 0 -> null
      - id                                       = "arn:aws:sns:ap-northeast-1:816079797958:trade-rebuild-acceptance-alarms" -> null
      - lambda_success_feedback_sample_rate      = 0 -> null
      - name                                     = "trade-rebuild-acceptance-alarms" -> null
      - owner                                    = "816079797958" -> null
      - policy                                   = jsonencode(
            {
              - Statement = [
                  - {
                      - Action    = "sns:Publish"
                      - Condition = {
                          - ArnLike      = {
                              - "aws:SourceArn" = "arn:aws:cloudwatch:ap-northeast-1:816079797958:alarm:trade-rebuild-acceptance-*"
                            }
                          - StringEquals = {
                              - "aws:SourceAccount" = "816079797958"
                            }
                        }
                      - Effect    = "Allow"
                      - Principal = {
                          - Service = "cloudwatch.amazonaws.com"
                        }
                      - Resource  = "arn:aws:sns:ap-northeast-1:816079797958:trade-rebuild-acceptance-alarms"
                      - Sid       = "AllowAccountAlarmsToPublish"
                    },
                ]
              - Version   = "2012-10-17"
            }
        ) -> null
      - region                                   = "ap-northeast-1" -> null
      - signature_version                        = 0 -> null
      - sqs_success_feedback_sample_rate         = 0 -> null
      - tags                                     = {} -> null
      - tags_all                                 = {} -> null
        # (18 unchanged attributes hidden)
    }

  # aws_sns_topic_policy.ingestion_alarms will be destroyed
  - resource "aws_sns_topic_policy" "ingestion_alarms" {
      - arn    = "arn:aws:sns:ap-northeast-1:816079797958:trade-rebuild-acceptance-alarms" -> null
      - id     = "arn:aws:sns:ap-northeast-1:816079797958:trade-rebuild-acceptance-alarms" -> null
      - owner  = "816079797958" -> null
      - policy = jsonencode(
            {
              - Statement = [
                  - {
                      - Action    = "sns:Publish"
                      - Condition = {
                          - ArnLike      = {
                              - "aws:SourceArn" = "arn:aws:cloudwatch:ap-northeast-1:816079797958:alarm:trade-rebuild-acceptance-*"
                            }
                          - StringEquals = {
                              - "aws:SourceAccount" = "816079797958"
                            }
                        }
                      - Effect    = "Allow"
                      - Principal = {
                          - Service = "cloudwatch.amazonaws.com"
                        }
                      - Resource  = "arn:aws:sns:ap-northeast-1:816079797958:trade-rebuild-acceptance-alarms"
                      - Sid       = "AllowAccountAlarmsToPublish"
                    },
                ]
              - Version   = "2012-10-17"
            }
        ) -> null
      - region = "ap-northeast-1" -> null
    }

Plan: 0 to add, 0 to change, 21 to destroy.

Changes to Outputs:
  - function_name             = "trade-rebuild-acceptance" -> null
  - image_uri                 = "816079797958.dkr.ecr.ap-northeast-1.amazonaws.com/trade-rebuild-acceptance@sha256:befb469c96c356b086152b6fd5d68b3679bacc950b84ee4fe238016b68154a09" -> null
  - ingestion_alarm_topic_arn = "arn:aws:sns:ap-northeast-1:816079797958:trade-rebuild-acceptance-alarms" -> null
  - raw_bucket                = "trade-rebuild-816079797958-20261002" -> null

─────────────────────────────────────────────────────────────────────────────

Saved the plan to: /private/tmp/rebuild-cleanup2.tfplan

To perform exactly these actions, run the following command to apply:
    terraform apply "/private/tmp/rebuild-cleanup2.tfplan"
