aws_s3_bucket_ownership_controls.raw: Destroying... [id=trade-rebuild-816079797958-20261002]
aws_s3_bucket_public_access_block.raw: Destroying... [id=trade-rebuild-816079797958-20261002]
aws_sns_topic_policy.ingestion_alarms: Destroying... [id=arn:aws:sns:ap-northeast-1:816079797958:trade-rebuild-acceptance-alarms]
aws_s3_bucket_server_side_encryption_configuration.raw: Destroying... [id=trade-rebuild-816079797958-20261002]
aws_s3_bucket_versioning.raw: Destroying... [id=trade-rebuild-816079797958-20261002]
aws_cloudwatch_metric_alarm.ingestion_error["ResponseTruncatedError"]: Destroying... [id=trade-analytics-ingestion-rebuild-ResponseTruncatedError]
aws_cloudwatch_metric_alarm.ingestion_error["StorageConflictError"]: Destroying... [id=trade-analytics-ingestion-rebuild-StorageConflictError]
aws_cloudwatch_metric_alarm.lambda_duration: Destroying... [id=trade-analytics-ingestion-rebuild-LambdaDuration]
aws_cloudwatch_metric_alarm.ingestion_error["ComtradeResponseError"]: Destroying... [id=trade-analytics-ingestion-rebuild-ComtradeResponseError]
aws_cloudwatch_metric_alarm.lambda_errors: Destroying... [id=trade-analytics-ingestion-rebuild-LambdaErrors]
aws_sns_topic_policy.ingestion_alarms: Destruction complete after 0s
aws_sns_topic.ingestion_alarms: Destroying... [id=arn:aws:sns:ap-northeast-1:816079797958:trade-rebuild-acceptance-alarms]
aws_cloudwatch_metric_alarm.ingestion_error["StorageConflictError"]: Destruction complete after 0s
aws_cloudwatch_metric_alarm.lambda_errors: Destruction complete after 0s
aws_cloudwatch_metric_alarm.lambda_duration: Destruction complete after 0s
aws_lambda_function.ingestion: Destroying... [id=trade-rebuild-acceptance]
aws_cloudwatch_metric_alarm.ingestion_error["ResponseTruncatedError"]: Destruction complete after 0s
aws_cloudwatch_metric_alarm.ingestion_error["ComtradeResponseError"]: Destruction complete after 0s
aws_cloudwatch_log_metric_filter.ingestion_error["ResponseTruncatedError"]: Destroying... [id=trade-rebuild-acceptance-ResponseTruncatedError]
aws_cloudwatch_log_metric_filter.ingestion_error["StorageConflictError"]: Destroying... [id=trade-rebuild-acceptance-StorageConflictError]
aws_cloudwatch_log_metric_filter.ingestion_error["ComtradeResponseError"]: Destroying... [id=trade-rebuild-acceptance-ComtradeResponseError]
aws_sns_topic.ingestion_alarms: Destruction complete after 0s
aws_s3_bucket_versioning.raw: Destruction complete after 0s
aws_cloudwatch_log_metric_filter.ingestion_error["ComtradeResponseError"]: Destruction complete after 0s
aws_s3_bucket_server_side_encryption_configuration.raw: Destruction complete after 0s
aws_cloudwatch_log_metric_filter.ingestion_error["StorageConflictError"]: Destruction complete after 0s
aws_cloudwatch_log_metric_filter.ingestion_error["ResponseTruncatedError"]: Destruction complete after 1s
aws_s3_bucket_ownership_controls.raw: Destruction complete after 1s
aws_s3_bucket_public_access_block.raw: Destruction complete after 1s
aws_lambda_function.ingestion: Destruction complete after 6s
aws_iam_role_policy_attachment.logs: Destroying... [id=trade-rebuild-acceptance/arn:aws:iam::aws:policy/service-role/AWSLambdaBasicExecutionRole]
aws_iam_role_policy.s3: Destroying... [id=trade-rebuild-acceptance:TradeAnalyticsS3Access]
aws_cloudwatch_log_group.lambda: Destroying... [id=/aws/lambda/trade-rebuild-acceptance]
aws_ecr_repository.ingestion: Destroying... [id=trade-rebuild-acceptance]
aws_cloudwatch_log_group.lambda: Destruction complete after 0s
aws_ecr_repository.ingestion: Destruction complete after 0s
aws_iam_role_policy.s3: Destruction complete after 2s
aws_s3_bucket.raw: Destroying... [id=trade-rebuild-816079797958-20261002]
aws_iam_role_policy_attachment.logs: Destruction complete after 2s
aws_iam_role.lambda: Destroying... [id=trade-rebuild-acceptance]
aws_iam_role.lambda: Destruction complete after 1s
aws_s3_bucket.raw: Destruction complete after 1s

Apply complete! Resources: 0 added, 0 changed, 21 destroyed.
