#0 building with "desktop-linux" instance using docker driver

#1 [internal] load build definition from Dockerfile.dashboard
#1 transferring dockerfile: 678B done
#1 DONE 0.0s

#2 [internal] load metadata for docker.io/library/python:3.11-slim
#2 ...

#3 [auth] library/python:pull token for registry-1.docker.io
#3 DONE 0.0s

#2 [internal] load metadata for docker.io/library/python:3.11-slim
#2 DONE 1.5s

#4 [internal] load .dockerignore
#4 transferring context: 276B done
#4 DONE 0.0s

#5 [1/6] FROM docker.io/library/python:3.11-slim@sha256:e41613d42d4891e4930f79523f93f81bbc7632584ec65e36ab055f41a800b41e
#5 DONE 0.0s

#6 [internal] load build context
#6 transferring context: 20.54kB done
#6 DONE 0.0s

#7 [2/6] WORKDIR /app
#7 CACHED

#8 [3/6] COPY pyproject.toml ./
#8 CACHED

#9 [4/6] COPY src ./src
#9 DONE 0.0s

#10 [5/6] RUN pip install --no-cache-dir '.[dashboard]' && useradd --uid 10001 --create-home dashboard
#10 1.880 Processing /app
#10 1.884   Installing build dependencies: started
#10 5.949   Installing build dependencies: finished with status 'done'
#10 5.950   Getting requirements to build wheel: started
#10 6.364   Getting requirements to build wheel: finished with status 'done'
#10 6.366   Preparing metadata (pyproject.toml): started
#10 6.774   Preparing metadata (pyproject.toml): finished with status 'done'
#10 8.140 Collecting boto3<2,>=1.35 (from trade-analytics==0.1.0)
#10 8.302   Downloading boto3-1.43.106-py3-none-any.whl.metadata (6.6 kB)
#10 8.421 Collecting httpx<1,>=0.27 (from trade-analytics==0.1.0)
#10 8.473   Downloading httpx-0.28.1-py3-none-any.whl.metadata (7.1 kB)
#10 8.917 Collecting pydantic<3,>=2.8 (from trade-analytics==0.1.0)
#10 8.963   Downloading pydantic-2.13.5-py3-none-any.whl.metadata (110 kB)
#10 9.031      ━━━━━━━━━━━━━━━━━━━━━━━━━━━━━━━━━━━━━━━ 110.2/110.2 kB 1.7 MB/s eta 0:00:00
#10 9.112 Collecting tenacity<10,>=9 (from trade-analytics==0.1.0)
#10 9.162   Downloading tenacity-9.1.4-py3-none-any.whl.metadata (1.2 kB)
#10 9.317 Collecting google-cloud-bigquery==3.45.2 (from trade-analytics==0.1.0)
#10 9.371   Downloading google_cloud_bigquery-3.45.2-py3-none-any.whl.metadata (8.4 kB)
#10 9.526 Collecting streamlit==1.64.0 (from trade-analytics==0.1.0)
#10 9.580   Downloading streamlit-1.64.0-py3-none-any.whl.metadata (10 kB)
#10 10.01 Collecting pandas<3,>=2.2 (from trade-analytics==0.1.0)
#10 10.05   Downloading pandas-2.3.3-cp311-cp311-manylinux_2_24_x86_64.manylinux_2_28_x86_64.whl.metadata (91 kB)
#10 10.07      ━━━━━━━━━━━━━━━━━━━━━━━━━━━━━━━━━━━━━━━━ 91.2/91.2 kB 7.5 MB/s eta 0:00:00
#10 10.24 Collecting plotly<7,>=6.0 (from trade-analytics==0.1.0)
#10 10.29   Downloading plotly-6.9.0-py3-none-any.whl.metadata (9.0 kB)
#10 10.46 Collecting google-api-core<3.0.0,>=2.28.0 (from google-api-core[grpc]<3.0.0,>=2.28.0->google-cloud-bigquery==3.45.2->trade-analytics==0.1.0)
#10 10.51   Downloading google_api_core-2.40.0-py3-none-any.whl.metadata (3.2 kB)
#10 10.69 Collecting google-auth<3.0.0,>=2.14.1 (from google-auth[pyopenssl]<3.0.0,>=2.14.1->google-cloud-bigquery==3.45.2->trade-analytics==0.1.0)
#10 10.73   Downloading google_auth-2.59.1-py3-none-any.whl.metadata (6.0 kB)
#10 10.82 Collecting google-cloud-core<3.0.0,>=2.4.1 (from google-cloud-bigquery==3.45.2->trade-analytics==0.1.0)
#10 10.87   Downloading google_cloud_core-2.8.0-py3-none-any.whl.metadata (2.9 kB)
#10 10.96 Collecting google-resumable-media<3.0.0,>=2.0.0 (from google-cloud-bigquery==3.45.2->trade-analytics==0.1.0)
#10 11.01   Downloading google_resumable_media-2.11.0-py3-none-any.whl.metadata (2.3 kB)
#10 11.01 Requirement already satisfied: packaging>=24.2.0 in /usr/local/lib/python3.11/site-packages (from google-cloud-bigquery==3.45.2->trade-analytics==0.1.0) (26.3)
#10 11.08 Collecting python-dateutil<3.0.0,>=2.8.2 (from google-cloud-bigquery==3.45.2->trade-analytics==0.1.0)
#10 11.14   Downloading python_dateutil-2.9.0.post0-py2.py3-none-any.whl.metadata (8.4 kB)
#10 11.26 Collecting requests<3.0.0,>=2.21.0 (from google-cloud-bigquery==3.45.2->trade-analytics==0.1.0)
#10 11.31   Downloading requests-2.34.2-py3-none-any.whl.metadata (4.8 kB)
#10 11.42 Collecting altair!=5.4.0,!=5.4.1,<7,>=5.0.0 (from streamlit==1.64.0->trade-analytics==0.1.0)
#10 11.47   Downloading altair-6.3.0-py3-none-any.whl.metadata (11 kB)
#10 11.57 Collecting click<9,>=7.0 (from streamlit==1.64.0->trade-analytics==0.1.0)
#10 11.62   Downloading click-8.5.0-py3-none-any.whl.metadata (2.6 kB)
#10 12.31 Collecting numpy<3,>=1.23 (from streamlit==1.64.0->trade-analytics==0.1.0)
#10 12.36   Downloading numpy-2.4.6-cp311-cp311-manylinux_2_27_x86_64.manylinux_2_28_x86_64.whl.metadata (6.6 kB)
#10 12.91 Collecting pillow<13,>=7.1.0 (from streamlit==1.64.0->trade-analytics==0.1.0)
#10 12.97   Downloading pillow-12.3.0-cp311-cp311-manylinux_2_27_x86_64.manylinux_2_28_x86_64.whl.metadata (9.1 kB)
#10 13.04 Collecting pydeck<1,>=0.8.0b4 (from streamlit==1.64.0->trade-analytics==0.1.0)
#10 13.09   Downloading pydeck-0.9.3-py2.py3-none-any.whl.metadata (4.2 kB)
#10 13.53 Collecting protobuf<8,>=5.26.1 (from streamlit==1.64.0->trade-analytics==0.1.0)
#10 13.58   Downloading protobuf-7.36.2-cp310-abi3-manylinux2014_x86_64.whl.metadata (595 bytes)
#10 13.89 Collecting pyarrow!=25.0.0,<26,>=7.0 (from streamlit==1.64.0->trade-analytics==0.1.0)
#10 13.94   Downloading pyarrow-25.0.1-cp311-cp311-manylinux_2_28_x86_64.whl.metadata (3.0 kB)
#10 14.00 Collecting toml<2,>=0.10.1 (from streamlit==1.64.0->trade-analytics==0.1.0)
#10 14.06   Downloading toml-0.10.2-py2.py3-none-any.whl.metadata (7.1 kB)
#10 14.15 Collecting typing-extensions<5,>=4.10.0 (from streamlit==1.64.0->trade-analytics==0.1.0)
#10 14.20   Downloading typing_extensions-4.16.0-py3-none-any.whl.metadata (3.3 kB)
#10 14.33 Collecting starlette<2,>=0.46.0 (from streamlit==1.64.0->trade-analytics==0.1.0)
#10 14.39   Downloading starlette-1.7.0-py3-none-any.whl.metadata (6.6 kB)
#10 14.50 Collecting uvicorn<1,>=0.30.0 (from streamlit==1.64.0->trade-analytics==0.1.0)
#10 14.55   Downloading uvicorn-0.54.0-py3-none-any.whl.metadata (6.6 kB)
#10 14.66 Collecting httptools<1,>=0.6.3 (from streamlit==1.64.0->trade-analytics==0.1.0)
#10 14.71   Downloading httptools-0.8.0-cp311-cp311-manylinux1_x86_64.manylinux_2_28_x86_64.manylinux_2_5_x86_64.whl.metadata (3.5 kB)
#10 14.80 Collecting anyio<5,>=4.0.0 (from streamlit==1.64.0->trade-analytics==0.1.0)
#10 14.86   Downloading anyio-4.15.1-py3-none-any.whl.metadata (4.7 kB)
#10 14.93 Collecting python-multipart<1,>=0.0.10 (from streamlit==1.64.0->trade-analytics==0.1.0)
#10 14.98   Downloading python_multipart-0.0.32-py3-none-any.whl.metadata (2.1 kB)
#10 15.32 Collecting websockets<17,>=12.0.0 (from streamlit==1.64.0->trade-analytics==0.1.0)
#10 15.37   Downloading websockets-16.1.1-cp311-cp311-manylinux1_x86_64.manylinux_2_28_x86_64.manylinux_2_5_x86_64.whl.metadata (6.8 kB)
#10 15.44 Collecting itsdangerous<3,>=2.1.2 (from streamlit==1.64.0->trade-analytics==0.1.0)
#10 15.49   Downloading itsdangerous-2.2.0-py3-none-any.whl.metadata (1.9 kB)
#10 15.65 Collecting watchdog<7,>=2.1.5 (from streamlit==1.64.0->trade-analytics==0.1.0)
#10 15.71   Downloading watchdog-6.0.0-py3-none-manylinux2014_x86_64.whl.metadata (44 kB)
#10 15.72      ━━━━━━━━━━━━━━━━━━━━━━━━━━━━━━━━━━━━━━━━ 44.3/44.3 kB 8.7 MB/s eta 0:00:00
#10 16.75 Collecting botocore<1.44.0,>=1.43.106 (from boto3<2,>=1.35->trade-analytics==0.1.0)
#10 16.80   Downloading botocore-1.43.106-py3-none-any.whl.metadata (5.6 kB)
#10 16.86 Collecting jmespath<2.0.0,>=0.7.1 (from boto3<2,>=1.35->trade-analytics==0.1.0)
#10 16.92   Downloading jmespath-1.1.0-py3-none-any.whl.metadata (7.6 kB)
#10 17.00 Collecting s3transfer<0.20.0,>=0.19.0 (from boto3<2,>=1.35->trade-analytics==0.1.0)
#10 17.05   Downloading s3transfer-0.19.2-py3-none-any.whl.metadata (1.7 kB)
#10 17.14 Collecting certifi (from httpx<1,>=0.27->trade-analytics==0.1.0)
#10 17.19   Downloading certifi-2026.7.22-py3-none-any.whl.metadata (2.5 kB)
#10 17.27 Collecting httpcore==1.* (from httpx<1,>=0.27->trade-analytics==0.1.0)
#10 17.32   Downloading httpcore-1.0.9-py3-none-any.whl.metadata (21 kB)
#10 17.38 Collecting idna (from httpx<1,>=0.27->trade-analytics==0.1.0)
#10 17.44   Downloading idna-3.20-py3-none-any.whl.metadata (7.2 kB)
#10 17.50 Collecting h11>=0.16 (from httpcore==1.*->httpx<1,>=0.27->trade-analytics==0.1.0)
#10 17.55   Downloading h11-0.16.0-py3-none-any.whl.metadata (8.3 kB)
#10 17.73 Collecting pytz>=2020.1 (from pandas<3,>=2.2->trade-analytics==0.1.0)
#10 17.77   Downloading pytz-2026.4-py2.py3-none-any.whl.metadata (22 kB)
#10 17.85 Collecting tzdata>=2022.7 (from pandas<3,>=2.2->trade-analytics==0.1.0)
#10 17.89   Downloading tzdata-2026.4-py2.py3-none-any.whl.metadata (1.4 kB)
#10 18.06 Collecting narwhals>=1.15.1 (from plotly<7,>=6.0->trade-analytics==0.1.0)
#10 18.11   Downloading narwhals-2.26.0-py3-none-any.whl.metadata (15 kB)
#10 18.18 Collecting annotated-types>=0.6.0 (from pydantic<3,>=2.8->trade-analytics==0.1.0)
#10 18.24   Downloading annotated_types-0.8.0-py3-none-any.whl.metadata (15 kB)
#10 20.05 Collecting pydantic-core==2.46.5 (from pydantic<3,>=2.8->trade-analytics==0.1.0)
#10 20.10   Downloading pydantic_core-2.46.5-cp311-cp311-manylinux_2_17_x86_64.manylinux2014_x86_64.whl.metadata (6.6 kB)
#10 20.17 Collecting typing-inspection>=0.4.2 (from pydantic<3,>=2.8->trade-analytics==0.1.0)
#10 20.22   Downloading typing_inspection-0.4.4-py3-none-any.whl.metadata (2.6 kB)
#10 20.32 Collecting jinja2 (from altair!=5.4.0,!=5.4.1,<7,>=5.0.0->streamlit==1.64.0->trade-analytics==0.1.0)
#10 20.39   Downloading jinja2-3.1.6-py3-none-any.whl.metadata (2.9 kB)
#10 20.48 Collecting jsonschema>=3.0 (from altair!=5.4.0,!=5.4.1,<7,>=5.0.0->streamlit==1.64.0->trade-analytics==0.1.0)
#10 20.53   Downloading jsonschema-4.26.0-py3-none-any.whl.metadata (7.6 kB)
#10 20.72 Collecting urllib3!=2.2.0,<3,>=1.25.4 (from botocore<1.44.0,>=1.43.106->boto3<2,>=1.35->trade-analytics==0.1.0)
#10 20.77   Downloading urllib3-2.8.0-py3-none-any.whl.metadata (7.4 kB)
#10 20.86 Collecting googleapis-common-protos<2.0.0,>=1.69.2 (from google-api-core<3.0.0,>=2.28.0->google-api-core[grpc]<3.0.0,>=2.28.0->google-cloud-bigquery==3.45.2->trade-analytics==0.1.0)
#10 20.91   Downloading googleapis_common_protos-1.75.5-py3-none-any.whl.metadata (8.5 kB)
#10 21.02 Collecting proto-plus<2.0.0,>=1.26.1 (from google-api-core<3.0.0,>=2.28.0->google-api-core[grpc]<3.0.0,>=2.28.0->google-cloud-bigquery==3.45.2->trade-analytics==0.1.0)
#10 21.07   Downloading proto_plus-1.29.0-py3-none-any.whl.metadata (2.2 kB)
#10 21.19 Collecting opentelemetry-api<2.0.0,>=1.44.0 (from google-api-core<3.0.0,>=2.28.0->google-api-core[grpc]<3.0.0,>=2.28.0->google-cloud-bigquery==3.45.2->trade-analytics==0.1.0)
#10 21.24   Downloading opentelemetry_api-1.45.0-py3-none-any.whl.metadata (1.4 kB)
#10 22.44 Collecting grpcio<2.0.0,>=1.59.0 (from google-api-core[grpc]<3.0.0,>=2.28.0->google-cloud-bigquery==3.45.2->trade-analytics==0.1.0)
#10 22.50   Downloading grpcio-1.84.0-cp311-cp311-manylinux2014_x86_64.manylinux_2_17_x86_64.whl.metadata (3.8 kB)
#10 22.65 Collecting grpcio-status<2.0.0,>=1.59.0 (from google-api-core[grpc]<3.0.0,>=2.28.0->google-cloud-bigquery==3.45.2->trade-analytics==0.1.0)
#10 22.70   Downloading grpcio_status-1.84.0-py3-none-any.whl.metadata (1.3 kB)
#10 22.83 Collecting pyasn1-modules>=0.2.1 (from google-auth<3.0.0,>=2.14.1->google-auth[pyopenssl]<3.0.0,>=2.14.1->google-cloud-bigquery==3.45.2->trade-analytics==0.1.0)
#10 22.88   Downloading pyasn1_modules-0.4.2-py3-none-any.whl.metadata (3.5 kB)
#10 23.68 Collecting cryptography>=38.0.3 (from google-auth<3.0.0,>=2.14.1->google-auth[pyopenssl]<3.0.0,>=2.14.1->google-cloud-bigquery==3.45.2->trade-analytics==0.1.0)
#10 23.73   Downloading cryptography-50.0.2-cp311-abi3-manylinux_2_34_x86_64.whl.metadata (4.4 kB)
#10 23.95 Collecting google-crc32c<2.0.0,>=1.0.0 (from google-resumable-media<3.0.0,>=2.0.0->google-cloud-bigquery==3.45.2->trade-analytics==0.1.0)
#10 24.00   Downloading google_crc32c-1.9.0-cp311-cp311-manylinux2014_x86_64.manylinux_2_17_x86_64.whl.metadata (2.2 kB)
#10 24.13 Collecting six>=1.5 (from python-dateutil<3.0.0,>=2.8.2->google-cloud-bigquery==3.45.2->trade-analytics==0.1.0)
#10 24.18   Downloading six-1.17.0-py2.py3-none-any.whl.metadata (1.7 kB)
#10 24.60 Collecting charset_normalizer<4,>=2 (from requests<3.0.0,>=2.21.0->google-cloud-bigquery==3.45.2->trade-analytics==0.1.0)
#10 24.65   Downloading charset_normalizer-3.5.2-cp311-cp311-manylinux2014_x86_64.manylinux_2_17_x86_64.manylinux_2_28_x86_64.whl.metadata (46 kB)
#10 24.66      ━━━━━━━━━━━━━━━━━━━━━━━━━━━━━━━━━━━━━━━━ 46.4/46.4 kB 9.1 MB/s eta 0:00:00
#10 25.20 Collecting cffi>=2.0.0 (from cryptography>=38.0.3->google-auth<3.0.0,>=2.14.1->google-auth[pyopenssl]<3.0.0,>=2.14.1->google-cloud-bigquery==3.45.2->trade-analytics==0.1.0)
#10 25.25   Downloading cffi-2.1.1-cp311-cp311-manylinux2014_x86_64.manylinux_2_17_x86_64.whl.metadata (2.5 kB)
#10 25.48 Collecting MarkupSafe>=2.0 (from jinja2->altair!=5.4.0,!=5.4.1,<7,>=5.0.0->streamlit==1.64.0->trade-analytics==0.1.0)
#10 25.53   Downloading markupsafe-3.0.3-cp311-cp311-manylinux2014_x86_64.manylinux_2_17_x86_64.manylinux_2_28_x86_64.whl.metadata (2.7 kB)
#10 25.63 Collecting attrs>=22.2.0 (from jsonschema>=3.0->altair!=5.4.0,!=5.4.1,<7,>=5.0.0->streamlit==1.64.0->trade-analytics==0.1.0)
#10 25.68   Downloading attrs-26.1.0-py3-none-any.whl.metadata (8.8 kB)
#10 25.76 Collecting jsonschema-specifications>=2023.03.6 (from jsonschema>=3.0->altair!=5.4.0,!=5.4.1,<7,>=5.0.0->streamlit==1.64.0->trade-analytics==0.1.0)
#10 25.81   Downloading jsonschema_specifications-2025.9.1-py3-none-any.whl.metadata (2.9 kB)
#10 25.93 Collecting referencing>=0.28.4 (from jsonschema>=3.0->altair!=5.4.0,!=5.4.1,<7,>=5.0.0->streamlit==1.64.0->trade-analytics==0.1.0)
#10 25.98   Downloading referencing-0.37.0-py3-none-any.whl.metadata (2.8 kB)
#10 26.69 Collecting rpds-py>=0.25.0 (from jsonschema>=3.0->altair!=5.4.0,!=5.4.1,<7,>=5.0.0->streamlit==1.64.0->trade-analytics==0.1.0)
#10 26.74   Downloading rpds_py-2026.6.3-cp311-cp311-manylinux_2_17_x86_64.manylinux2014_x86_64.whl.metadata (4.1 kB)
#10 26.86 Collecting pyasn1<0.7.0,>=0.6.1 (from pyasn1-modules>=0.2.1->google-auth<3.0.0,>=2.14.1->google-auth[pyopenssl]<3.0.0,>=2.14.1->google-cloud-bigquery==3.45.2->trade-analytics==0.1.0)
#10 26.92   Downloading pyasn1-0.6.4-py3-none-any.whl.metadata (8.4 kB)
#10 27.02 Collecting pycparser (from cffi>=2.0.0->cryptography>=38.0.3->google-auth<3.0.0,>=2.14.1->google-auth[pyopenssl]<3.0.0,>=2.14.1->google-cloud-bigquery==3.45.2->trade-analytics==0.1.0)
#10 27.07   Downloading pycparser-3.0-py3-none-any.whl.metadata (8.2 kB)
#10 27.26 Downloading google_cloud_bigquery-3.45.2-py3-none-any.whl (267 kB)
#10 27.28    ━━━━━━━━━━━━━━━━━━━━━━━━━━━━━━━━━━━━━━━━ 267.8/267.8 kB 20.5 MB/s eta 0:00:00
#10 27.33 Downloading streamlit-1.64.0-py3-none-any.whl (10.1 MB)
#10 30.41    ━━━━━━━━━━━━━━━━━━━━━━━━━━━━━━━━━━━━━━━━ 10.1/10.1 MB 3.3 MB/s eta 0:00:00
#10 30.47 Downloading boto3-1.43.106-py3-none-any.whl (140 kB)
#10 30.50    ━━━━━━━━━━━━━━━━━━━━━━━━━━━━━━━━━━━━━━━━ 140.0/140.0 kB 4.6 MB/s eta 0:00:00
#10 30.56 Downloading httpx-0.28.1-py3-none-any.whl (73 kB)
#10 30.57    ━━━━━━━━━━━━━━━━━━━━━━━━━━━━━━━━━━━━━━━━ 73.5/73.5 kB 5.3 MB/s eta 0:00:00
#10 30.64 Downloading httpcore-1.0.9-py3-none-any.whl (78 kB)
#10 30.66    ━━━━━━━━━━━━━━━━━━━━━━━━━━━━━━━━━━━━━━━━ 78.8/78.8 kB 4.8 MB/s eta 0:00:00
#10 30.71 Downloading pandas-2.3.3-cp311-cp311-manylinux_2_24_x86_64.manylinux_2_28_x86_64.whl (12.8 MB)
#10 33.96    ━━━━━━━━━━━━━━━━━━━━━━━━━━━━━━━━━━━━━━━━ 12.8/12.8 MB 4.0 MB/s eta 0:00:00
#10 34.01 Downloading plotly-6.9.0-py3-none-any.whl (9.9 MB)
#10 36.09    ━━━━━━━━━━━━━━━━━━━━━━━━━━━━━━━━━━━━━━━━ 9.9/9.9 MB 4.8 MB/s eta 0:00:00
#10 36.14 Downloading pydantic-2.13.5-py3-none-any.whl (472 kB)
#10 36.23    ━━━━━━━━━━━━━━━━━━━━━━━━━━━━━━━━━━━━━━━━ 472.6/472.6 kB 5.7 MB/s eta 0:00:00
#10 36.28 Downloading pydantic_core-2.46.5-cp311-cp311-manylinux_2_17_x86_64.manylinux2014_x86_64.whl (2.1 MB)
#10 36.68    ━━━━━━━━━━━━━━━━━━━━━━━━━━━━━━━━━━━━━━━━ 2.1/2.1 MB 5.3 MB/s eta 0:00:00
#10 36.73 Downloading tenacity-9.1.4-py3-none-any.whl (28 kB)
#10 36.79 Downloading altair-6.3.0-py3-none-any.whl (797 kB)
#10 36.93    ━━━━━━━━━━━━━━━━━━━━━━━━━━━━━━━━━━━━━━━━ 797.2/797.2 kB 5.8 MB/s eta 0:00:00
#10 36.98 Downloading annotated_types-0.8.0-py3-none-any.whl (13 kB)
#10 37.04 Downloading anyio-4.15.1-py3-none-any.whl (132 kB)
#10 37.06    ━━━━━━━━━━━━━━━━━━━━━━━━━━━━━━━━━━━━━━━━ 132.1/132.1 kB 9.0 MB/s eta 0:00:00
#10 37.12 Downloading botocore-1.43.106-py3-none-any.whl (16.0 MB)
#10 39.73    ━━━━━━━━━━━━━━━━━━━━━━━━━━━━━━━━━━━━━━━━ 16.0/16.0 MB 6.8 MB/s eta 0:00:00
#10 39.78 Downloading click-8.5.0-py3-none-any.whl (125 kB)
#10 39.79    ━━━━━━━━━━━━━━━━━━━━━━━━━━━━━━━━━━━━━━━━ 125.3/125.3 kB 17.8 MB/s eta 0:00:00
#10 39.84 Downloading google_api_core-2.40.0-py3-none-any.whl (214 kB)
#10 39.86    ━━━━━━━━━━━━━━━━━━━━━━━━━━━━━━━━━━━━━━━━ 214.2/214.2 kB 11.4 MB/s eta 0:00:00
#10 39.91 Downloading google_auth-2.59.1-py3-none-any.whl (263 kB)
#10 39.94    ━━━━━━━━━━━━━━━━━━━━━━━━━━━━━━━━━━━━━━━━ 263.5/263.5 kB 12.3 MB/s eta 0:00:00
#10 39.99 Downloading google_cloud_core-2.8.0-py3-none-any.whl (31 kB)
#10 40.05 Downloading google_resumable_media-2.11.0-py3-none-any.whl (81 kB)
#10 40.05    ━━━━━━━━━━━━━━━━━━━━━━━━━━━━━━━━━━━━━━━━ 81.5/81.5 kB 30.3 MB/s eta 0:00:00
#10 40.10 Downloading httptools-0.8.0-cp311-cp311-manylinux1_x86_64.manylinux_2_28_x86_64.manylinux_2_5_x86_64.whl (464 kB)
#10 40.18    ━━━━━━━━━━━━━━━━━━━━━━━━━━━━━━━━━━━━━━━━ 464.7/464.7 kB 7.0 MB/s eta 0:00:00
#10 40.23 Downloading idna-3.20-py3-none-any.whl (69 kB)
#10 40.23    ━━━━━━━━━━━━━━━━━━━━━━━━━━━━━━━━━━━━━━━━ 69.6/69.6 kB 9.3 MB/s eta 0:00:00
#10 40.28 Downloading itsdangerous-2.2.0-py3-none-any.whl (16 kB)
#10 40.33 Downloading jmespath-1.1.0-py3-none-any.whl (20 kB)
#10 40.38 Downloading narwhals-2.26.0-py3-none-any.whl (474 kB)
#10 40.44    ━━━━━━━━━━━━━━━━━━━━━━━━━━━━━━━━━━━━━━━━ 474.0/474.0 kB 8.7 MB/s eta 0:00:00
#10 40.49 Downloading numpy-2.4.6-cp311-cp311-manylinux_2_27_x86_64.manylinux_2_28_x86_64.whl (16.9 MB)
#10 42.26    ━━━━━━━━━━━━━━━━━━━━━━━━━━━━━━━━━━━━━━━━ 16.9/16.9 MB 10.4 MB/s eta 0:00:00
#10 42.31 Downloading pillow-12.3.0-cp311-cp311-manylinux_2_27_x86_64.manylinux_2_28_x86_64.whl (6.9 MB)
#10 43.04    ━━━━━━━━━━━━━━━━━━━━━━━━━━━━━━━━━━━━━━━━ 6.9/6.9 MB 9.7 MB/s eta 0:00:00
#10 43.09 Downloading protobuf-7.36.2-cp310-abi3-manylinux2014_x86_64.whl (343 kB)
#10 43.11    ━━━━━━━━━━━━━━━━━━━━━━━━━━━━━━━━━━━━━━━━ 343.2/343.2 kB 17.0 MB/s eta 0:00:00
#10 43.18 Downloading pyarrow-25.0.1-cp311-cp311-manylinux_2_28_x86_64.whl (50.1 MB)
#10 47.64    ━━━━━━━━━━━━━━━━━━━━━━━━━━━━━━━━━━━━━━━━ 50.1/50.1 MB 12.1 MB/s eta 0:00:00
#10 47.70 Downloading pydeck-0.9.3-py2.py3-none-any.whl (11.4 MB)
#10 48.62    ━━━━━━━━━━━━━━━━━━━━━━━━━━━━━━━━━━━━━━━━ 11.4/11.4 MB 12.4 MB/s eta 0:00:00
#10 48.68 Downloading python_dateutil-2.9.0.post0-py2.py3-none-any.whl (229 kB)
#10 48.69    ━━━━━━━━━━━━━━━━━━━━━━━━━━━━━━━━━━━━━━━━ 229.9/229.9 kB 17.5 MB/s eta 0:00:00
#10 48.75 Downloading python_multipart-0.0.32-py3-none-any.whl (30 kB)
#10 48.79 Downloading pytz-2026.4-py2.py3-none-any.whl (506 kB)
#10 48.83    ━━━━━━━━━━━━━━━━━━━━━━━━━━━━━━━━━━━━━━━━ 506.7/506.7 kB 17.8 MB/s eta 0:00:00
#10 48.89 Downloading requests-2.34.2-py3-none-any.whl (73 kB)
#10 48.90    ━━━━━━━━━━━━━━━━━━━━━━━━━━━━━━━━━━━━━━━━ 73.1/73.1 kB 18.8 MB/s eta 0:00:00
#10 48.95 Downloading certifi-2026.7.22-py3-none-any.whl (136 kB)
#10 48.96    ━━━━━━━━━━━━━━━━━━━━━━━━━━━━━━━━━━━━━━━━ 137.0/137.0 kB 24.8 MB/s eta 0:00:00
#10 49.01 Downloading s3transfer-0.19.2-py3-none-any.whl (90 kB)
#10 49.02    ━━━━━━━━━━━━━━━━━━━━━━━━━━━━━━━━━━━━━━━━ 90.2/90.2 kB 361.7 MB/s eta 0:00:00
#10 49.08 Downloading starlette-1.7.0-py3-none-any.whl (78 kB)
#10 49.08    ━━━━━━━━━━━━━━━━━━━━━━━━━━━━━━━━━━━━━━━━ 79.0/79.0 kB 18.7 MB/s eta 0:00:00
#10 49.14 Downloading toml-0.10.2-py2.py3-none-any.whl (16 kB)
#10 49.20 Downloading typing_extensions-4.16.0-py3-none-any.whl (45 kB)
#10 49.20    ━━━━━━━━━━━━━━━━━━━━━━━━━━━━━━━━━━━━━━━━ 45.6/45.6 kB 94.4 MB/s eta 0:00:00
#10 49.26 Downloading typing_inspection-0.4.4-py3-none-any.whl (14 kB)
#10 49.32 Downloading tzdata-2026.4-py2.py3-none-any.whl (347 kB)
#10 49.34    ━━━━━━━━━━━━━━━━━━━━━━━━━━━━━━━━━━━━━━━━ 347.5/347.5 kB 28.6 MB/s eta 0:00:00
#10 49.40 Downloading uvicorn-0.54.0-py3-none-any.whl (87 kB)
#10 49.41    ━━━━━━━━━━━━━━━━━━━━━━━━━━━━━━━━━━━━━━━━ 87.4/87.4 kB 71.6 MB/s eta 0:00:00
#10 49.46 Downloading watchdog-6.0.0-py3-none-manylinux2014_x86_64.whl (79 kB)
#10 49.47    ━━━━━━━━━━━━━━━━━━━━━━━━━━━━━━━━━━━━━━━━ 79.1/79.1 kB 164.1 MB/s eta 0:00:00
#10 49.52 Downloading websockets-16.1.1-cp311-cp311-manylinux1_x86_64.manylinux_2_28_x86_64.manylinux_2_5_x86_64.whl (186 kB)
#10 49.53    ━━━━━━━━━━━━━━━━━━━━━━━━━━━━━━━━━━━━━━━━ 186.9/186.9 kB 37.7 MB/s eta 0:00:00
#10 49.58 Downloading charset_normalizer-3.5.2-cp311-cp311-manylinux2014_x86_64.manylinux_2_17_x86_64.manylinux_2_28_x86_64.whl (269 kB)
#10 49.60    ━━━━━━━━━━━━━━━━━━━━━━━━━━━━━━━━━━━━━━━━ 270.0/270.0 kB 18.8 MB/s eta 0:00:00
#10 49.65 Downloading cryptography-50.0.2-cp311-abi3-manylinux_2_34_x86_64.whl (4.8 MB)
#10 50.02    ━━━━━━━━━━━━━━━━━━━━━━━━━━━━━━━━━━━━━━━━ 4.8/4.8 MB 13.1 MB/s eta 0:00:00
#10 50.08 Downloading google_crc32c-1.9.0-cp311-cp311-manylinux2014_x86_64.manylinux_2_17_x86_64.whl (36 kB)
#10 50.13 Downloading googleapis_common_protos-1.75.5-py3-none-any.whl (307 kB)
#10 50.15    ━━━━━━━━━━━━━━━━━━━━━━━━━━━━━━━━━━━━━━━━ 307.7/307.7 kB 20.2 MB/s eta 0:00:00
#10 50.20 Downloading grpcio-1.84.0-cp311-cp311-manylinux2014_x86_64.manylinux_2_17_x86_64.whl (7.2 MB)
#10 50.77    ━━━━━━━━━━━━━━━━━━━━━━━━━━━━━━━━━━━━━━━━ 7.2/7.2 MB 12.8 MB/s eta 0:00:00
#10 50.82 Downloading grpcio_status-1.84.0-py3-none-any.whl (14 kB)
#10 50.88 Downloading h11-0.16.0-py3-none-any.whl (37 kB)
#10 50.93 Downloading jinja2-3.1.6-py3-none-any.whl (134 kB)
#10 50.94    ━━━━━━━━━━━━━━━━━━━━━━━━━━━━━━━━━━━━━━━ 134.9/134.9 kB 133.5 MB/s eta 0:00:00
#10 51.00 Downloading jsonschema-4.26.0-py3-none-any.whl (90 kB)
#10 51.01    ━━━━━━━━━━━━━━━━━━━━━━━━━━━━━━━━━━━━━━━━ 90.6/90.6 kB 124.1 MB/s eta 0:00:00
#10 51.07 Downloading opentelemetry_api-1.45.0-py3-none-any.whl (60 kB)
#10 51.07    ━━━━━━━━━━━━━━━━━━━━━━━━━━━━━━━━━━━━━━━━ 60.0/60.0 kB 155.1 MB/s eta 0:00:00
#10 51.12 Downloading proto_plus-1.29.0-py3-none-any.whl (50 kB)
#10 51.13    ━━━━━━━━━━━━━━━━━━━━━━━━━━━━━━━━━━━━━━━━ 50.8/50.8 kB 265.9 MB/s eta 0:00:00
#10 51.18 Downloading pyasn1_modules-0.4.2-py3-none-any.whl (181 kB)
#10 51.19    ━━━━━━━━━━━━━━━━━━━━━━━━━━━━━━━━━━━━━━━━ 181.3/181.3 kB 29.4 MB/s eta 0:00:00
#10 51.25 Downloading six-1.17.0-py2.py3-none-any.whl (11 kB)
#10 51.31 Downloading urllib3-2.8.0-py3-none-any.whl (135 kB)
#10 51.31    ━━━━━━━━━━━━━━━━━━━━━━━━━━━━━━━━━━━━━━━ 135.7/135.7 kB 144.5 MB/s eta 0:00:00
#10 51.36 Downloading attrs-26.1.0-py3-none-any.whl (67 kB)
#10 51.37    ━━━━━━━━━━━━━━━━━━━━━━━━━━━━━━━━━━━━━━━━ 67.5/67.5 kB 58.1 MB/s eta 0:00:00
#10 51.42 Downloading cffi-2.1.1-cp311-cp311-manylinux2014_x86_64.manylinux_2_17_x86_64.whl (217 kB)
#10 51.44    ━━━━━━━━━━━━━━━━━━━━━━━━━━━━━━━━━━━━━━━━ 217.8/217.8 kB 20.8 MB/s eta 0:00:00
#10 51.49 Downloading jsonschema_specifications-2025.9.1-py3-none-any.whl (18 kB)
#10 51.55 Downloading markupsafe-3.0.3-cp311-cp311-manylinux2014_x86_64.manylinux_2_17_x86_64.manylinux_2_28_x86_64.whl (22 kB)
#10 51.61 Downloading pyasn1-0.6.4-py3-none-any.whl (84 kB)
#10 51.62    ━━━━━━━━━━━━━━━━━━━━━━━━━━━━━━━━━━━━━━━━ 84.4/84.4 kB 156.0 MB/s eta 0:00:00
#10 51.67 Downloading referencing-0.37.0-py3-none-any.whl (26 kB)
#10 51.73 Downloading rpds_py-2026.6.3-cp311-cp311-manylinux_2_17_x86_64.manylinux2014_x86_64.whl (371 kB)
#10 51.76    ━━━━━━━━━━━━━━━━━━━━━━━━━━━━━━━━━━━━━━━━ 371.3/371.3 kB 21.2 MB/s eta 0:00:00
#10 51.81 Downloading pycparser-3.0-py3-none-any.whl (48 kB)
#10 51.82    ━━━━━━━━━━━━━━━━━━━━━━━━━━━━━━━━━━━━━━━━ 48.2/48.2 kB 25.2 MB/s eta 0:00:00
#10 52.20 Building wheels for collected packages: trade-analytics
#10 52.21   Building wheel for trade-analytics (pyproject.toml): started
#10 52.66   Building wheel for trade-analytics (pyproject.toml): finished with status 'done'
#10 52.66   Created wheel for trade-analytics: filename=trade_analytics-0.1.0-py3-none-any.whl size=32008 sha256=8f8e91f734d4aea1fc95470393a2e5edc74b40353ab3e623473c0e745858933c
#10 52.66   Stored in directory: /tmp/pip-ephem-wheel-cache-bjspc5zu/wheels/57/0f/98/bb57b2b57b95807699b822a35c022f139d38a02c27922f27ce
#10 52.66 Successfully built trade-analytics
#10 52.93 Installing collected packages: pytz, websockets, watchdog, urllib3, tzdata, typing-extensions, toml, tenacity, six, rpds-py, python-multipart, pycparser, pyasn1, pyarrow, protobuf, pillow, numpy, narwhals, MarkupSafe, jmespath, itsdangerous, idna, httptools, h11, google-crc32c, click, charset_normalizer, certifi, attrs, annotated-types, uvicorn, typing-inspection, requests, referencing, python-dateutil, pydantic-core, pyasn1-modules, proto-plus, plotly, opentelemetry-api, jinja2, httpcore, grpcio, googleapis-common-protos, google-resumable-media, cffi, anyio, starlette, pydeck, pydantic, pandas, jsonschema-specifications, httpx, grpcio-status, cryptography, botocore, s3transfer, jsonschema, google-auth, google-api-core, boto3, altair, trade-analytics, streamlit, google-cloud-core, google-cloud-bigquery
#10 61.80 Successfully installed MarkupSafe-3.0.3 altair-6.3.0 annotated-types-0.8.0 anyio-4.15.1 attrs-26.1.0 boto3-1.43.106 botocore-1.43.106 certifi-2026.7.22 cffi-2.1.1 charset_normalizer-3.5.2 click-8.5.0 cryptography-50.0.2 google-api-core-2.40.0 google-auth-2.59.1 google-cloud-bigquery-3.45.2 google-cloud-core-2.8.0 google-crc32c-1.9.0 google-resumable-media-2.11.0 googleapis-common-protos-1.75.5 grpcio-1.84.0 grpcio-status-1.84.0 h11-0.16.0 httpcore-1.0.9 httptools-0.8.0 httpx-0.28.1 idna-3.20 itsdangerous-2.2.0 jinja2-3.1.6 jmespath-1.1.0 jsonschema-4.26.0 jsonschema-specifications-2025.9.1 narwhals-2.26.0 numpy-2.4.6 opentelemetry-api-1.45.0 pandas-2.3.3 pillow-12.3.0 plotly-6.9.0 proto-plus-1.29.0 protobuf-7.36.2 pyarrow-25.0.1 pyasn1-0.6.4 pyasn1-modules-0.4.2 pycparser-3.0 pydantic-2.13.5 pydantic-core-2.46.5 pydeck-0.9.3 python-dateutil-2.9.0.post0 python-multipart-0.0.32 pytz-2026.4 referencing-0.37.0 requests-2.34.2 rpds-py-2026.6.3 s3transfer-0.19.2 six-1.17.0 starlette-1.7.0 streamlit-1.64.0 tenacity-9.1.4 toml-0.10.2 trade-analytics-0.1.0 typing-extensions-4.16.0 typing-inspection-0.4.4 tzdata-2026.4 urllib3-2.8.0 uvicorn-0.54.0 watchdog-6.0.0 websockets-16.1.1
#10 61.80 WARNING: Running pip as the 'root' user can result in broken permissions and conflicting behaviour with the system package manager. It is recommended to use a virtual environment instead: https://pip.pypa.io/warnings/venv
#10 62.06
#10 62.06 [notice] A new release of pip is available: 24.0 -> 26.2.1
#10 62.06 [notice] To update, run: pip install --upgrade pip
#10 DONE 63.4s

#11 [6/6] COPY dashboard.py ./
#11 DONE 0.0s

#12 exporting to image
#12 exporting layers
#12 exporting layers 1.1s done
#12 writing image sha256:018a9694498c467ae8fc0695745c99e5896cff8b50b59e0fbb1c1e47fe571f50
#12 writing image sha256:018a9694498c467ae8fc0695745c99e5896cff8b50b59e0fbb1c1e47fe571f50 done
#12 naming to docker.io/library/trade-rebuild:dashboard done
#12 DONE 1.1s

View build details: docker-desktop://dashboard/build/desktop-linux/desktop-linux/iw0nurfyyn3g2edxuwywlt4bf
