aws_cloudwatch_log_group.lambda: Refreshing state... [id=/aws/lambda/trade-rebuild-acceptance]
aws_sns_topic.ingestion_alarms: Refreshing state... [id=arn:aws:sns:ap-northeast-1:816079797958:trade-rebuild-acceptance-alarms]
aws_ecr_repository.ingestion: Refreshing state... [id=trade-rebuild-acceptance]
aws_iam_role.lambda: Refreshing state... [id=trade-rebuild-acceptance]
aws_s3_bucket.raw: Refreshing state... [id=trade-rebuild-816079797958-20261002]
aws_cloudwatch_log_metric_filter.ingestion_error["ResponseTruncatedError"]: Refreshing state... [id=trade-rebuild-acceptance-ResponseTruncatedError]
aws_cloudwatch_log_metric_filter.ingestion_error["StorageConflictError"]: Refreshing state... [id=trade-rebuild-acceptance-StorageConflictError]
aws_cloudwatch_log_metric_filter.ingestion_error["ComtradeResponseError"]: Refreshing state... [id=trade-rebuild-acceptance-ComtradeResponseError]
aws_cloudwatch_metric_alarm.ingestion_error["ComtradeResponseError"]: Refreshing state... [id=trade-analytics-ingestion-rebuild-ComtradeResponseError]
aws_cloudwatch_metric_alarm.ingestion_error["StorageConflictError"]: Refreshing state... [id=trade-analytics-ingestion-rebuild-StorageConflictError]
aws_cloudwatch_metric_alarm.ingestion_error["ResponseTruncatedError"]: Refreshing state... [id=trade-analytics-ingestion-rebuild-ResponseTruncatedError]
aws_s3_bucket_public_access_block.raw: Refreshing state... [id=trade-rebuild-816079797958-20261002]
aws_s3_bucket_versioning.raw: Refreshing state... [id=trade-rebuild-816079797958-20261002]
aws_s3_bucket_ownership_controls.raw: Refreshing state... [id=trade-rebuild-816079797958-20261002]
aws_s3_bucket_server_side_encryption_configuration.raw: Refreshing state... [id=trade-rebuild-816079797958-20261002]
aws_sns_topic_policy.ingestion_alarms: Refreshing state... [id=arn:aws:sns:ap-northeast-1:816079797958:trade-rebuild-acceptance-alarms]
aws_iam_role_policy_attachment.logs: Refreshing state... [id=trade-rebuild-acceptance/arn:aws:iam::aws:policy/service-role/AWSLambdaBasicExecutionRole]
aws_iam_role_policy.s3: Refreshing state... [id=trade-rebuild-acceptance:TradeAnalyticsS3Access]
aws_lambda_function.ingestion: Refreshing state... [id=trade-rebuild-acceptance]

Terraform used the selected providers to generate the following execution
plan. Resource actions are indicated with the following symbols:
  + create

Terraform will perform the following actions:

  # aws_cloudwatch_metric_alarm.lambda_duration will be created
  + resource "aws_cloudwatch_metric_alarm" "lambda_duration" {
      + actions_enabled                       = true
      + alarm_actions                         = [
          + "arn:aws:sns:ap-northeast-1:816079797958:trade-analytics-ingestion-alarms",
        ]
      + alarm_name                            = "trade-analytics-ingestion-rebuild-LambdaDuration"
      + arn                                   = (known after apply)
      + comparison_operator                   = "GreaterThanThreshold"
      + datapoints_to_alarm                   = 1
      + dimensions                            = {
          + "FunctionName" = "trade-rebuild-acceptance"
        }
      + evaluate_low_sample_count_percentiles = (known after apply)
      + evaluation_periods                    = 1
      + id                                    = (known after apply)
      + metric_name                           = "Duration"
      + namespace                             = "AWS/Lambda"
      + period                                = 60
      + region                                = "ap-northeast-1"
      + statistic                             = "Maximum"
      + tags_all                              = (known after apply)
      + threshold                             = 150000
      + treat_missing_data                    = "notBreaching"
    }

  # aws_cloudwatch_metric_alarm.lambda_errors will be created
  + resource "aws_cloudwatch_metric_alarm" "lambda_errors" {
      + actions_enabled                       = true
      + alarm_actions                         = [
          + "arn:aws:sns:ap-northeast-1:816079797958:trade-analytics-ingestion-alarms",
        ]
      + alarm_name                            = "trade-analytics-ingestion-rebuild-LambdaErrors"
      + arn                                   = (known after apply)
      + comparison_operator                   = "GreaterThanOrEqualToThreshold"
      + datapoints_to_alarm                   = 1
      + dimensions                            = {
          + "FunctionName" = "trade-rebuild-acceptance"
        }
      + evaluate_low_sample_count_percentiles = (known after apply)
      + evaluation_periods                    = 1
      + id                                    = (known after apply)
      + metric_name                           = "Errors"
      + namespace                             = "AWS/Lambda"
      + period                                = 60
      + region                                = "ap-northeast-1"
      + statistic                             = "Sum"
      + tags_all                              = (known after apply)
      + threshold                             = 1
      + treat_missing_data                    = "notBreaching"
    }

Plan: 2 to add, 0 to change, 0 to destroy.

─────────────────────────────────────────────────────────────────────────────

Saved the plan to: /private/tmp/rebuild-repair2.tfplan

To perform exactly these actions, run the following command to apply:
    terraform apply "/private/tmp/rebuild-repair2.tfplan"
