aws_cloudwatch_log_group.lambda: Creating...
aws_iam_role.lambda: Creating...
aws_sns_topic.ingestion_alarms: Creating...
aws_s3_bucket.raw: Creating...
aws_cloudwatch_log_group.lambda: Creation complete after 1s [id=/aws/lambda/trade-rebuild-acceptance]
aws_cloudwatch_log_metric_filter.ingestion_error["ResponseTruncatedError"]: Creating...
aws_cloudwatch_log_metric_filter.ingestion_error["StorageConflictError"]: Creating...
aws_cloudwatch_log_metric_filter.ingestion_error["ComtradeResponseError"]: Creating...
aws_cloudwatch_log_metric_filter.ingestion_error["ComtradeResponseError"]: Creation complete after 0s [id=trade-rebuild-acceptance-ComtradeResponseError]
aws_sns_topic.ingestion_alarms: Creation complete after 1s [id=arn:aws:sns:ap-northeast-1:816079797958:trade-rebuild-acceptance-alarms]
aws_sns_topic_policy.ingestion_alarms: Creating...
aws_cloudwatch_log_metric_filter.ingestion_error["ResponseTruncatedError"]: Creation complete after 0s [id=trade-rebuild-acceptance-ResponseTruncatedError]
aws_sns_topic_policy.ingestion_alarms: Creation complete after 0s [id=arn:aws:sns:ap-northeast-1:816079797958:trade-rebuild-acceptance-alarms]
aws_cloudwatch_log_metric_filter.ingestion_error["StorageConflictError"]: Creation complete after 0s [id=trade-rebuild-acceptance-StorageConflictError]
aws_cloudwatch_metric_alarm.ingestion_error["StorageConflictError"]: Creating...
aws_cloudwatch_metric_alarm.ingestion_error["ResponseTruncatedError"]: Creating...
aws_cloudwatch_metric_alarm.ingestion_error["ComtradeResponseError"]: Creating...
aws_cloudwatch_metric_alarm.ingestion_error["StorageConflictError"]: Creation complete after 1s [id=trade-analytics-ingestion-rebuild-StorageConflictError]
aws_cloudwatch_metric_alarm.ingestion_error["ComtradeResponseError"]: Creation complete after 1s [id=trade-analytics-ingestion-rebuild-ComtradeResponseError]
aws_cloudwatch_metric_alarm.ingestion_error["ResponseTruncatedError"]: Creation complete after 1s [id=trade-analytics-ingestion-rebuild-ResponseTruncatedError]
aws_iam_role.lambda: Creation complete after 2s [id=trade-rebuild-acceptance]
aws_iam_role_policy_attachment.logs: Creating...
aws_s3_bucket.raw: Creation complete after 2s [id=trade-rebuild-816079797958-20261002]
aws_s3_bucket_public_access_block.raw: Creating...
aws_s3_bucket_ownership_controls.raw: Creating...
aws_iam_role_policy.s3: Creating...
aws_s3_bucket_versioning.raw: Creating...
aws_s3_bucket_server_side_encryption_configuration.raw: Creating...
aws_s3_bucket_ownership_controls.raw: Creation complete after 1s [id=trade-rebuild-816079797958-20261002]
aws_s3_bucket_public_access_block.raw: Creation complete after 1s [id=trade-rebuild-816079797958-20261002]
aws_iam_role_policy_attachment.logs: Creation complete after 1s [id=trade-rebuild-acceptance/arn:aws:iam::aws:policy/service-role/AWSLambdaBasicExecutionRole]
aws_s3_bucket_server_side_encryption_configuration.raw: Creation complete after 1s [id=trade-rebuild-816079797958-20261002]
aws_iam_role_policy.s3: Creation complete after 1s [id=trade-rebuild-acceptance:TradeAnalyticsS3Access]
aws_lambda_function.ingestion: Creating...
aws_s3_bucket_versioning.raw: Creation complete after 2s [id=trade-rebuild-816079797958-20261002]
aws_lambda_function.ingestion: Still creating... [00m10s elapsed]
aws_lambda_function.ingestion: Still creating... [00m20s elapsed]
