aws_ecr_repository.ingestion: Refreshing state... [id=trade-rebuild-acceptance]

Terraform used the selected providers to generate the following execution
plan. Resource actions are indicated with the following symbols:
  + create

Terraform will perform the following actions:

  # aws_cloudwatch_log_group.lambda will be created
  + resource "aws_cloudwatch_log_group" "lambda" {
      + arn                         = (known after apply)
      + deletion_protection_enabled = (known after apply)
      + id                          = (known after apply)
      + log_group_class             = (known after apply)
      + name                        = "/aws/lambda/trade-rebuild-acceptance"
      + name_prefix                 = (known after apply)
      + region                      = "ap-northeast-1"
      + retention_in_days           = 1
      + skip_destroy                = false
      + tags_all                    = (known after apply)
    }

  # aws_cloudwatch_log_metric_filter.ingestion_error["ComtradeResponseError"] will be created
  + resource "aws_cloudwatch_log_metric_filter" "ingestion_error" {
      + apply_on_transformed_logs = (known after apply)
      + id                        = (known after apply)
      + log_group_name            = "/aws/lambda/trade-rebuild-acceptance"
      + name                      = "trade-rebuild-acceptance-ComtradeResponseError"
      + pattern                   = "{ $.event = \"ingestion_failed\" && $.error_category = \"ComtradeResponseError\" }"
      + region                    = "ap-northeast-1"

      + metric_transformation {
          + default_value = "0"
          + name          = "ComtradeResponseError"
          + namespace     = "TradeAnalytics/trade-rebuild-acceptance"
          + unit          = "Count"
          + value         = "1"
        }
    }

  # aws_cloudwatch_log_metric_filter.ingestion_error["ResponseTruncatedError"] will be created
  + resource "aws_cloudwatch_log_metric_filter" "ingestion_error" {
      + apply_on_transformed_logs = (known after apply)
      + id                        = (known after apply)
      + log_group_name            = "/aws/lambda/trade-rebuild-acceptance"
      + name                      = "trade-rebuild-acceptance-ResponseTruncatedError"
      + pattern                   = "{ $.event = \"ingestion_failed\" && $.error_category = \"ResponseTruncatedError\" }"
      + region                    = "ap-northeast-1"

      + metric_transformation {
          + default_value = "0"
          + name          = "ResponseTruncatedError"
          + namespace     = "TradeAnalytics/trade-rebuild-acceptance"
          + unit          = "Count"
          + value         = "1"
        }
    }

  # aws_cloudwatch_log_metric_filter.ingestion_error["StorageConflictError"] will be created
  + resource "aws_cloudwatch_log_metric_filter" "ingestion_error" {
      + apply_on_transformed_logs = (known after apply)
      + id                        = (known after apply)
      + log_group_name            = "/aws/lambda/trade-rebuild-acceptance"
      + name                      = "trade-rebuild-acceptance-StorageConflictError"
      + pattern                   = "{ $.event = \"ingestion_failed\" && $.error_category = \"StorageConflictError\" }"
      + region                    = "ap-northeast-1"

      + metric_transformation {
          + default_value = "0"
          + name          = "StorageConflictError"
          + namespace     = "TradeAnalytics/trade-rebuild-acceptance"
          + unit          = "Count"
          + value         = "1"
        }
    }

  # aws_cloudwatch_metric_alarm.ingestion_error["ComtradeResponseError"] will be created
  + resource "aws_cloudwatch_metric_alarm" "ingestion_error" {
      + actions_enabled                       = true
      + alarm_actions                         = [
          + "arn:aws:sns:ap-northeast-1:816079797958:trade-analytics-ingestion-alarms",
        ]
      + alarm_name                            = "trade-analytics-ingestion-rebuild-ComtradeResponseError"
      + arn                                   = (known after apply)
      + comparison_operator                   = "GreaterThanOrEqualToThreshold"
      + datapoints_to_alarm                   = 1
      + evaluate_low_sample_count_percentiles = (known after apply)
      + evaluation_periods                    = 1
      + id                                    = (known after apply)
      + metric_name                           = "ComtradeResponseError"
      + namespace                             = "TradeAnalytics/trade-rebuild-acceptance"
      + period                                = 60
      + region                                = "ap-northeast-1"
      + statistic                             = "Sum"
      + tags_all                              = (known after apply)
      + threshold                             = 1
      + treat_missing_data                    = "notBreaching"
    }

  # aws_cloudwatch_metric_alarm.ingestion_error["ResponseTruncatedError"] will be created
  + resource "aws_cloudwatch_metric_alarm" "ingestion_error" {
      + actions_enabled                       = true
      + alarm_actions                         = [
          + "arn:aws:sns:ap-northeast-1:816079797958:trade-analytics-ingestion-alarms",
        ]
      + alarm_name                            = "trade-analytics-ingestion-rebuild-ResponseTruncatedError"
      + arn                                   = (known after apply)
      + comparison_operator                   = "GreaterThanOrEqualToThreshold"
      + datapoints_to_alarm                   = 1
      + evaluate_low_sample_count_percentiles = (known after apply)
      + evaluation_periods                    = 1
      + id                                    = (known after apply)
      + metric_name                           = "ResponseTruncatedError"
      + namespace                             = "TradeAnalytics/trade-rebuild-acceptance"
      + period                                = 60
      + region                                = "ap-northeast-1"
      + statistic                             = "Sum"
      + tags_all                              = (known after apply)
      + threshold                             = 1
      + treat_missing_data                    = "notBreaching"
    }

  # aws_cloudwatch_metric_alarm.ingestion_error["StorageConflictError"] will be created
  + resource "aws_cloudwatch_metric_alarm" "ingestion_error" {
      + actions_enabled                       = true
      + alarm_actions                         = [
          + "arn:aws:sns:ap-northeast-1:816079797958:trade-analytics-ingestion-alarms",
        ]
      + alarm_name                            = "trade-analytics-ingestion-rebuild-StorageConflictError"
      + arn                                   = (known after apply)
      + comparison_operator                   = "GreaterThanOrEqualToThreshold"
      + datapoints_to_alarm                   = 1
      + evaluate_low_sample_count_percentiles = (known after apply)
      + evaluation_periods                    = 1
      + id                                    = (known after apply)
      + metric_name                           = "StorageConflictError"
      + namespace                             = "TradeAnalytics/trade-rebuild-acceptance"
      + period                                = 60
      + region                                = "ap-northeast-1"
      + statistic                             = "Sum"
      + tags_all                              = (known after apply)
      + threshold                             = 1
      + treat_missing_data                    = "notBreaching"
    }

  # aws_cloudwatch_metric_alarm.lambda_duration will be created
  + resource "aws_cloudwatch_metric_alarm" "lambda_duration" {
      + actions_enabled                       = true
      + alarm_actions                         = [
          + "arn:aws:sns:ap-northeast-1:816079797958:trade-analytics-ingestion-alarms",
        ]
      + alarm_name                            = "trade-analytics-ingestion-rebuild-LambdaDuration"
      + arn                                   = (known after apply)
      + comparison_operator                   = "GreaterThanThreshold"
      + datapoints_to_alarm                   = 1
      + dimensions                            = {
          + "FunctionName" = "trade-rebuild-acceptance"
        }
      + evaluate_low_sample_count_percentiles = (known after apply)
      + evaluation_periods                    = 1
      + id                                    = (known after apply)
      + metric_name                           = "Duration"
      + namespace                             = "AWS/Lambda"
      + period                                = 60
      + region                                = "ap-northeast-1"
      + statistic                             = "Maximum"
      + tags_all                              = (known after apply)
      + threshold                             = 150000
      + treat_missing_data                    = "notBreaching"
    }

  # aws_cloudwatch_metric_alarm.lambda_errors will be created
  + resource "aws_cloudwatch_metric_alarm" "lambda_errors" {
      + actions_enabled                       = true
      + alarm_actions                         = [
          + "arn:aws:sns:ap-northeast-1:816079797958:trade-analytics-ingestion-alarms",
        ]
      + alarm_name                            = "trade-analytics-ingestion-rebuild-LambdaErrors"
      + arn                                   = (known after apply)
      + comparison_operator                   = "GreaterThanOrEqualToThreshold"
      + datapoints_to_alarm                   = 1
      + dimensions                            = {
          + "FunctionName" = "trade-rebuild-acceptance"
        }
      + evaluate_low_sample_count_percentiles = (known after apply)
      + evaluation_periods                    = 1
      + id                                    = (known after apply)
      + metric_name                           = "Errors"
      + namespace                             = "AWS/Lambda"
      + period                                = 60
      + region                                = "ap-northeast-1"
      + statistic                             = "Sum"
      + tags_all                              = (known after apply)
      + threshold                             = 1
      + treat_missing_data                    = "notBreaching"
    }

  # aws_iam_role.lambda will be created
  + resource "aws_iam_role" "lambda" {
      + arn                   = (known after apply)
      + assume_role_policy    = jsonencode(
            {
              + Statement = [
                  + {
                      + Action    = "sts:AssumeRole"
                      + Effect    = "Allow"
                      + Principal = {
                          + Service = "lambda.amazonaws.com"
                        }
                    },
                ]
              + Version   = "2012-10-17"
            }
        )
      + create_date           = (known after apply)
      + description           = "Allows Lambda functions to call AWS services on your behalf."
      + force_detach_policies = false
      + id                    = (known after apply)
      + managed_policy_arns   = (known after apply)
      + max_session_duration  = 3600
      + name                  = "trade-rebuild-acceptance"
      + name_prefix           = (known after apply)
      + path                  = "/"
      + tags_all              = (known after apply)
      + unique_id             = (known after apply)

      + inline_policy (known after apply)
    }

  # aws_iam_role_policy.s3 will be created
  + resource "aws_iam_role_policy" "s3" {
      + id          = (known after apply)
      + name        = "TradeAnalyticsS3Access"
      + name_prefix = (known after apply)
      + policy      = (known after apply)
      + role        = (known after apply)
    }

  # aws_iam_role_policy_attachment.logs will be created
  + resource "aws_iam_role_policy_attachment" "logs" {
      + id         = (known after apply)
      + policy_arn = "arn:aws:iam::aws:policy/service-role/AWSLambdaBasicExecutionRole"
      + role       = "trade-rebuild-acceptance"
    }

  # aws_lambda_function.ingestion will be created
  + resource "aws_lambda_function" "ingestion" {
      + architectures                  = [
          + "x86_64",
        ]
      + arn                            = (known after apply)
      + code_sha256                    = (known after apply)
      + function_name                  = "trade-rebuild-acceptance"
      + id                             = (known after apply)
      + image_uri                      = "816079797958.dkr.ecr.ap-northeast-1.amazonaws.com/trade-rebuild-acceptance@sha256:3855f0da15fdeb154e7dfe34160e0cf95a9d718b3c5d426b7a1a43bec377687d"
      + invoke_arn                     = (known after apply)
      + last_modified                  = (known after apply)
      + memory_size                    = 512
      + package_type                   = "Image"
      + publish                        = false
      + qualified_arn                  = (known after apply)
      + qualified_invoke_arn           = (known after apply)
      + region                         = "ap-northeast-1"
      + reserved_concurrent_executions = 1
      + response_streaming_invoke_arn  = (known after apply)
      + role                           = (known after apply)
      + signing_job_arn                = (known after apply)
      + signing_profile_version_arn    = (known after apply)
      + skip_destroy                   = false
      + source_code_hash               = (known after apply)
      + source_code_size               = (known after apply)
      + tags_all                       = (known after apply)
      + timeout                        = 180
      + version                        = (known after apply)

      + environment {
          + variables = (sensitive value)
        }

      + ephemeral_storage {
          + size = 512
        }

      + logging_config {
          + log_format = "Text"
          + log_group  = "/aws/lambda/trade-rebuild-acceptance"
        }

      + tracing_config {
          + mode = "PassThrough"
        }
    }

  # aws_s3_bucket.raw will be created
  + resource "aws_s3_bucket" "raw" {
      + acceleration_status         = (known after apply)
      + acl                         = (known after apply)
      + arn                         = (known after apply)
      + bucket                      = "trade-rebuild-816079797958-20261002"
      + bucket_domain_name          = (known after apply)
      + bucket_namespace            = (known after apply)
      + bucket_prefix               = (known after apply)
      + bucket_region               = (known after apply)
      + bucket_regional_domain_name = (known after apply)
      + force_destroy               = false
      + hosted_zone_id              = (known after apply)
      + id                          = (known after apply)
      + object_lock_enabled         = (known after apply)
      + policy                      = (known after apply)
      + region                      = "ap-northeast-1"
      + request_payer               = (known after apply)
      + tags_all                    = (known after apply)
      + website_domain              = (known after apply)
      + website_endpoint            = (known after apply)

      + cors_rule (known after apply)

      + grant (known after apply)

      + lifecycle_rule (known after apply)

      + logging (known after apply)

      + object_lock_configuration (known after apply)

      + replication_configuration (known after apply)

      + server_side_encryption_configuration (known after apply)

      + versioning (known after apply)

      + website (known after apply)
    }

  # aws_s3_bucket_ownership_controls.raw will be created
  + resource "aws_s3_bucket_ownership_controls" "raw" {
      + bucket = (known after apply)
      + id     = (known after apply)
      + region = "ap-northeast-1"

      + rule {
          + object_ownership = "BucketOwnerEnforced"
        }
    }

  # aws_s3_bucket_public_access_block.raw will be created
  + resource "aws_s3_bucket_public_access_block" "raw" {
      + block_public_acls       = true
      + block_public_policy     = true
      + bucket                  = (known after apply)
      + id                      = (known after apply)
      + ignore_public_acls      = true
      + region                  = "ap-northeast-1"
      + restrict_public_buckets = true
    }

  # aws_s3_bucket_server_side_encryption_configuration.raw will be created
  + resource "aws_s3_bucket_server_side_encryption_configuration" "raw" {
      + bucket = (known after apply)
      + id     = (known after apply)
      + region = "ap-northeast-1"

      + rule {
          + blocked_encryption_types = [
              + "SSE-C",
            ]
          + bucket_key_enabled       = true

          + apply_server_side_encryption_by_default {
              + kms_master_key_id = (known after apply)
              + sse_algorithm     = "AES256"
            }
        }
    }

  # aws_s3_bucket_versioning.raw will be created
  + resource "aws_s3_bucket_versioning" "raw" {
      + bucket = (known after apply)
      + id     = (known after apply)
      + region = "ap-northeast-1"

      + versioning_configuration {
          + mfa_delete = (known after apply)
          + status     = "Enabled"
        }
    }

  # aws_sns_topic.ingestion_alarms will be created
  + resource "aws_sns_topic" "ingestion_alarms" {
      + arn                         = (known after apply)
      + beginning_archive_time      = (known after apply)
      + content_based_deduplication = false
      + fifo_throughput_scope       = (known after apply)
      + fifo_topic                  = false
      + id                          = (known after apply)
      + name                        = "trade-rebuild-acceptance-alarms"
      + name_prefix                 = (known after apply)
      + owner                       = (known after apply)
      + policy                      = (known after apply)
      + region                      = "ap-northeast-1"
      + signature_version           = (known after apply)
      + tags_all                    = (known after apply)
      + tracing_config              = (known after apply)
    }

  # aws_sns_topic_policy.ingestion_alarms will be created
  + resource "aws_sns_topic_policy" "ingestion_alarms" {
      + arn    = (known after apply)
      + id     = (known after apply)
      + owner  = (known after apply)
      + policy = (known after apply)
      + region = "ap-northeast-1"
    }

Plan: 20 to add, 0 to change, 0 to destroy.

Changes to Outputs:
  + function_name             = "trade-rebuild-acceptance"
  + image_uri                 = "816079797958.dkr.ecr.ap-northeast-1.amazonaws.com/trade-rebuild-acceptance@sha256:3855f0da15fdeb154e7dfe34160e0cf95a9d718b3c5d426b7a1a43bec377687d"
  + ingestion_alarm_topic_arn = (known after apply)
  + raw_bucket                = (known after apply)

─────────────────────────────────────────────────────────────────────────────

Saved the plan to: /private/tmp/rebuild-application.tfplan

To perform exactly these actions, run the following command to apply:
    terraform apply "/private/tmp/rebuild-application.tfplan"
