aws_cloudwatch_log_group.lambda: Refreshing state... [id=/aws/lambda/trade-rebuild-acceptance]
aws_ecr_repository.ingestion: Refreshing state... [id=trade-rebuild-acceptance]
aws_iam_role.lambda: Refreshing state... [id=trade-rebuild-acceptance]
aws_sns_topic.ingestion_alarms: Refreshing state... [id=arn:aws:sns:ap-northeast-1:816079797958:trade-rebuild-acceptance-alarms]
aws_s3_bucket.raw: Refreshing state... [id=trade-rebuild-816079797958-20261002]
aws_sns_topic_policy.ingestion_alarms: Refreshing state... [id=arn:aws:sns:ap-northeast-1:816079797958:trade-rebuild-acceptance-alarms]
aws_cloudwatch_log_metric_filter.ingestion_error["ComtradeResponseError"]: Refreshing state... [id=trade-rebuild-acceptance-ComtradeResponseError]
aws_cloudwatch_log_metric_filter.ingestion_error["StorageConflictError"]: Refreshing state... [id=trade-rebuild-acceptance-StorageConflictError]
aws_cloudwatch_log_metric_filter.ingestion_error["ResponseTruncatedError"]: Refreshing state... [id=trade-rebuild-acceptance-ResponseTruncatedError]
aws_cloudwatch_metric_alarm.ingestion_error["ResponseTruncatedError"]: Refreshing state... [id=trade-analytics-ingestion-rebuild-ResponseTruncatedError]
aws_cloudwatch_metric_alarm.ingestion_error["ComtradeResponseError"]: Refreshing state... [id=trade-analytics-ingestion-rebuild-ComtradeResponseError]
aws_cloudwatch_metric_alarm.ingestion_error["StorageConflictError"]: Refreshing state... [id=trade-analytics-ingestion-rebuild-StorageConflictError]
aws_s3_bucket_public_access_block.raw: Refreshing state... [id=trade-rebuild-816079797958-20261002]
aws_s3_bucket_versioning.raw: Refreshing state... [id=trade-rebuild-816079797958-20261002]
aws_s3_bucket_server_side_encryption_configuration.raw: Refreshing state... [id=trade-rebuild-816079797958-20261002]
aws_s3_bucket_ownership_controls.raw: Refreshing state... [id=trade-rebuild-816079797958-20261002]
aws_iam_role_policy_attachment.logs: Refreshing state... [id=trade-rebuild-acceptance/arn:aws:iam::aws:policy/service-role/AWSLambdaBasicExecutionRole]
aws_iam_role_policy.s3: Refreshing state... [id=trade-rebuild-acceptance:TradeAnalyticsS3Access]
aws_lambda_function.ingestion: Refreshing state... [id=trade-rebuild-acceptance]

Terraform used the selected providers to generate the following execution
plan. Resource actions are indicated with the following symbols:
-/+ destroy and then create replacement

Terraform planned the following actions, but then encountered a problem:

  # aws_lambda_function.ingestion is tainted, so must be replaced
-/+ resource "aws_lambda_function" "ingestion" {
      ~ arn                            = "arn:aws:lambda:ap-northeast-1:816079797958:function:trade-rebuild-acceptance" -> (known after apply)
      ~ code_sha256                    = "3855f0da15fdeb154e7dfe34160e0cf95a9d718b3c5d426b7a1a43bec377687d" -> (known after apply)
      ~ id                             = "trade-rebuild-acceptance" -> (known after apply)
      ~ invoke_arn                     = "arn:aws:apigateway:ap-northeast-1:lambda:path/2015-03-31/functions/arn:aws:lambda:ap-northeast-1:816079797958:function:trade-rebuild-acceptance/invocations" -> (known after apply)
      ~ last_modified                  = "2026-10-01T17:31:33.828+0000" -> (known after apply)
      - layers                         = [] -> null
      ~ qualified_arn                  = "arn:aws:lambda:ap-northeast-1:816079797958:function:trade-rebuild-acceptance:$LATEST" -> (known after apply)
      ~ qualified_invoke_arn           = "arn:aws:apigateway:ap-northeast-1:lambda:path/2015-03-31/functions/arn:aws:lambda:ap-northeast-1:816079797958:function:trade-rebuild-acceptance:$LATEST/invocations" -> (known after apply)
      ~ response_streaming_invoke_arn  = "arn:aws:apigateway:ap-northeast-1:lambda:path/2021-11-15/functions/arn:aws:lambda:ap-northeast-1:816079797958:function:trade-rebuild-acceptance/response-streaming-invocations" -> (known after apply)
      + signing_job_arn                = (known after apply)
      + signing_profile_version_arn    = (known after apply)
      + source_code_hash               = (known after apply)
      ~ source_code_size               = 0 -> (known after apply)
      - tags                           = {} -> null
      ~ tags_all                       = {} -> (known after apply)
      ~ version                        = "$LATEST" -> (known after apply)
        # (17 unchanged attributes hidden)

        # (4 unchanged blocks hidden)
    }

Plan: 1 to add, 0 to change, 1 to destroy.
