#0 building with "desktop-linux" instance using docker driver

#1 [internal] load build definition from Dockerfile
#1 transferring dockerfile: 321B done
#1 DONE 0.0s

#2 [internal] load metadata for public.ecr.aws/lambda/python:3.11
#2 DONE 5.1s

#3 [internal] load .dockerignore
#3 transferring context: 276B done
#3 DONE 0.0s

#4 [1/4] FROM public.ecr.aws/lambda/python:3.11@sha256:a79958a1aa15008d6a55f2c7669e06074f9c81d7c8738692aa147babf9aabfd3
#4 DONE 0.0s

#5 [internal] load build context
#5 transferring context: 251.63kB done
#5 DONE 0.0s

#6 [2/4] COPY pyproject.toml /var/task/
#6 CACHED

#7 [3/4] COPY src /var/task/src
#7 DONE 0.0s

#8 [4/4] RUN python -m pip install . --target /var/task
#8 0.530 Processing /var/task
#8 0.533   Installing build dependencies: started
#8 3.097   Installing build dependencies: finished with status 'done'
#8 3.098   Getting requirements to build wheel: started
#8 3.292   Getting requirements to build wheel: finished with status 'done'
#8 3.294   Preparing metadata (pyproject.toml): started
#8 3.484   Preparing metadata (pyproject.toml): finished with status 'done'
#8 4.764 Collecting boto3<2,>=1.35 (from trade-analytics==0.1.0)
#8 4.921   Downloading boto3-1.43.106-py3-none-any.whl.metadata (6.6 kB)
#8 5.024 Collecting httpx<1,>=0.27 (from trade-analytics==0.1.0)
#8 5.068   Downloading httpx-0.28.1-py3-none-any.whl.metadata (7.1 kB)
#8 5.522 Collecting pydantic<3,>=2.8 (from trade-analytics==0.1.0)
#8 5.568   Downloading pydantic-2.13.5-py3-none-any.whl.metadata (110 kB)
#8 5.637      ━━━━━━━━━━━━━━━━━━━━━━━━━━━━━━━━━━━━━━━ 110.2/110.2 kB 1.7 MB/s eta 0:00:00
#8 5.722 Collecting tenacity<10,>=9 (from trade-analytics==0.1.0)
#8 5.768   Downloading tenacity-9.1.4-py3-none-any.whl.metadata (1.2 kB)
#8 6.883 Collecting botocore<1.44.0,>=1.43.106 (from boto3<2,>=1.35->trade-analytics==0.1.0)
#8 6.939   Downloading botocore-1.43.106-py3-none-any.whl.metadata (5.6 kB)
#8 7.011 Collecting jmespath<2.0.0,>=0.7.1 (from boto3<2,>=1.35->trade-analytics==0.1.0)
#8 7.074   Downloading jmespath-1.1.0-py3-none-any.whl.metadata (7.6 kB)
#8 7.164 Collecting s3transfer<0.20.0,>=0.19.0 (from boto3<2,>=1.35->trade-analytics==0.1.0)
#8 7.214   Downloading s3transfer-0.19.2-py3-none-any.whl.metadata (1.7 kB)
#8 7.309 Collecting anyio (from httpx<1,>=0.27->trade-analytics==0.1.0)
#8 7.360   Downloading anyio-4.15.1-py3-none-any.whl.metadata (4.7 kB)
#8 7.449 Collecting certifi (from httpx<1,>=0.27->trade-analytics==0.1.0)
#8 7.510   Downloading certifi-2026.7.22-py3-none-any.whl.metadata (2.5 kB)
#8 7.597 Collecting httpcore==1.* (from httpx<1,>=0.27->trade-analytics==0.1.0)
#8 7.651   Downloading httpcore-1.0.9-py3-none-any.whl.metadata (21 kB)
#8 7.740 Collecting idna (from httpx<1,>=0.27->trade-analytics==0.1.0)
#8 7.793   Downloading idna-3.20-py3-none-any.whl.metadata (7.2 kB)
#8 7.872 Collecting h11>=0.16 (from httpcore==1.*->httpx<1,>=0.27->trade-analytics==0.1.0)
#8 7.924   Downloading h11-0.16.0-py3-none-any.whl.metadata (8.3 kB)
#8 8.015 Collecting annotated-types>=0.6.0 (from pydantic<3,>=2.8->trade-analytics==0.1.0)
#8 8.073   Downloading annotated_types-0.8.0-py3-none-any.whl.metadata (15 kB)
#8 10.14 Collecting pydantic-core==2.46.5 (from pydantic<3,>=2.8->trade-analytics==0.1.0)
#8 10.19   Downloading pydantic_core-2.46.5-cp311-cp311-manylinux_2_17_x86_64.manylinux2014_x86_64.whl.metadata (6.6 kB)
#8 10.32 Collecting typing-extensions>=4.14.1 (from pydantic<3,>=2.8->trade-analytics==0.1.0)
#8 10.37   Downloading typing_extensions-4.16.0-py3-none-any.whl.metadata (3.3 kB)
#8 10.44 Collecting typing-inspection>=0.4.2 (from pydantic<3,>=2.8->trade-analytics==0.1.0)
#8 10.49   Downloading typing_inspection-0.4.4-py3-none-any.whl.metadata (2.6 kB)
#8 10.58 Collecting python-dateutil<3.0.0,>=2.1 (from botocore<1.44.0,>=1.43.106->boto3<2,>=1.35->trade-analytics==0.1.0)
#8 10.63   Downloading python_dateutil-2.9.0.post0-py2.py3-none-any.whl.metadata (8.4 kB)
#8 10.76 Collecting urllib3!=2.2.0,<3,>=1.25.4 (from botocore<1.44.0,>=1.43.106->boto3<2,>=1.35->trade-analytics==0.1.0)
#8 10.81   Downloading urllib3-2.8.0-py3-none-any.whl.metadata (7.4 kB)
#8 11.06 Collecting six>=1.5 (from python-dateutil<3.0.0,>=2.1->botocore<1.44.0,>=1.43.106->boto3<2,>=1.35->trade-analytics==0.1.0)
#8 11.11   Downloading six-1.17.0-py2.py3-none-any.whl.metadata (1.7 kB)
#8 11.23 Downloading boto3-1.43.106-py3-none-any.whl (140 kB)
#8 11.23    ━━━━━━━━━━━━━━━━━━━━━━━━━━━━━━━━━━━━━━━ 140.0/140.0 kB 165.6 MB/s eta 0:00:00
#8 11.28 Downloading httpx-0.28.1-py3-none-any.whl (73 kB)
#8 11.30    ━━━━━━━━━━━━━━━━━━━━━━━━━━━━━━━━━━━━━━━━ 73.5/73.5 kB 3.5 MB/s eta 0:00:00
#8 11.35 Downloading httpcore-1.0.9-py3-none-any.whl (78 kB)
#8 11.38    ━━━━━━━━━━━━━━━━━━━━━━━━━━━━━━━━━━━━━━━━ 78.8/78.8 kB 2.8 MB/s eta 0:00:00
#8 11.44 Downloading pydantic-2.13.5-py3-none-any.whl (472 kB)
#8 11.63    ━━━━━━━━━━━━━━━━━━━━━━━━━━━━━━━━━━━━━━━━ 472.6/472.6 kB 2.4 MB/s eta 0:00:00
#8 11.68 Downloading pydantic_core-2.46.5-cp311-cp311-manylinux_2_17_x86_64.manylinux2014_x86_64.whl (2.1 MB)
#8 12.47    ━━━━━━━━━━━━━━━━━━━━━━━━━━━━━━━━━━━━━━━━ 2.1/2.1 MB 2.6 MB/s eta 0:00:00
#8 12.52 Downloading tenacity-9.1.4-py3-none-any.whl (28 kB)
#8 12.57 Downloading annotated_types-0.8.0-py3-none-any.whl (13 kB)
#8 12.62 Downloading botocore-1.43.106-py3-none-any.whl (16.0 MB)
#8 17.95    ━━━━━━━━━━━━━━━━━━━━━━━━━━━━━━━━━━━━━━━━ 16.0/16.0 MB 3.0 MB/s eta 0:00:00
#8 18.01 Downloading jmespath-1.1.0-py3-none-any.whl (20 kB)
#8 18.08 Downloading s3transfer-0.19.2-py3-none-any.whl (90 kB)
#8 18.10    ━━━━━━━━━━━━━━━━━━━━━━━━━━━━━━━━━━━━━━━━ 90.2/90.2 kB 4.4 MB/s eta 0:00:00
#8 18.17 Downloading typing_extensions-4.16.0-py3-none-any.whl (45 kB)
#8 18.18    ━━━━━━━━━━━━━━━━━━━━━━━━━━━━━━━━━━━━━━━━ 45.6/45.6 kB 2.8 MB/s eta 0:00:00
#8 18.25 Downloading typing_inspection-0.4.4-py3-none-any.whl (14 kB)
#8 18.31 Downloading anyio-4.15.1-py3-none-any.whl (132 kB)
#8 18.33    ━━━━━━━━━━━━━━━━━━━━━━━━━━━━━━━━━━━━━━━━ 132.1/132.1 kB 5.9 MB/s eta 0:00:00
#8 18.39 Downloading idna-3.20-py3-none-any.whl (69 kB)
#8 18.41    ━━━━━━━━━━━━━━━━━━━━━━━━━━━━━━━━━━━━━━━━ 69.6/69.6 kB 6.6 MB/s eta 0:00:00
#8 18.47 Downloading certifi-2026.7.22-py3-none-any.whl (136 kB)
#8 18.51    ━━━━━━━━━━━━━━━━━━━━━━━━━━━━━━━━━━━━━━━━ 137.0/137.0 kB 3.2 MB/s eta 0:00:00
#8 18.59 Downloading h11-0.16.0-py3-none-any.whl (37 kB)
#8 18.67 Downloading python_dateutil-2.9.0.post0-py2.py3-none-any.whl (229 kB)
#8 18.77    ━━━━━━━━━━━━━━━━━━━━━━━━━━━━━━━━━━━━━━━━ 229.9/229.9 kB 2.4 MB/s eta 0:00:00
#8 18.85 Downloading urllib3-2.8.0-py3-none-any.whl (135 kB)
#8 18.88    ━━━━━━━━━━━━━━━━━━━━━━━━━━━━━━━━━━━━━━━━ 135.7/135.7 kB 7.0 MB/s eta 0:00:00
#8 18.96 Downloading six-1.17.0-py2.py3-none-any.whl (11 kB)
#8 19.02 Building wheels for collected packages: trade-analytics
#8 19.02   Building wheel for trade-analytics (pyproject.toml): started
#8 19.27   Building wheel for trade-analytics (pyproject.toml): finished with status 'done'
#8 19.27   Created wheel for trade-analytics: filename=trade_analytics-0.1.0-py3-none-any.whl size=32008 sha256=1e7cc806a6597acecba6f8003a00af100592012a7569364de89b1c3fb4794531
#8 19.27   Stored in directory: /tmp/pip-ephem-wheel-cache-32vh4p1d/wheels/fc/13/7d/b2e07be86dbf567d2cc352137752cb95c7501b28a181876aa0
#8 19.28 Successfully built trade-analytics
#8 19.36 Installing collected packages: urllib3, typing-extensions, tenacity, six, jmespath, idna, h11, certifi, annotated-types, typing-inspection, python-dateutil, pydantic-core, httpcore, anyio, pydantic, httpx, botocore, s3transfer, boto3, trade-analytics
#8 20.20 Successfully installed annotated-types-0.8.0 anyio-4.15.1 boto3-1.43.106 botocore-1.43.106 certifi-2026.7.22 h11-0.16.0 httpcore-1.0.9 httpx-0.28.1 idna-3.20 jmespath-1.1.0 pydantic-2.13.5 pydantic-core-2.46.5 python-dateutil-2.9.0.post0 s3transfer-0.19.2 six-1.17.0 tenacity-9.1.4 trade-analytics-0.1.0 typing-extensions-4.16.0 typing-inspection-0.4.4 urllib3-2.8.0
#8 20.20 WARNING: Running pip as the 'root' user can result in broken permissions and conflicting behaviour with the system package manager. It is recommended to use a virtual environment instead: https://pip.pypa.io/warnings/venv
#8 DONE 20.5s

#9 exporting to image
#9 exporting layers 0.1s done
#9 writing image sha256:a8483ad45e23fa0283144c8e227880ad77b5f6284f4d202636b7ff45e6245964 done
#9 naming to docker.io/library/trade-rebuild:lambda done
#9 DONE 0.1s

View build details: docker-desktop://dashboard/build/desktop-linux/desktop-linux/vv0fqnbgqu8kzwhg09sawim92
