aws_ecr_repository.ingestion: Refreshing state... [id=trade-rebuild-acceptance]
aws_cloudwatch_log_group.lambda: Refreshing state... [id=/aws/lambda/trade-rebuild-acceptance]
aws_iam_role.lambda: Refreshing state... [id=trade-rebuild-acceptance]
aws_sns_topic.ingestion_alarms: Refreshing state... [id=arn:aws:sns:ap-northeast-1:816079797958:trade-rebuild-acceptance-alarms]
aws_s3_bucket.raw: Refreshing state... [id=trade-rebuild-816079797958-20261002]
aws_cloudwatch_log_metric_filter.ingestion_error["ComtradeResponseError"]: Refreshing state... [id=trade-rebuild-acceptance-ComtradeResponseError]
aws_cloudwatch_log_metric_filter.ingestion_error["ResponseTruncatedError"]: Refreshing state... [id=trade-rebuild-acceptance-ResponseTruncatedError]
aws_cloudwatch_log_metric_filter.ingestion_error["StorageConflictError"]: Refreshing state... [id=trade-rebuild-acceptance-StorageConflictError]
aws_sns_topic_policy.ingestion_alarms: Refreshing state... [id=arn:aws:sns:ap-northeast-1:816079797958:trade-rebuild-acceptance-alarms]
aws_cloudwatch_metric_alarm.ingestion_error["ComtradeResponseError"]: Refreshing state... [id=trade-analytics-ingestion-rebuild-ComtradeResponseError]
aws_cloudwatch_metric_alarm.ingestion_error["StorageConflictError"]: Refreshing state... [id=trade-analytics-ingestion-rebuild-StorageConflictError]
aws_cloudwatch_metric_alarm.ingestion_error["ResponseTruncatedError"]: Refreshing state... [id=trade-analytics-ingestion-rebuild-ResponseTruncatedError]
aws_s3_bucket_public_access_block.raw: Refreshing state... [id=trade-rebuild-816079797958-20261002]
aws_s3_bucket_ownership_controls.raw: Refreshing state... [id=trade-rebuild-816079797958-20261002]
aws_s3_bucket_versioning.raw: Refreshing state... [id=trade-rebuild-816079797958-20261002]
aws_s3_bucket_server_side_encryption_configuration.raw: Refreshing state... [id=trade-rebuild-816079797958-20261002]
aws_iam_role_policy_attachment.logs: Refreshing state... [id=trade-rebuild-acceptance/arn:aws:iam::aws:policy/service-role/AWSLambdaBasicExecutionRole]
aws_iam_role_policy.s3: Refreshing state... [id=trade-rebuild-acceptance:TradeAnalyticsS3Access]
aws_lambda_function.ingestion: Refreshing state... [id=trade-rebuild-acceptance]
aws_cloudwatch_metric_alarm.lambda_duration: Refreshing state... [id=trade-analytics-ingestion-rebuild-LambdaDuration]
aws_cloudwatch_metric_alarm.lambda_errors: Refreshing state... [id=trade-analytics-ingestion-rebuild-LambdaErrors]

No changes. Your infrastructure matches the configuration.

Terraform has compared your real infrastructure against your configuration
and found no differences, so no changes are needed.
