deploy	Save and review the image-only plan	﻿2026-10-01T17:37:41.7644238Z ##[group]Run set -euo pipefail
deploy	Save and review the image-only plan	2026-10-01T17:37:41.7644609Z ^[[36;1mset -euo pipefail^[[0m
deploy	Save and review the image-only plan	2026-10-01T17:37:41.7644884Z ^[[36;1mumask 077^[[0m
deploy	Save and review the image-only plan	2026-10-01T17:37:41.7645396Z ^[[36;1mterraform -chdir=infrastructure/aws/application plan -out=deployment.tfplan -var="image_uri=$IMAGE_URI"^[[0m
deploy	Save and review the image-only plan	2026-10-01T17:37:41.7646564Z ^[[36;1mterraform -chdir=infrastructure/aws/application show -json deployment.tfplan > /tmp/deployment-plan.json^[[0m
deploy	Save and review the image-only plan	2026-10-01T17:37:41.7647340Z ^[[36;1mpython scripts/check_deploy_plan.py /tmp/deployment-plan.json "$IMAGE_URI" > deployment-summary.json^[[0m
deploy	Save and review the image-only plan	2026-10-01T17:37:41.7647932Z ^[[36;1mcat deployment-summary.json >> "$GITHUB_STEP_SUMMARY"^[[0m
deploy	Save and review the image-only plan	2026-10-01T17:37:41.7717371Z shell: /usr/bin/bash -e {0}
deploy	Save and review the image-only plan	2026-10-01T17:37:41.7717661Z env:
deploy	Save and review the image-only plan	2026-10-01T17:37:41.7717900Z   AWS_REGION: ap-northeast-1
deploy	Save and review the image-only plan	2026-10-01T17:37:41.7718188Z   AWS_ACCOUNT_ID: 816079797958
deploy	Save and review the image-only plan	2026-10-01T17:37:41.7718488Z   ECR_REPOSITORY: trade-analytics-ingestion
deploy	Save and review the image-only plan	2026-10-01T17:37:41.7718831Z   LAMBDA_FUNCTION: trade-analytics-ingestion
deploy	Save and review the image-only plan	2026-10-01T17:37:41.7719180Z   TF_IN_AUTOMATION: true
deploy	Save and review the image-only plan	2026-10-01T17:37:41.7719430Z   TF_INPUT: false
deploy	Save and review the image-only plan	2026-10-01T17:37:41.7719685Z   AWS_DEFAULT_REGION: ap-northeast-1
deploy	Save and review the image-only plan	2026-10-01T17:37:41.7720166Z   AWS_ACCESS_KEY_ID: ***
deploy	Save and review the image-only plan	2026-10-01T17:37:41.7720529Z   AWS_SECRET_ACCESS_KEY: ***
deploy	Save and review the image-only plan	2026-10-01T17:37:41.7725375Z   AWS_SESSION_TOKEN: ***
deploy	Save and review the image-only plan	2026-10-01T17:37:41.7726258Z   IMAGE_URI: 816079797958.dkr.ecr.ap-northeast-1.amazonaws.com/trade-analytics-ingestion@sha256:5b2948913e5a3fb51b184fbf728a53362937f59ad32fa4edc12717d4546db997
deploy	Save and review the image-only plan	2026-10-01T17:37:41.7726947Z ##[endgroup]
deploy	Save and review the image-only plan	2026-10-01T17:37:47.1649925Z ^[[0m^[[1maws_ecr_repository.ingestion: Refreshing state... [id=trade-analytics-ingestion]^[[0m
deploy	Save and review the image-only plan	2026-10-01T17:37:47.1678067Z ^[[0m^[[1maws_sns_topic.ingestion_alarms: Refreshing state... [id=arn:aws:sns:ap-northeast-1:816079797958:trade-analytics-ingestion-alarms]^[[0m
deploy	Save and review the image-only plan	2026-10-01T17:37:47.1688317Z ^[[0m^[[1maws_cloudwatch_log_group.lambda: Refreshing state... [id=/aws/lambda/trade-analytics-ingestion]^[[0m
deploy	Save and review the image-only plan	2026-10-01T17:37:47.1689659Z ^[[0m^[[1maws_iam_role.lambda: Refreshing state... [id=trade-analytics-lambda-role]^[[0m
deploy	Save and review the image-only plan	2026-10-01T17:37:47.1690931Z ^[[0m^[[1maws_s3_bucket.raw: Refreshing state... [id=trade-analytics-prod-816079797958-ap-northeast-1-an]^[[0m
deploy	Save and review the image-only plan	2026-10-01T17:37:47.5569775Z ^[[0m^[[1maws_iam_role_policy_attachment.logs: Refreshing state... [id=trade-analytics-lambda-role/arn:aws:iam::aws:policy/service-role/AWSLambdaBasicExecutionRole]^[[0m
deploy	Save and review the image-only plan	2026-10-01T17:37:47.9132607Z ^[[0m^[[1maws_sns_topic_policy.ingestion_alarms: Refreshing state... [id=arn:aws:sns:ap-northeast-1:816079797958:trade-analytics-ingestion-alarms]^[[0m
deploy	Save and review the image-only plan	2026-10-01T17:37:47.9136682Z ^[[0m^[[1maws_sns_topic_subscription.ingestion_email[0]: Refreshing state... [id=arn:aws:sns:ap-northeast-1:816079797958:trade-analytics-ingestion-alarms:b9d851f9-9e80-4b2a-8a34-0a77fa14e1bd]^[[0m
deploy	Save and review the image-only plan	2026-10-01T17:37:47.9269282Z ^[[0m^[[1maws_cloudwatch_log_metric_filter.ingestion_error["StorageConflictError"]: Refreshing state... [id=trade-analytics-ingestion-StorageConflictError]^[[0m
deploy	Save and review the image-only plan	2026-10-01T17:37:47.9271866Z ^[[0m^[[1maws_cloudwatch_log_metric_filter.ingestion_error["ComtradeResponseError"]: Refreshing state... [id=trade-analytics-ingestion-ComtradeResponseError]^[[0m
deploy	Save and review the image-only plan	2026-10-01T17:37:47.9282274Z ^[[0m^[[1maws_cloudwatch_log_metric_filter.ingestion_error["ResponseTruncatedError"]: Refreshing state... [id=trade-analytics-ingestion-ResponseTruncatedError]^[[0m
deploy	Save and review the image-only plan	2026-10-01T17:37:48.3794779Z ^[[0m^[[1maws_cloudwatch_metric_alarm.ingestion_error["ComtradeResponseError"]: Refreshing state... [id=trade-analytics-ingestion-ComtradeResponseError]^[[0m
deploy	Save and review the image-only plan	2026-10-01T17:37:48.3797344Z ^[[0m^[[1maws_cloudwatch_metric_alarm.ingestion_error["StorageConflictError"]: Refreshing state... [id=trade-analytics-ingestion-StorageConflictError]^[[0m
deploy	Save and review the image-only plan	2026-10-01T17:37:48.3799844Z ^[[0m^[[1maws_cloudwatch_metric_alarm.ingestion_error["ResponseTruncatedError"]: Refreshing state... [id=trade-analytics-ingestion-ResponseTruncatedError]^[[0m
deploy	Save and review the image-only plan	2026-10-01T17:37:50.1661153Z ^[[0m^[[1maws_s3_bucket_ownership_controls.raw: Refreshing state... [id=trade-analytics-prod-816079797958-ap-northeast-1-an]^[[0m
deploy	Save and review the image-only plan	2026-10-01T17:37:50.1677378Z ^[[0m^[[1maws_s3_bucket_public_access_block.raw: Refreshing state... [id=trade-analytics-prod-816079797958-ap-northeast-1-an]^[[0m
deploy	Save and review the image-only plan	2026-10-01T17:37:50.1697290Z ^[[0m^[[1maws_s3_bucket_server_side_encryption_configuration.raw: Refreshing state... [id=trade-analytics-prod-816079797958-ap-northeast-1-an]^[[0m
deploy	Save and review the image-only plan	2026-10-01T17:37:50.1699941Z ^[[0m^[[1maws_iam_role_policy.s3: Refreshing state... [id=trade-analytics-lambda-role:TradeAnalyticsS3Access]^[[0m
deploy	Save and review the image-only plan	2026-10-01T17:37:50.1701982Z ^[[0m^[[1maws_s3_bucket_versioning.raw: Refreshing state... [id=trade-analytics-prod-816079797958-ap-northeast-1-an]^[[0m
deploy	Save and review the image-only plan	2026-10-01T17:37:50.2348009Z ^[[0m^[[1maws_lambda_function.ingestion: Refreshing state... [id=trade-analytics-ingestion]^[[0m
deploy	Save and review the image-only plan	2026-10-01T17:37:50.9989875Z ^[[0m^[[1maws_cloudwatch_metric_alarm.lambda_duration: Refreshing state... [id=trade-analytics-ingestion-LambdaDuration]^[[0m
deploy	Save and review the image-only plan	2026-10-01T17:37:51.0003099Z ^[[0m^[[1maws_cloudwatch_metric_alarm.lambda_errors: Refreshing state... [id=trade-analytics-ingestion-LambdaErrors]^[[0m
deploy	Save and review the image-only plan	2026-10-01T17:37:51.9530531Z
deploy	Save and review the image-only plan	2026-10-01T17:37:51.9531452Z Terraform used the selected providers to generate the following execution
deploy	Save and review the image-only plan	2026-10-01T17:37:51.9532221Z plan. Resource actions are indicated with the following symbols:
deploy	Save and review the image-only plan	2026-10-01T17:37:51.9532915Z   ^[[33m~^[[0m update in-place^[[0m
deploy	Save and review the image-only plan	2026-10-01T17:37:51.9533103Z
deploy	Save and review the image-only plan	2026-10-01T17:37:51.9533332Z Terraform planned the following actions, but then encountered a problem:
deploy	Save and review the image-only plan	2026-10-01T17:37:51.9533648Z
deploy	Save and review the image-only plan	2026-10-01T17:37:51.9533889Z ^[[1m  # aws_lambda_function.ingestion^[[0m will be updated in-place
deploy	Save and review the image-only plan	2026-10-01T17:37:51.9534432Z ^[[0m  ^[[33m~^[[0m^[[0m resource "aws_lambda_function" "ingestion" {
deploy	Save and review the image-only plan	2026-10-01T17:37:51.9534839Z         id                             = "trade-analytics-ingestion"
deploy	Save and review the image-only plan	2026-10-01T17:37:51.9536935Z       ^[[33m~^[[0m^[[0m image_uri                      = "816079797958.dkr.ecr.ap-northeast-1.amazonaws.com/trade-analytics-ingestion@sha256:befb469c96c356b086152b6fd5d68b3679bacc950b84ee4fe238016b68154a09" ^[[33m->^[[0m^[[0m "816079797958.dkr.ecr.ap-northeast-1.amazonaws.com/trade-analytics-ingestion@sha256:5b2948913e5a3fb51b184fbf728a53362937f59ad32fa4edc12717d4546db997"
deploy	Save and review the image-only plan	2026-10-01T17:37:51.9538584Z       ^[[33m~^[[0m^[[0m last_modified                  = "2026-10-01T08:21:56.000+0000" -> (known after apply)
deploy	Save and review the image-only plan	2026-10-01T17:37:51.9539043Z         tags                           = {}
deploy	Save and review the image-only plan	2026-10-01T17:37:51.9539459Z         ^[[90m# (29 unchanged attributes hidden)^[[0m^[[0m
deploy	Save and review the image-only plan	2026-10-01T17:37:51.9539695Z
deploy	Save and review the image-only plan	2026-10-01T17:37:51.9539876Z         ^[[90m# (4 unchanged blocks hidden)^[[0m^[[0m
deploy	Save and review the image-only plan	2026-10-01T17:37:51.9540177Z     }
deploy	Save and review the image-only plan	2026-10-01T17:37:51.9540298Z
deploy	Save and review the image-only plan	2026-10-01T17:37:51.9540493Z ^[[1mPlan:^[[0m ^[[0m0 to add, 1 to change, 0 to destroy.
deploy	Save and review the image-only plan	2026-10-01T17:37:51.9540714Z
deploy	Save and review the image-only plan	2026-10-01T17:37:51.9540809Z Changes to Outputs:
deploy	Save and review the image-only plan	2026-10-01T17:37:51.9542352Z   ^[[33m~^[[0m^[[0m image_uri                 = "816079797958.dkr.ecr.ap-northeast-1.amazonaws.com/trade-analytics-ingestion@sha256:befb469c96c356b086152b6fd5d68b3679bacc950b84ee4fe238016b68154a09" ^[[33m->^[[0m^[[0m "816079797958.dkr.ecr.ap-northeast-1.amazonaws.com/trade-analytics-ingestion@sha256:5b2948913e5a3fb51b184fbf728a53362937f59ad32fa4edc12717d4546db997"
deploy	Save and review the image-only plan	2026-10-01T17:37:51.9544963Z ^[[31m╷^[[0m^[[0m
deploy	Save and review the image-only plan	2026-10-01T17:37:51.9549198Z ^[[31m│^[[0m ^[[0m^[[1m^[[31mError: ^[[0m^[[0m^[[1mreading SNS Topic Subscription (arn:aws:sns:ap-northeast-1:816079797958:trade-analytics-ingestion-alarms:b9d851f9-9e80-4b2a-8a34-0a77fa14e1bd) attributes: operation error SNS: GetSubscriptionAttributes, https response error StatusCode: 403, RequestID: d7afe656-c7fc-519f-9948-856e5b50c328, AuthorizationError: User: arn:aws:sts::816079797958:assumed-role/trade-analytics-github-deploy/github-36900524421 is not authorized to perform: SNS:GetSubscriptionAttributes on resource: arn:aws:sns:ap-northeast-1:816079797958:trade-analytics-ingestion-alarms because no identity-based policy allows the SNS:GetSubscriptionAttributes action^[[0m
deploy	Save and review the image-only plan	2026-10-01T17:37:51.9552284Z ^[[31m│^[[0m ^[[0m
deploy	Save and review the image-only plan	2026-10-01T17:37:51.9552775Z ^[[31m│^[[0m ^[[0m^[[0m  with aws_sns_topic_subscription.ingestion_email[0],
deploy	Save and review the image-only plan	2026-10-01T17:37:51.9554218Z ^[[31m│^[[0m ^[[0m  on monitoring.tf line 34, in resource "aws_sns_topic_subscription" "ingestion_email":
deploy	Save and review the image-only plan	2026-10-01T17:37:51.9555028Z ^[[31m│^[[0m ^[[0m  34: resource "aws_sns_topic_subscription" "ingestion_email" ^[[4m{^[[0m^[[0m
deploy	Save and review the image-only plan	2026-10-01T17:37:51.9555752Z ^[[31m│^[[0m ^[[0m
deploy	Save and review the image-only plan	2026-10-01T17:37:51.9556135Z ^[[31m╵^[[0m^[[0m
deploy	Save and review the image-only plan	2026-10-01T17:37:52.3549237Z Releasing state lock. This may take a few moments...
deploy	Save and review the image-only plan	2026-10-01T17:37:52.7063095Z ##[error]Process completed with exit code 1.
