aws_iam_openid_connect_provider.github[0]: Refreshing state... [id=arn:aws:iam::816079797958:oidc-provider/token.actions.githubusercontent.com]
aws_s3_bucket.state: Refreshing state... [id=trade-analytics-tfstate-816079797958-ap-northeast-1]
aws_iam_role.github_deploy[0]: Refreshing state... [id=trade-analytics-github-deploy]
aws_s3_bucket_public_access_block.state: Refreshing state... [id=trade-analytics-tfstate-816079797958-ap-northeast-1]
aws_s3_bucket_policy.state_tls: Refreshing state... [id=trade-analytics-tfstate-816079797958-ap-northeast-1]
aws_s3_bucket_versioning.state: Refreshing state... [id=trade-analytics-tfstate-816079797958-ap-northeast-1]
aws_s3_bucket_ownership_controls.state: Refreshing state... [id=trade-analytics-tfstate-816079797958-ap-northeast-1]
aws_s3_bucket_server_side_encryption_configuration.state: Refreshing state... [id=trade-analytics-tfstate-816079797958-ap-northeast-1]
aws_iam_role_policy.github_deploy[0]: Refreshing state... [id=trade-analytics-github-deploy:TradeAnalyticsImageDeployment]

Terraform used the selected providers to generate the following execution
plan. Resource actions are indicated with the following symbols:
  ~ update in-place

Terraform will perform the following actions:

  # aws_iam_role_policy.github_deploy[0] will be updated in-place
  ~ resource "aws_iam_role_policy" "github_deploy" {
        id          = "trade-analytics-github-deploy:TradeAnalyticsImageDeployment"
        name        = "TradeAnalyticsImageDeployment"
      ~ policy      = jsonencode(
          ~ {
              ~ Statement = [
                    # (11 unchanged elements hidden)
                    {
                        Action   = "cloudwatch:ListTagsForResource"
                        Effect   = "Allow"
                        Resource = "arn:aws:cloudwatch:ap-northeast-1:816079797958:alarm:trade-analytics-ingestion-*"
                        Sid      = "ReadManagedAlarmTags"
                    },
                  ~ {
                      ~ Action   = [
                            "sns:GetTopicAttributes",
                          + "sns:GetSubscriptionAttributes",
                            "sns:ListTagsForResource",
                            # (1 unchanged element hidden)
                        ]
                        # (3 unchanged attributes hidden)
                    },
                ]
                # (1 unchanged attribute hidden)
            }
        )
        # (2 unchanged attributes hidden)
    }

Plan: 0 to add, 1 to change, 0 to destroy.

─────────────────────────────────────────────────────────────────────────────

Saved the plan to: /private/tmp/rebuild-subscription-read.tfplan

To perform exactly these actions, run the following command to apply:
    terraform apply "/private/tmp/rebuild-subscription-read.tfplan"
