aws_cloudwatch_log_group.lambda: Refreshing state... [id=/aws/lambda/trade-analytics-ingestion]
aws_iam_role.lambda: Refreshing state... [id=trade-analytics-lambda-role]
aws_ecr_repository.ingestion: Refreshing state... [id=trade-analytics-ingestion]
aws_sns_topic.ingestion_alarms: Refreshing state... [id=arn:aws:sns:ap-northeast-1:816079797958:trade-analytics-ingestion-alarms]
aws_s3_bucket.raw: Refreshing state... [id=trade-analytics-prod-816079797958-ap-northeast-1-an]
aws_sns_topic_policy.ingestion_alarms: Refreshing state... [id=arn:aws:sns:ap-northeast-1:816079797958:trade-analytics-ingestion-alarms]
aws_sns_topic_subscription.ingestion_email[0]: Refreshing state... [id=arn:aws:sns:ap-northeast-1:816079797958:trade-analytics-ingestion-alarms:b9d851f9-9e80-4b2a-8a34-0a77fa14e1bd]
aws_cloudwatch_log_metric_filter.ingestion_error["ComtradeResponseError"]: Refreshing state... [id=trade-analytics-ingestion-ComtradeResponseError]
aws_cloudwatch_log_metric_filter.ingestion_error["ResponseTruncatedError"]: Refreshing state... [id=trade-analytics-ingestion-ResponseTruncatedError]
aws_cloudwatch_log_metric_filter.ingestion_error["StorageConflictError"]: Refreshing state... [id=trade-analytics-ingestion-StorageConflictError]
aws_s3_bucket_ownership_controls.raw: Refreshing state... [id=trade-analytics-prod-816079797958-ap-northeast-1-an]
aws_s3_bucket_public_access_block.raw: Refreshing state... [id=trade-analytics-prod-816079797958-ap-northeast-1-an]
aws_s3_bucket_versioning.raw: Refreshing state... [id=trade-analytics-prod-816079797958-ap-northeast-1-an]
aws_s3_bucket_server_side_encryption_configuration.raw: Refreshing state... [id=trade-analytics-prod-816079797958-ap-northeast-1-an]
aws_cloudwatch_metric_alarm.ingestion_error["StorageConflictError"]: Refreshing state... [id=trade-analytics-ingestion-StorageConflictError]
aws_cloudwatch_metric_alarm.ingestion_error["ResponseTruncatedError"]: Refreshing state... [id=trade-analytics-ingestion-ResponseTruncatedError]
aws_cloudwatch_metric_alarm.ingestion_error["ComtradeResponseError"]: Refreshing state... [id=trade-analytics-ingestion-ComtradeResponseError]
aws_iam_role_policy_attachment.logs: Refreshing state... [id=trade-analytics-lambda-role/arn:aws:iam::aws:policy/service-role/AWSLambdaBasicExecutionRole]
aws_iam_role_policy.s3: Refreshing state... [id=trade-analytics-lambda-role:TradeAnalyticsS3Access]
aws_lambda_function.ingestion: Refreshing state... [id=trade-analytics-ingestion]
aws_cloudwatch_metric_alarm.lambda_errors: Refreshing state... [id=trade-analytics-ingestion-LambdaErrors]
aws_cloudwatch_metric_alarm.lambda_duration: Refreshing state... [id=trade-analytics-ingestion-LambdaDuration]

No changes. Your infrastructure matches the configuration.

Terraform has compared your real infrastructure against your configuration
and found no differences, so no changes are needed.
