17:55:09  Running with dbt=1.12.5
17:55:09  Registered adapter: bigquery=1.12.1
17:55:10  Found 10 models, 71 data tests, 2 seeds, 2 sources, 563 macros, 5 unit tests
17:55:10
17:55:10  Concurrency: 4 threads (target='day09')
17:55:10
17:55:14  1 of 88 START sql table model trade_analytics_day09_dev.dim_months ............. [RUN]
17:55:14  2 of 88 START sql view model trade_analytics_day09_dev.stg_un_comtrade__partner_trades  [RUN]
17:55:14  3 of 88 START sql view model trade_analytics_day09_dev.stg_un_comtrade__world_totals  [RUN]
17:55:14  4 of 88 START seed file trade_analytics_day09_dev.country_reference ............ [RUN]
17:55:15  3 of 88 OK created sql view model trade_analytics_day09_dev.stg_un_comtrade__world_totals  [CREATE VIEW (0 processed) in 1.06s]
17:55:15  5 of 88 START seed file trade_analytics_day09_dev.hs_code_reference ............ [RUN]
17:55:15  2 of 88 OK created sql view model trade_analytics_day09_dev.stg_un_comtrade__partner_trades  [CREATE VIEW (0 processed) in 1.13s]
17:55:15  6 of 88 START test assert_world_grain_unique ................................... [RUN]
17:55:16  1 of 88 OK created sql table model trade_analytics_day09_dev.dim_months ........ [CREATE TABLE (24.0 rows, 0 processed) in 2.16s]
17:55:16  7 of 88 START test assert_january_2023_exists .................................. [RUN]
17:55:16  6 of 88 PASS assert_world_grain_unique ......................................... [PASS in 1.53s]
17:55:16  8 of 88 START test assert_partner_grain_unique ................................. [RUN]
17:55:17  7 of 88 PASS assert_january_2023_exists ........................................ [PASS in 1.41s]
17:55:17  9 of 88 START test assert_staging_contract ..................................... [RUN]
17:55:17  4 of 88 OK loaded seed file trade_analytics_day09_dev.country_reference ........ [INSERT 69 in 3.73s]
17:55:17  10 of 88 START test assert_staging_matches_raw ................................. [RUN]
17:55:18  8 of 88 PASS assert_partner_grain_unique ....................................... [PASS in 1.29s]
17:55:18  11 of 88 START test assert_month_spine_complete ................................ [RUN]
17:55:18  5 of 88 OK loaded seed file trade_analytics_day09_dev.hs_code_reference ........ [INSERT 1 in 2.97s]
17:55:18  12 of 88 START test not_null_dim_months_month_start_date ....................... [RUN]
17:55:19  9 of 88 PASS assert_staging_contract ........................................... [PASS in 1.25s]
17:55:19  13 of 88 START test not_null_dim_months_period ................................. [RUN]
17:55:19  12 of 88 PASS not_null_dim_months_month_start_date ............................. [PASS in 0.98s]
17:55:19  14 of 88 START test unique_dim_months_month_start_date ......................... [RUN]
17:55:19  10 of 88 PASS assert_staging_matches_raw ....................................... [PASS in 1.39s]
17:55:19  15 of 88 START test unique_dim_months_period ................................... [RUN]
17:55:19  11 of 88 PASS assert_month_spine_complete ...................................... [PASS in 1.17s]
17:55:19  16 of 88 START test accepted_values_country_reference_classification_status__verified__needs_review  [RUN]
17:55:20  13 of 88 PASS not_null_dim_months_period ....................................... [PASS in 1.05s]
17:55:20  17 of 88 START test accepted_values_country_reference_partner_type__country__world__aggregate__special__unknown  [RUN]
17:55:20  14 of 88 PASS unique_dim_months_month_start_date ............................... [PASS in 0.98s]
17:55:20  18 of 88 START test accepted_values_country_reference_reconciliation_role__detail__overlap__world__unresolved  [RUN]
17:55:20  15 of 88 PASS unique_dim_months_period ......................................... [PASS in 0.90s]
17:55:20  19 of 88 START test not_null_country_reference_classification_note ............. [RUN]
17:55:20  16 of 88 PASS accepted_values_country_reference_classification_status__verified__needs_review  [PASS in 1.14s]
17:55:20  20 of 88 START test not_null_country_reference_classification_status ........... [RUN]
17:55:21  18 of 88 PASS accepted_values_country_reference_reconciliation_role__detail__overlap__world__unresolved  [PASS in 0.79s]
17:55:21  21 of 88 START test not_null_country_reference_partner_code .................... [RUN]
17:55:21  17 of 88 PASS accepted_values_country_reference_partner_type__country__world__aggregate__special__unknown  [PASS in 1.04s]
17:55:21  22 of 88 START test not_null_country_reference_partner_type .................... [RUN]
17:55:21  19 of 88 PASS not_null_country_reference_classification_note ................... [PASS in 0.96s]
17:55:21  23 of 88 START test not_null_country_reference_reconciliation_role ............. [RUN]
17:55:21  20 of 88 PASS not_null_country_reference_classification_status ................. [PASS in 0.98s]
17:55:21  24 of 88 START test not_null_country_reference_retrieved_at .................... [RUN]
17:55:21  23 of 88 PASS not_null_country_reference_reconciliation_role ................... [PASS in 0.69s]
17:55:21  25 of 88 START test not_null_country_reference_source_name ..................... [RUN]
17:55:21  21 of 88 PASS not_null_country_reference_partner_code .......................... [PASS in 0.95s]
17:55:21  26 of 88 START test not_null_country_reference_source_url ...................... [RUN]
17:55:22  22 of 88 PASS not_null_country_reference_partner_type .......................... [PASS in 0.93s]
17:55:22  27 of 88 START test unique_country_reference_partner_code ...................... [RUN]
17:55:22  24 of 88 PASS not_null_country_reference_retrieved_at .......................... [PASS in 0.90s]
17:55:22  28 of 88 START test compound_unique_hs_code_reference_hs_version__cmd_code ..... [RUN]
17:55:22  25 of 88 PASS not_null_country_reference_source_name ........................... [PASS in 0.74s]
17:55:22  29 of 88 START test not_null_hs_code_reference_cmd_code ........................ [RUN]
17:55:22  26 of 88 PASS not_null_country_reference_source_url ............................ [PASS in 0.76s]
17:55:22  30 of 88 START test not_null_hs_code_reference_code_level ...................... [RUN]
17:55:22  27 of 88 PASS unique_country_reference_partner_code ............................ [PASS in 0.91s]
17:55:22  31 of 88 START test not_null_hs_code_reference_hs_description .................. [RUN]
17:55:23  28 of 88 PASS compound_unique_hs_code_reference_hs_version__cmd_code ........... [PASS in 0.76s]
17:55:23  32 of 88 START test not_null_hs_code_reference_hs_version ...................... [RUN]
17:55:23  29 of 88 PASS not_null_hs_code_reference_cmd_code .............................. [PASS in 0.71s]
17:55:23  33 of 88 START test not_null_hs_code_reference_parent_code ..................... [RUN]
17:55:23  30 of 88 PASS not_null_hs_code_reference_code_level ............................ [PASS in 0.83s]
17:55:23  34 of 88 START test not_null_hs_code_reference_retrieved_at .................... [RUN]
17:55:23  32 of 88 PASS not_null_hs_code_reference_hs_version ............................ [PASS in 0.73s]
17:55:23  35 of 88 START test not_null_hs_code_reference_source_url ...................... [RUN]
17:55:23  31 of 88 PASS not_null_hs_code_reference_hs_description ........................ [PASS in 0.98s]
17:55:23  36 of 88 START sql table model trade_analytics_day09_dev.dim_countries ......... [RUN]
17:55:24  33 of 88 PASS not_null_hs_code_reference_parent_code ........................... [PASS in 0.91s]
17:55:24  34 of 88 PASS not_null_hs_code_reference_retrieved_at .......................... [PASS in 0.70s]
17:55:24  35 of 88 PASS not_null_hs_code_reference_source_url ............................ [PASS in 0.88s]
17:55:24  37 of 88 START sql table model trade_analytics_day09_dev.dim_hs_codes .......... [RUN]
17:55:25  36 of 88 OK created sql table model trade_analytics_day09_dev.dim_countries .... [CREATE TABLE (69.0 rows, 36.3 KiB processed) in 1.84s]
17:55:25  38 of 88 START test accepted_values_dim_countries_classification_status__verified__needs_review  [RUN]
17:55:25  39 of 88 START test accepted_values_dim_countries_partner_type__country__world__aggregate__special__unknown  [RUN]
17:55:25  40 of 88 START test accepted_values_dim_countries_reconciliation_role__detail__overlap__world__unresolved  [RUN]
17:55:26  40 of 88 PASS accepted_values_dim_countries_reconciliation_role__detail__overlap__world__unresolved  [PASS in 0.81s]
17:55:26  41 of 88 START test assert_special_partner_contract ............................ [RUN]
17:55:26  39 of 88 PASS accepted_values_dim_countries_partner_type__country__world__aggregate__special__unknown  [PASS in 0.85s]
17:55:26  37 of 88 OK created sql table model trade_analytics_day09_dev.dim_hs_codes ..... [CREATE TABLE (1.0 rows, 154.0 Bytes processed) in 1.92s]
17:55:26  42 of 88 START test not_null_dim_countries_classification_status ............... [RUN]
17:55:26  43 of 88 START test not_null_dim_countries_partner_code ........................ [RUN]
17:55:26  38 of 88 PASS accepted_values_dim_countries_classification_status__verified__needs_review  [PASS in 1.10s]
17:55:26  44 of 88 START test not_null_dim_countries_partner_type ........................ [RUN]
17:55:27  41 of 88 PASS assert_special_partner_contract .................................. [PASS in 0.88s]
17:55:27  45 of 88 START test not_null_dim_countries_reconciliation_role ................. [RUN]
17:55:27  42 of 88 PASS not_null_dim_countries_classification_status ..................... [PASS in 0.89s]
17:55:27  46 of 88 START test unique_dim_countries_partner_code .......................... [RUN]
17:55:27  43 of 88 PASS not_null_dim_countries_partner_code .............................. [PASS in 0.94s]
17:55:27  47 of 88 START test assert_hs_reference_contract ............................... [RUN]
17:55:27  44 of 88 PASS not_null_dim_countries_partner_type .............................. [PASS in 0.87s]
17:55:27  48 of 88 START test compound_unique_dim_hs_codes_hs_version__cmd_code .......... [RUN]
17:55:28  46 of 88 PASS unique_dim_countries_partner_code ................................ [PASS in 0.76s]
17:55:28  49 of 88 START test not_null_dim_hs_codes_cmd_code ............................. [RUN]
17:55:28  45 of 88 PASS not_null_dim_countries_reconciliation_role ....................... [PASS in 0.88s]
17:55:28  50 of 88 START test not_null_dim_hs_codes_code_level ........................... [RUN]
17:55:28  47 of 88 PASS assert_hs_reference_contract ..................................... [PASS in 0.92s]
17:55:28  51 of 88 START test not_null_dim_hs_codes_hs_version ........................... [RUN]
17:55:28  48 of 88 PASS compound_unique_dim_hs_codes_hs_version__cmd_code ................ [PASS in 0.97s]
17:55:28  52 of 88 START sql table model trade_analytics_day09_dev.audit_partner_mapping_issues  [RUN]
17:55:28  49 of 88 PASS not_null_dim_hs_codes_cmd_code ................................... [PASS in 0.66s]
17:55:29  50 of 88 PASS not_null_dim_hs_codes_code_level ................................. [PASS in 0.65s]
17:55:29  51 of 88 PASS not_null_dim_hs_codes_hs_version ................................. [PASS in 0.71s]
17:55:29  53 of 88 START sql table model trade_analytics_day09_dev.fct_monthly_semiconductor_imports  [RUN]
17:55:30  52 of 88 OK created sql table model trade_analytics_day09_dev.audit_partner_mapping_issues  [CREATE TABLE (2.0 rows, 29.6 KiB processed) in 1.80s]
17:55:30  54 of 88 START test assert_missing_country_audited ............................. [RUN]
17:55:30  55 of 88 START test not_null_audit_partner_mapping_issues_issue_type ........... [RUN]
17:55:30  56 of 88 START test not_null_audit_partner_mapping_issues_observed_at .......... [RUN]
17:55:31  53 of 88 OK created sql table model trade_analytics_day09_dev.fct_monthly_semiconductor_imports  [CREATE TABLE (67.0 rows, 26.6 KiB processed) in 1.84s]
17:55:31  57 of 88 START test not_null_audit_partner_mapping_issues_partner_code ......... [RUN]
17:55:31  55 of 88 PASS not_null_audit_partner_mapping_issues_issue_type ................. [PASS in 0.83s]
17:55:31  58 of 88 START test accepted_values_fct_monthly_semiconductor_imports_classification_status__verified__needs_review  [RUN]
17:55:31  56 of 88 PASS not_null_audit_partner_mapping_issues_observed_at ................ [PASS in 0.90s]
17:55:31  59 of 88 START test accepted_values_fct_monthly_semiconductor_imports_partner_type__country__world__aggregate__special__unknown  [RUN]
17:55:31  54 of 88 PASS assert_missing_country_audited ................................... [PASS in 1.12s]
17:55:31  60 of 88 START test accepted_values_fct_monthly_semiconductor_imports_reconciliation_role__detail__overlap__world__unresolved  [RUN]
17:55:31  57 of 88 PASS not_null_audit_partner_mapping_issues_partner_code ............... [PASS in 0.61s]
17:55:31  61 of 88 START test assert_fact_contract ....................................... [RUN]
17:55:32  59 of 88 PASS accepted_values_fct_monthly_semiconductor_imports_partner_type__country__world__aggregate__special__unknown  [PASS in 0.63s]
17:55:32  62 of 88 START test assert_fact_preserves_staging .............................. [RUN]
17:55:32  58 of 88 PASS accepted_values_fct_monthly_semiconductor_imports_classification_status__verified__needs_review  [PASS in 0.71s]
17:55:32  63 of 88 START test compound_unique_fct_monthly_semiconductor_imports_period_start_date__partner_code__cmd_code__hs_version  [RUN]
17:55:32  61 of 88 PASS assert_fact_contract ............................................. [PASS in 0.73s]
17:55:32  64 of 88 START test not_null_fct_monthly_semiconductor_imports_cmd_code ........ [RUN]
17:55:32  60 of 88 PASS accepted_values_fct_monthly_semiconductor_imports_reconciliation_role__detail__overlap__world__unresolved  [PASS in 0.92s]
17:55:32  65 of 88 START test not_null_fct_monthly_semiconductor_imports_country_mapping_found  [RUN]
17:55:32  63 of 88 PASS compound_unique_fct_monthly_semiconductor_imports_period_start_date__partner_code__cmd_code__hs_version  [PASS in 0.86s]
17:55:32  66 of 88 START test not_null_fct_monthly_semiconductor_imports_hs_mapping_found  [RUN]
17:55:33  64 of 88 PASS not_null_fct_monthly_semiconductor_imports_cmd_code .............. [PASS in 0.70s]
17:55:33  67 of 88 START test not_null_fct_monthly_semiconductor_imports_hs_version ...... [RUN]
17:55:33  65 of 88 PASS not_null_fct_monthly_semiconductor_imports_country_mapping_found . [PASS in 0.65s]
17:55:33  68 of 88 START test not_null_fct_monthly_semiconductor_imports_month_mapping_found  [RUN]
17:55:33  62 of 88 PASS assert_fact_preserves_staging .................................... [PASS in 1.18s]
17:55:33  69 of 88 START test not_null_fct_monthly_semiconductor_imports_partner_code .... [RUN]
17:55:33  66 of 88 PASS not_null_fct_monthly_semiconductor_imports_hs_mapping_found ...... [PASS in 0.62s]
17:55:33  70 of 88 START test not_null_fct_monthly_semiconductor_imports_period_start_date  [RUN]
17:55:33  69 of 88 PASS not_null_fct_monthly_semiconductor_imports_partner_code .......... [PASS in 0.65s]
17:55:34  67 of 88 PASS not_null_fct_monthly_semiconductor_imports_hs_version ............ [PASS in 0.88s]
17:55:34  68 of 88 PASS not_null_fct_monthly_semiconductor_imports_month_mapping_found ... [PASS in 0.84s]
17:55:34  70 of 88 PASS not_null_fct_monthly_semiconductor_imports_period_start_date ..... [PASS in 0.73s]
17:55:34  71 of 88 START unit_test int_partner_market_share::day09_partner_and_version_isolation  [RUN]
17:55:37  71 of 88 PASS int_partner_market_share::day09_partner_and_version_isolation .... [PASS in 3.52s]
17:55:37  72 of 88 START unit_test int_partner_market_share::day09_invalid_denominators_and_zero_current  [RUN]
17:55:41  72 of 88 PASS int_partner_market_share::day09_invalid_denominators_and_zero_current  [PASS in 3.50s]
17:55:41  73 of 88 START unit_test int_partner_market_share::day09_calendar_growth_and_weights  [RUN]
17:55:44  73 of 88 PASS int_partner_market_share::day09_calendar_growth_and_weights ...... [PASS in 3.29s]
17:55:44  74 of 88 START sql view model trade_analytics_day09_dev.int_partner_market_share  [RUN]
17:55:45  74 of 88 OK created sql view model trade_analytics_day09_dev.int_partner_market_share  [CREATE VIEW (0 processed) in 1.04s]
17:55:45  75 of 88 START test accepted_values_int_partner_market_share_market_share_status__ok__missing_world__invalid_world__missing_value  [RUN]
17:55:45  76 of 88 START test compound_unique_int_partner_market_share_period_start_date__partner_code__cmd_code__hs_version  [RUN]
17:55:45  77 of 88 START test not_null_int_partner_market_share_market_share_status ...... [RUN]
17:55:46  77 of 88 PASS not_null_int_partner_market_share_market_share_status ............ [PASS in 0.97s]
17:55:46  75 of 88 PASS accepted_values_int_partner_market_share_market_share_status__ok__missing_world__invalid_world__missing_value  [PASS in 1.03s]
17:55:46  76 of 88 PASS compound_unique_int_partner_market_share_period_start_date__partner_code__cmd_code__hs_version  [PASS in 1.17s]
17:55:46  78 of 88 START unit_test int_market_concentration_hhi::day09_hhi_hand_calculations_and_coverage  [RUN]
17:55:50  78 of 88 PASS int_market_concentration_hhi::day09_hhi_hand_calculations_and_coverage  [PASS in 3.20s]
17:55:50  79 of 88 START unit_test int_market_concentration_hhi::day09_hhi_unreviewed_country  [RUN]
17:55:53  79 of 88 PASS int_market_concentration_hhi::day09_hhi_unreviewed_country ....... [PASS in 3.18s]
17:55:53  80 of 88 START sql view model trade_analytics_day09_dev.int_market_concentration_hhi  [RUN]
17:55:54  80 of 88 OK created sql view model trade_analytics_day09_dev.int_market_concentration_hhi  [CREATE VIEW (0 processed) in 1.24s]
17:55:54  81 of 88 START test accepted_values_int_market_concentration_hhi_hhi_status__ok__missing_world__invalid_world__no_countries__missing_country_value__negative_country_value__unreviewed_country__insufficient_coverage  [RUN]
17:55:54  82 of 88 START test compound_unique_int_market_concentration_hhi_period_start_date__cmd_code__hs_version  [RUN]
17:55:54  83 of 88 START test not_null_int_market_concentration_hhi_hhi_status ........... [RUN]
17:55:55  82 of 88 PASS compound_unique_int_market_concentration_hhi_period_start_date__cmd_code__hs_version  [PASS in 1.02s]
17:55:55  81 of 88 PASS accepted_values_int_market_concentration_hhi_hhi_status__ok__missing_world__invalid_world__no_countries__missing_country_value__negative_country_value__unreviewed_country__insufficient_coverage  [PASS in 1.19s]
17:55:55  83 of 88 PASS not_null_int_market_concentration_hhi_hhi_status ................. [PASS in 1.24s]
17:55:55  84 of 88 START sql table model trade_analytics_day09_dev.mart_us_semiconductor_supply_chain_candidate  [RUN]
17:55:57  84 of 88 OK created sql table model trade_analytics_day09_dev.mart_us_semiconductor_supply_chain_candidate  [CREATE TABLE (67.0 rows, 28.8 KiB processed) in 2.09s]
17:55:57  85 of 88 START test assert_day09_candidate_preserves_fact ...................... [RUN]
17:55:57  86 of 88 START test assert_day09_metric_contract ............................... [RUN]
17:55:57  87 of 88 START test compound_unique_mart_us_semiconductor_supply_chain_candidate_period_start_date__partner_code__cmd_code__hs_version  [RUN]
17:55:57  88 of 88 START test not_null_mart_us_semiconductor_supply_chain_candidate_hhi_status  [RUN]
17:55:58  88 of 88 PASS not_null_mart_us_semiconductor_supply_chain_candidate_hhi_status . [PASS in 0.70s]
17:55:58  85 of 88 PASS assert_day09_candidate_preserves_fact ............................ [PASS in 0.71s]
17:55:58  87 of 88 PASS compound_unique_mart_us_semiconductor_supply_chain_candidate_period_start_date__partner_code__cmd_code__hs_version  [PASS in 0.73s]
17:55:58  86 of 88 PASS assert_day09_metric_contract ..................................... [PASS in 0.78s]
17:55:58
17:55:58  Finished running 2 seeds, 6 table models, 71 data tests, 5 unit tests, 4 view models in 0 hours 0 minutes and 48.33 seconds (48.33s).
17:55:58
17:55:58  Completed successfully
17:55:58
17:55:58  Done. PASS=88 WARN=0 ERROR=0 SKIP=0 NO-OP=0 REUSED=0 TOTAL=88
